Microchip MPLAB XC8 Compiler V2.46

Linker command line:

-W-3 \
  --edf=C:\Program Files\Microchip\xc8\v2.46\pic\dat\20240104201356_en.msgs \
  -cn -h+dist/default/debug\Test_Curiosity.X.debug.sym \
  --cmf=dist/default/debug\Test_Curiosity.X.debug.cmf -z -Q16F1619 \
  -oC:\Users\baptc\AppData\Local\Temp\xcAs940.\driver_tmp_3.o \
  --defsym=__MPLAB_BUILD=1 --fixupoverflow=error \
  -Mdist/default/debug/Test_Curiosity.X.debug.map \
  --md=C:\Users\baptc\AppData\Local\Temp\xcAs940.\driver_tmp_0.dat -E1 \
  -ver=XC8 Compiler --acfsm=1493 -ACODE=00h-07FFhx4 -ASTRCODE=00h-01FFFh \
  -ASTRING=00h-0FFhx32 -ACONST=00h-0FFhx32 -AENTRY=00h-0FFhx32 \
  -ACOMMON=070h-07Fh -ABANK0=020h-06Fh -ABANK1=0A0h-0EFh \
  -ABANK2=0120h-016Fh -ABANK3=01A0h-01EFh -ABANK4=0220h-026Fh \
  -ABANK5=02A0h-02EFh -ABANK6=0320h-036Fh -ABANK7=03A0h-03EFh \
  -ABANK8=0420h-046Fh -ABANK9=04A0h-04EFh -ABANK10=0520h-056Fh \
  -ABANK11=05A0h-05EFh -ABANK12=0620h-064Fh -ABIGRAM=02000h-023EFh \
  -ARAM=020h-06Fh,0A0h-0EFh,0120h-016Fh,01A0h-01EFh,0220h-026Fh,02A0h-02EFh,0320h-036Fh,03A0h-03EFh,0420h-046Fh,04A0h-04EFh,0520h-056Fh,05A0h-05EFh,0620h-064Fh \
  -AABS1=020h-07Fh,0A0h-0EFh,0120h-016Fh,01A0h-01EFh,0220h-026Fh,02A0h-02EFh,0320h-036Fh,03A0h-03EFh,0420h-046Fh,04A0h-04EFh,0520h-056Fh,05A0h-05EFh,0620h-064Fh \
  -ASFR0=00h-01Fh -ASFR1=080h-09Fh -ASFR2=0100h-011Fh -ASFR3=0180h-019Fh \
  -ASFR4=0200h-021Fh -ASFR5=0280h-029Fh -ASFR6=0300h-031Fh \
  -ASFR7=0380h-039Fh -ASFR8=0400h-041Fh -ASFR9=0480h-049Fh \
  -ASFR10=0500h-051Fh -ASFR11=0580h-059Fh -ASFR12=0600h-061Fh \
  -ASFR13=0680h-06EFh -ASFR14=0700h-076Fh -ASFR15=0780h-07EFh \
  -ASFR16=0800h-086Fh -ASFR17=0880h-08EFh -ASFR18=0900h-096Fh \
  -ASFR19=0980h-09EFh -ASFR20=0A00h-0A6Fh -ASFR21=0A80h-0AEFh \
  -ASFR22=0B00h-0B6Fh -ASFR23=0B80h-0BEFh -ASFR24=0C00h-0C6Fh \
  -ASFR25=0C80h-0CEFh -ASFR26=0D00h-0D6Fh -ASFR27=0D80h-0DEFh \
  -ASFR28=0E00h-0E6Fh -ASFR29=0E80h-0EEFh -ASFR30=0F00h-0F6Fh \
  -ASFR31=0F80h-0FEFh -ACONFIG=08007h-08009h -DCONFIG=2 \
  -AIDLOC=08000h-08003h -DIDLOC=2 -DCODE=2 -DSTRCODE=2 -DSTRING=2 -DCONST=2 \
  -DENTRY=2 -preset_vec=00h,intentry=04h,sivt,init,end_init -ppowerup=CODE \
  -pcinit=CODE -pfunctab=ENTRY -k \
  C:\Users\baptc\AppData\Local\Temp\xcAs940.\driver_tmp_17.o \
  dist/default/debug\Test_Curiosity.X.debug.o 

Object code version is 3.11

Machine type is 16F1619



                Name                               Link     Load   Length Selector   Space Scale
C:\Users\baptc\AppData\Local\Temp\xcAs940.\driver_tmp_17.o
                end_init                             41       41        2        8       0
                reset_vec                             0        0        3        0       0
                config                             8007     8007        3        0       4
dist/default/debug\Test_Curiosity.X.debug.o
                cinit                                43       43       40        8       0
                intentry                              4        4       3D        8       0
                config                             8007     8007        3        0       4
                text106                            1CD6     1CD6        1     39AC       0
                text105                            1CF7     1CF7        4     39EE       0
                text104                            1DC1     1DC1        C     3B82       0
                text103                            1D29     1D29        6     3A52       0
                text102                            1D2F     1D2F        6     3A5E       0
                text101                            1E1B     1E1B       10     3C36       0
                text100                            1E2B     1E2B       13     3C56       0
                text99                             1D6E     1D6E        8     3ADC       0
                text98                             1E66     1E66       15     3CCC       0
                text97                             1E7B     1E7B       15     3CF6       0
                text96                             1D86     1D86        9     3B0C       0
                text95                             10BA     10BA       26     2174       0
                text94                             1ECF     1ECF       16     3D9E       0
                text93                             1F64     1F64       1D     3EC8       0
                text92                              857      857      1AA     10AE       0
                text91                             124D     124D       4E     249A       0
                text90                             153A     153A       8B     2A74       0
                text89                             102A     102A       23     2054       0
                text88                              DC5      DC5      23B     1B8A       0
                text87                             1DAB     1DAB        B     3B56       0
                text86                              BB9      BB9      20C     1772       0
                text85                             1FA0     1FA0       20     3F40       0
                text84                             1352     1352       70     26A4       0
                text83                             143A     143A       7F     2874       0
                text82                              6A9      6A9       EB        8       0
                text81                             1E90     1E90       15     3D20       0
                text80                             10E0     10E0       27     21C0       0
                text79                             1CD7     1CD7        1     39AE       0
                text78                              800      800       57     1000       0
                text77                             1070     1070       25     20E0       0
                text76                             1163     1163       30     22C6       0
                text75                             1F2E     1F2E       1B     3E5C       0
                text74                               83       83      626        8       0
                text73                             1F81     1F81       1F     3F02       0
                text72                             12F1     12F1       61     25E2       0
                text71                             14B9     14B9       81     2972       0
                text70                             1670     1670      190     2CE0       0
                text69                             1FC0     1FC0       20     3F80       0
                text68                             1FE0     1FE0       20     3FC0       0
                text67                              794      794       61        8       0
                text66                             13C2     13C2       78     2784       0
                text65                             1CD8     1CD8        1     39B0       0
                text64                             1CFB     1CFB        4     39F6       0
                text63                             1CDC     1CDC        3     39B8       0
                text62                             1CDF     1CDF        3     39BE       0
                text61                             1CFF     1CFF        4     39FE       0
                text60                             1EA5     1EA5       15     3D4A       0
                text59                             1CE2     1CE2        3     39C4       0
                text58                             1D03     1D03        4     3A06       0
                text57                             1CE5     1CE5        3     39CA       0
                text56                             1D07     1D07        4     3A0E       0
                text55                             1D0B     1D0B        4     3A16       0
                text54                             1CE8     1CE8        3     39D0       0
                text53                             1CEB     1CEB        3     39D6       0
                text52                             1D1F     1D1F        5     3A3E       0
                text51                             1CEE     1CEE        3     39DC       0
                text50                             1134     1134       2F     2268       0
                text49                             1D0F     1D0F        4     3A1E       0
                text48                             1D76     1D76        8     3AEC       0
                text47                             1D59     1D59        7     3AB2       0
                text46                             11C9     11C9       41     2392       0
                text45                             1D35     1D35        6     3A6A       0
                text44                             1D3B     1D3B        6     3A76       0
                text43                             1D7E     1D7E        8     3AFC       0
                text42                             1D60     1D60        7     3AC0       0
                text41                             104D     104D       23     209A       0
                text40                             1D13     1D13        4     3A26       0
                text39                             1D67     1D67        7     3ACE       0
                text38                             1D24     1D24        5     3A48       0
                text37                             1D41     1D41        6     3A82       0
                text36                             120A     120A       43     2414       0
                text35                             1D17     1D17        4     3A2E       0
                text34                             1F14     1F14       1A     3E28       0
                text33                             1CF1     1CF1        3     39E2       0
                text32                             1CF4     1CF4        3     39E8       0
                text31                             15C5     15C5       AB     2B8A       0
                text30                              A01      A01      1B8     1402       0
                text29                             1D1B     1D1B        4     3A36       0
                text28                             1CD9     1CD9        1     39B2       0
                text27                             1CDA     1CDA        1     39B4       0
                text26                             1CDB     1CDB        1     39B6       0
                text25                             1008     1008       22     2010       0
                text23                             1EFB     1EFB       19     3DF6       0
                text22                             1DB6     1DB6        B     3B6C       0
                text21                             1DA1     1DA1        A     3B42       0
                text20                              7F5      7F5        B        8       0
                text19                             1000     1000        8     1B8A       0
                text18                             1DFD     1DFD        F     3BFA       0
                text17                             1E0C     1E0C        F     3C18       0
                text16                             1DCD     1DCD        C     3B9A       0
                text15                             1107     1107       2D     220E       0
                text14                             1DD9     1DD9        C     3BB2       0
                text13                             1E3E     1E3E       14     3C7C       0
                text12                             1D8F     1D8F        9     3B1E       0
                text11                             1DE5     1DE5        C     3BCA       0
                text10                             129B     129B       56     2536       0
                text9                              1D47     1D47        6     3A8E       0
                text8                              1F49     1F49       1B     3E92       0
                text7                              1D4D     1D4D        6     3A9A       0
                text6                              1E52     1E52       14     3CA4       0
                text5                              1D53     1D53        6     3AA6       0
                text4                              1EBA     1EBA       15     3D74       0
                text3                              1D98     1D98        9     3B30       0
                text2                              1EE5     1EE5       16     3DCA       0
                text1                              1095     1095       25     212A       0
                maintext                           1193     1193       36     2326       0
                cstackBANK0                          20       20       50       20       1
                cstackCOMMON                         70       70        E       70       1
                cstackBANK1                          A0       A0       50       A0       1
                cstackBANK2                         120      120       27      120       1
                cstackBANK3                         1BE      1BE        4      1A0       1
                clrtext                            1DF1     1DF1        C     3BE2       0
                bssBANK5                            2A0      2A0       40      2A0       1
                bssBANK4                            220      220       50      220       1
                bssBANK3                            1A0      1A0       1E      1A0       1
                dataBANK2                           16C      16C        1      120       1
                bssBANK2                            147      147       25      120       1
                stringtext15                       18E4     18E4        4     3000       0
                stringtext14                       18E0     18E0        4     3000       0
                stringtext13                       18D7     18D7        9     3000       0
                stringtext12                       18CE     18CE        9     3000       0
                stringtext11                       189D     189D        D     3000       0
                stringtext10                       188F     188F        E     3000       0
                stringtext9                        1881     1881        E     3000       0
                stringtext8                        1872     1872        F     3000       0
                stringtext7                        1830     1830       1C     3000       0
                stringtext6                        18C2     18C2        C     3000       0
                stringtext5                        18B6     18B6        C     3000       0
                stringtext4                        18AA     18AA        C     3000       0
                stringtext3                        1860     1860       12     3000       0
                stringtext2                        184C     184C       14     3000       0
                stringtext1                        1800     1800       30     3000       0
                idataBANK2                            3        3        1        0       0

TOTAL           Name                               Link     Load   Length     Space
        CLASS   CODE           
                end_init                             41       41        2         0
                cinit                                43       43       40         0
                intentry                              4        4       3D         0
                reset_vec                             0        0        3         0
                text106                            1CD6     1CD6        1         0
                text105                            1CF7     1CF7        4         0
                text104                            1DC1     1DC1        C         0
                text103                            1D29     1D29        6         0
                text102                            1D2F     1D2F        6         0
                text101                            1E1B     1E1B       10         0
                text100                            1E2B     1E2B       13         0
                text99                             1D6E     1D6E        8         0
                text98                             1E66     1E66       15         0
                text97                             1E7B     1E7B       15         0
                text96                             1D86     1D86        9         0
                text95                             10BA     10BA       26         0
                text94                             1ECF     1ECF       16         0
                text93                             1F64     1F64       1D         0
                text92                              857      857      1AA         0
                text91                             124D     124D       4E         0
                text90                             153A     153A       8B         0
                text89                             102A     102A       23         0
                text88                              DC5      DC5      23B         0
                text87                             1DAB     1DAB        B         0
                text86                              BB9      BB9      20C         0
                text85                             1FA0     1FA0       20         0
                text84                             1352     1352       70         0
                text83                             143A     143A       7F         0
                text82                              6A9      6A9       EB         0
                text81                             1E90     1E90       15         0
                text80                             10E0     10E0       27         0
                text79                             1CD7     1CD7        1         0
                text78                              800      800       57         0
                text77                             1070     1070       25         0
                text76                             1163     1163       30         0
                text75                             1F2E     1F2E       1B         0
                text74                               83       83      626         0
                text73                             1F81     1F81       1F         0
                text72                             12F1     12F1       61         0
                text71                             14B9     14B9       81         0
                text70                             1670     1670      190         0
                text69                             1FC0     1FC0       20         0
                text68                             1FE0     1FE0       20         0
                text67                              794      794       61         0
                text66                             13C2     13C2       78         0
                text65                             1CD8     1CD8        1         0
                text64                             1CFB     1CFB        4         0
                text63                             1CDC     1CDC        3         0
                text62                             1CDF     1CDF        3         0
                text61                             1CFF     1CFF        4         0
                text60                             1EA5     1EA5       15         0
                text59                             1CE2     1CE2        3         0
                text58                             1D03     1D03        4         0
                text57                             1CE5     1CE5        3         0
                text56                             1D07     1D07        4         0
                text55                             1D0B     1D0B        4         0
                text54                             1CE8     1CE8        3         0
                text53                             1CEB     1CEB        3         0
                text52                             1D1F     1D1F        5         0
                text51                             1CEE     1CEE        3         0
                text50                             1134     1134       2F         0
                text49                             1D0F     1D0F        4         0
                text48                             1D76     1D76        8         0
                text47                             1D59     1D59        7         0
                text46                             11C9     11C9       41         0
                text45                             1D35     1D35        6         0
                text44                             1D3B     1D3B        6         0
                text43                             1D7E     1D7E        8         0
                text42                             1D60     1D60        7         0
                text41                             104D     104D       23         0
                text40                             1D13     1D13        4         0
                text39                             1D67     1D67        7         0
                text38                             1D24     1D24        5         0
                text37                             1D41     1D41        6         0
                text36                             120A     120A       43         0
                text35                             1D17     1D17        4         0
                text34                             1F14     1F14       1A         0
                text33                             1CF1     1CF1        3         0
                text32                             1CF4     1CF4        3         0
                text31                             15C5     15C5       AB         0
                text30                              A01      A01      1B8         0
                text29                             1D1B     1D1B        4         0
                text28                             1CD9     1CD9        1         0
                text27                             1CDA     1CDA        1         0
                text26                             1CDB     1CDB        1         0
                text25                             1008     1008       22         0
                text23                             1EFB     1EFB       19         0
                text22                             1DB6     1DB6        B         0
                text21                             1DA1     1DA1        A         0
                text20                              7F5      7F5        B         0
                text19                             1000     1000        8         0
                text18                             1DFD     1DFD        F         0
                text17                             1E0C     1E0C        F         0
                text16                             1DCD     1DCD        C         0
                text15                             1107     1107       2D         0
                text14                             1DD9     1DD9        C         0
                text13                             1E3E     1E3E       14         0
                text12                             1D8F     1D8F        9         0
                text11                             1DE5     1DE5        C         0
                text10                             129B     129B       56         0
                text9                              1D47     1D47        6         0
                text8                              1F49     1F49       1B         0
                text7                              1D4D     1D4D        6         0
                text6                              1E52     1E52       14         0
                text5                              1D53     1D53        6         0
                text4                              1EBA     1EBA       15         0
                text3                              1D98     1D98        9         0
                text2                              1EE5     1EE5       16         0
                text1                              1095     1095       25         0
                maintext                           1193     1193       36         0
                clrtext                            1DF1     1DF1        C         0
                idataBANK2                            3        3        1         0

        CLASS   STRCODE        
                stringtext15                       18E4     18E4        4         0
                stringtext14                       18E0     18E0        4         0
                stringtext13                       18D7     18D7        9         0
                stringtext12                       18CE     18CE        9         0
                stringtext11                       189D     189D        D         0
                stringtext10                       188F     188F        E         0
                stringtext9                        1881     1881        E         0
                stringtext8                        1872     1872        F         0
                stringtext7                        1830     1830       1C         0
                stringtext6                        18C2     18C2        C         0
                stringtext5                        18B6     18B6        C         0
                stringtext4                        18AA     18AA        C         0
                stringtext3                        1860     1860       12         0
                stringtext2                        184C     184C       14         0
                stringtext1                        1800     1800       30         0

        CLASS   STRING         

        CLASS   CONST          

        CLASS   ENTRY          

        CLASS   COMMON         
                cstackCOMMON                         70       70        E         1

        CLASS   BANK0          
                cstackBANK0                          20       20       50         1

        CLASS   BANK1          
                cstackBANK1                          A0       A0       50         1

        CLASS   BANK2          
                cstackBANK2                         120      120       27         1
                dataBANK2                           16C      16C        1         1
                bssBANK2                            147      147       25         1

        CLASS   BANK3          
                cstackBANK3                         1BE      1BE        4         1
                bssBANK3                            1A0      1A0       1E         1

        CLASS   BANK4          
                bssBANK4                            220      220       50         1

        CLASS   BANK5          
                bssBANK5                            2A0      2A0       40         1

        CLASS   BANK6          

        CLASS   BANK7          

        CLASS   BANK8          

        CLASS   BANK9          

        CLASS   BANK10         

        CLASS   BANK11         

        CLASS   BANK12         

        CLASS   BIGRAM         

        CLASS   RAM            

        CLASS   ABS1           
                abs_s1                               7E       7E        2         1
                abs_s1                              5A0      5A0       50         1
                abs_s1                              620      620       30         1
                abs_s1                             2370     2370        0         1

        CLASS   SFR0           

        CLASS   SFR1           

        CLASS   SFR2           

        CLASS   SFR3           

        CLASS   SFR4           

        CLASS   SFR5           

        CLASS   SFR6           

        CLASS   SFR7           

        CLASS   SFR8           

        CLASS   SFR9           

        CLASS   SFR10          

        CLASS   SFR11          

        CLASS   SFR12          

        CLASS   SFR13          

        CLASS   SFR14          

        CLASS   SFR15          

        CLASS   SFR16          

        CLASS   SFR17          

        CLASS   SFR18          

        CLASS   SFR19          

        CLASS   SFR20          

        CLASS   SFR21          

        CLASS   SFR22          

        CLASS   SFR23          

        CLASS   SFR24          

        CLASS   SFR25          

        CLASS   SFR26          

        CLASS   SFR27          

        CLASS   SFR28          

        CLASS   SFR29          

        CLASS   SFR30          

        CLASS   SFR31          

        CLASS   CONFIG         
                config                             8007     8007        3         4

        CLASS   IDLOC          

        CLASS   BANK31         

        CLASS   BANK30         

        CLASS   BANK29         

        CLASS   BANK28         

        CLASS   BANK27         

        CLASS   BANK26         

        CLASS   BANK25         

        CLASS   BANK24         

        CLASS   BANK23         

        CLASS   BANK22         

        CLASS   BANK21         

        CLASS   BANK20         

        CLASS   BANK19         

        CLASS   BANK18         

        CLASS   BANK17         

        CLASS   BANK16         

        CLASS   BANK15         

        CLASS   BANK14         

        CLASS   BANK13         

        CLASS   HEAP           

        CLASS   STACK          

        CLASS   EEDATA         



SEGMENTS        Name                           Load    Length   Top    Selector   Space  Class     Delta

                reset_vec                      000000  000004  000004         0       0  CODE        2
                intentry                       000004  0007FC  000800         8       0  CODE        2
                cstackBANK0                    000020  000050  000070        20       1  BANK0       1
                cstackCOMMON                   000070  00000E  00007E        70       1  COMMON      1
                cstackBANK1                    0000A0  000050  0000F0        A0       1  BANK1       1
                cstackBANK2                    000120  00004D  00016D       120       1  BANK2       1
                bssBANK3                       0001A0  000022  0001C2       1A0       1  BANK3       1
                bssBANK4                       000220  000050  000270       220       1  BANK4       1
                bssBANK5                       0002A0  000040  0002E0       2A0       1  BANK5       1
                text78                         000800  000057  000857      1000       0  CODE        2
                text92                         000857  0001AA  000A01      10AE       0  CODE        2
                text30                         000A01  0001B8  000BB9      1402       0  CODE        2
                text86                         000BB9  00020C  000DC5      1772       0  CODE        2
                text88                         000DC5  000243  001008      1B8A       0  CODE        2
                text25                         001008  000022  00102A      2010       0  CODE        2
                text89                         00102A  000023  00104D      2054       0  CODE        2
                text41                         00104D  000023  001070      209A       0  CODE        2
                text77                         001070  000025  001095      20E0       0  CODE        2
                text1                          001095  000025  0010BA      212A       0  CODE        2
                text95                         0010BA  000026  0010E0      2174       0  CODE        2
                text80                         0010E0  000027  001107      21C0       0  CODE        2
                text15                         001107  00002D  001134      220E       0  CODE        2
                text50                         001134  00002F  001163      2268       0  CODE        2
                text76                         001163  000030  001193      22C6       0  CODE        2
                maintext                       001193  000036  0011C9      2326       0  CODE        2
                text46                         0011C9  000041  00120A      2392       0  CODE        2
                text36                         00120A  000043  00124D      2414       0  CODE        2
                text91                         00124D  00004E  00129B      249A       0  CODE        2
                text10                         00129B  000056  0012F1      2536       0  CODE        2
                text72                         0012F1  000061  001352      25E2       0  CODE        2
                text84                         001352  000070  0013C2      26A4       0  CODE        2
                text66                         0013C2  000078  00143A      2784       0  CODE        2
                text83                         00143A  00007F  0014B9      2874       0  CODE        2
                text71                         0014B9  000081  00153A      2972       0  CODE        2
                text90                         00153A  00008B  0015C5      2A74       0  CODE        2
                text31                         0015C5  0000AB  001670      2B8A       0  CODE        2
                text70                         001670  000190  001800      2CE0       0  CODE        2
                stringtext1                    001800  0000E8  0018E8      3000       0  STRCODE     2
                text106                        001CD6  000001  001CD7      39AC       0  CODE        2
                text79                         001CD7  000001  001CD8      39AE       0  CODE        2
                text65                         001CD8  000001  001CD9      39B0       0  CODE        2
                text28                         001CD9  000001  001CDA      39B2       0  CODE        2
                text27                         001CDA  000001  001CDB      39B4       0  CODE        2
                text26                         001CDB  000001  001CDC      39B6       0  CODE        2
                text63                         001CDC  000003  001CDF      39B8       0  CODE        2
                text62                         001CDF  000003  001CE2      39BE       0  CODE        2
                text59                         001CE2  000003  001CE5      39C4       0  CODE        2
                text57                         001CE5  000003  001CE8      39CA       0  CODE        2
                text54                         001CE8  000003  001CEB      39D0       0  CODE        2
                text53                         001CEB  000003  001CEE      39D6       0  CODE        2
                text51                         001CEE  000003  001CF1      39DC       0  CODE        2
                text33                         001CF1  000003  001CF4      39E2       0  CODE        2
                text32                         001CF4  000003  001CF7      39E8       0  CODE        2
                text105                        001CF7  000004  001CFB      39EE       0  CODE        2
                text64                         001CFB  000004  001CFF      39F6       0  CODE        2
                text61                         001CFF  000004  001D03      39FE       0  CODE        2
                text58                         001D03  000004  001D07      3A06       0  CODE        2
                text56                         001D07  000004  001D0B      3A0E       0  CODE        2
                text55                         001D0B  000004  001D0F      3A16       0  CODE        2
                text49                         001D0F  000004  001D13      3A1E       0  CODE        2
                text40                         001D13  000004  001D17      3A26       0  CODE        2
                text35                         001D17  000004  001D1B      3A2E       0  CODE        2
                text29                         001D1B  000004  001D1F      3A36       0  CODE        2
                text52                         001D1F  000005  001D24      3A3E       0  CODE        2
                text38                         001D24  000005  001D29      3A48       0  CODE        2
                text103                        001D29  000006  001D2F      3A52       0  CODE        2
                text102                        001D2F  000006  001D35      3A5E       0  CODE        2
                text45                         001D35  000006  001D3B      3A6A       0  CODE        2
                text44                         001D3B  000006  001D41      3A76       0  CODE        2
                text37                         001D41  000006  001D47      3A82       0  CODE        2
                text9                          001D47  000006  001D4D      3A8E       0  CODE        2
                text7                          001D4D  000006  001D53      3A9A       0  CODE        2
                text5                          001D53  000006  001D59      3AA6       0  CODE        2
                text47                         001D59  000007  001D60      3AB2       0  CODE        2
                text42                         001D60  000007  001D67      3AC0       0  CODE        2
                text39                         001D67  000007  001D6E      3ACE       0  CODE        2
                text99                         001D6E  000008  001D76      3ADC       0  CODE        2
                text48                         001D76  000008  001D7E      3AEC       0  CODE        2
                text43                         001D7E  000008  001D86      3AFC       0  CODE        2
                text96                         001D86  000009  001D8F      3B0C       0  CODE        2
                text12                         001D8F  000009  001D98      3B1E       0  CODE        2
                text3                          001D98  000009  001DA1      3B30       0  CODE        2
                text21                         001DA1  00000A  001DAB      3B42       0  CODE        2
                text87                         001DAB  00000B  001DB6      3B56       0  CODE        2
                text22                         001DB6  00000B  001DC1      3B6C       0  CODE        2
                text104                        001DC1  00000C  001DCD      3B82       0  CODE        2
                text16                         001DCD  00000C  001DD9      3B9A       0  CODE        2
                text14                         001DD9  00000C  001DE5      3BB2       0  CODE        2
                text11                         001DE5  00000C  001DF1      3BCA       0  CODE        2
                clrtext                        001DF1  00000C  001DFD      3BE2       0  CODE        2
                text18                         001DFD  00000F  001E0C      3BFA       0  CODE        2
                text17                         001E0C  00000F  001E1B      3C18       0  CODE        2
                text101                        001E1B  000010  001E2B      3C36       0  CODE        2
                text100                        001E2B  000013  001E3E      3C56       0  CODE        2
                text13                         001E3E  000014  001E52      3C7C       0  CODE        2
                text6                          001E52  000014  001E66      3CA4       0  CODE        2
                text98                         001E66  000015  001E7B      3CCC       0  CODE        2
                text97                         001E7B  000015  001E90      3CF6       0  CODE        2
                text81                         001E90  000015  001EA5      3D20       0  CODE        2
                text60                         001EA5  000015  001EBA      3D4A       0  CODE        2
                text4                          001EBA  000015  001ECF      3D74       0  CODE        2
                text94                         001ECF  000016  001EE5      3D9E       0  CODE        2
                text2                          001EE5  000016  001EFB      3DCA       0  CODE        2
                text23                         001EFB  000019  001F14      3DF6       0  CODE        2
                text34                         001F14  00001A  001F2E      3E28       0  CODE        2
                text75                         001F2E  00001B  001F49      3E5C       0  CODE        2
                text8                          001F49  00001B  001F64      3E92       0  CODE        2
                text93                         001F64  00001D  001F81      3EC8       0  CODE        2
                text73                         001F81  00001F  001FA0      3F02       0  CODE        2
                text85                         001FA0  000020  001FC0      3F40       0  CODE        2
                text69                         001FC0  000020  001FE0      3F80       0  CODE        2
                text68                         001FE0  000020  002000      3FC0       0  CODE        2


UNUSED ADDRESS RANGES

        Name                Unused          Largest block    Delta
        BANK10           00520-0056F              50           1
        BANK2            0016D-0016F               3           1
        BANK3            001C2-001EF              2E           1
        BANK5            002E0-002EF              10           1
        BANK6            00320-0036F              50           1
        BANK7            003A0-003EF              50           1
        BANK8            00420-0046F              50           1
        BANK9            004A0-004EF              50           1
        BIGRAM           02000-023EF             3F0           1
        CODE             018E8-01CD5             3EE           2
        CONST            018E8-01CD5             100           2
        ENTRY            018E8-01CD5             100           2
        IDLOC            08000-08003               4           2
        RAM              0016D-0016F               3           1
                         001C2-001EF              2E
                         002E0-002EF              10
                         00320-0036F              50
                         003A0-003EF              50
                         00420-0046F              50
                         004A0-004EF              50
                         00520-0056F              50
        SFR0             00000-0001F              20           1
        SFR1             00080-0009F              20           1
        SFR10            00500-0051F              20           1
        SFR11            00580-0059F              20           1
        SFR12            00600-0061F              20           1
        SFR13            00680-006EF              70           1
        SFR14            00700-0076F              70           1
        SFR15            00780-007EF              70           1
        SFR16            00800-0086F              70           1
        SFR17            00880-008EF              70           1
        SFR18            00900-0096F              70           1
        SFR19            00980-009EF              70           1
        SFR2             00100-0011F              20           1
        SFR20            00A00-00A6F              70           1
        SFR21            00A80-00AEF              70           1
        SFR22            00B00-00B6F              70           1
        SFR23            00B80-00BEF              70           1
        SFR24            00C00-00C6F              70           1
        SFR25            00C80-00CEF              70           1
        SFR26            00D00-00D6F              70           1
        SFR27            00D80-00DEF              70           1
        SFR28            00E00-00E6F              70           1
        SFR29            00E80-00EEF              70           1
        SFR3             00180-0019F              20           1
        SFR30            00F00-00F6F              70           1
        SFR31            00F80-00FEF              70           1
        SFR4             00200-0021F              20           1
        SFR5             00280-0029F              20           1
        SFR6             00300-0031F              20           1
        SFR7             00380-0039F              20           1
        SFR8             00400-0041F              20           1
        SFR9             00480-0049F              20           1
        STRCODE          018E8-01CD5             3EE           2
        STRING           018E8-01CD5             100           2

                                  Symbol Table

?_ADC_GetConversion                                 cstackCOMMON 00070
?__Umul8_16                                         cstackCOMMON 00070
?___fladd                                           cstackCOMMON 00070
?___fldiv                                           cstackBANK0  00040
?___flmul                                           cstackBANK0  00026
?___flneg                                           cstackCOMMON 00070
?___flsub                                           cstackBANK0  00040
?___fltol                                           cstackCOMMON 00070
?___fpclassifyf                                     cstackCOMMON 00070
?___wmul                                            cstackCOMMON 00070
?___xxtofl                                          cstackCOMMON 00074
?_floorf                                            cstackBANK0  0005A
?_labs                                              cstackCOMMON 00070
?_read_prec_or_width                                cstackCOMMON 00076
?_sprintf                                           cstackBANK1  000E9
?_vfprintf                                          cstackBANK1  000E2
ADC_GetConversion@channel                           cstackCOMMON 00073
CCP2_LoadDutyValue@dutyValue                        cstackBANK3  001BE
EUSART_FramingErrorCallbackRegister@callbackHandler cstackBANK3  001BE
EUSART_OverrunErrorCallbackRegister@callbackHandler cstackBANK3  001BE
EUSART_ReceiveISR@regValue                          cstackBANK2  00144
EUSART_ReceiveISR@tempRxHead                        cstackBANK2  00145
EUSART_RxCompleteCallbackRegister@callbackHandler   cstackBANK3  001BE
I2C1_CallbackRegister@callbackHandler               cstackBANK3  001BE
I2C1_DataTransmit@data                              cstackCOMMON 00070
I2C1_EVENT_ERROR@retEventState                      cstackCOMMON 00070
I2C1_EVENT_NACK@retEventState                       cstackCOMMON 00070
I2C1_EVENT_RX@retEventState                         cstackCOMMON 00071
I2C1_EVENT_TX@retEventState                         cstackCOMMON 00073
I2C_Master_Write@data                               cstackCOMMON 00070
INT_SetInterruptHandler@InterruptHandler            cstackBANK3  001BE
IO_Expander_Write@Data                              cstackCOMMON 00071
LCD_CMD@CMD                                         cstackCOMMON 00075
LCD_Set_Cursor@COL                                  cstackCOMMON 00076
LCD_Set_Cursor@ROW                                  cstackCOMMON 00077
LCD_Write_4Bit@Nibble                               cstackCOMMON 00073
LCD_Write_Char@Data                                 cstackCOMMON 00075
LCD_Write_String@Str                                cstackCOMMON 00076
LCD_Write_String@i                                  cstackCOMMON 00079
TMR0_Custom_ISR@buffer                              cstackBANK2  00133
TMR1_OverflowCallbackRegister@CallbackHandler       cstackBANK3  001BE
TMR2_OverflowCallbackRegister@InterruptHandler      cstackBANK3  001BE
TMR4_OverflowCallbackRegister@InterruptHandler      cstackBANK3  001BE
Timer0_OverflowCallbackRegister@CallbackHandler     cstackBANK3  001BE
Timer0_OverflowISR@CountCallBack                    bssBANK2     0015F
UART_Custom_ISR@Rx_Code                             cstackBANK2  0013F
UART_Custom_ISR@buffer                              cstackBANK2  0012F
_ADCON0                                             (abs)        0009D
_ADCON0bits                                         (abs)        0009D
_ADCON1                                             (abs)        0009E
_ADCON2                                             (abs)        0009F
_ADC_GetConversion                                  text34       01F14
_ADC_Initialize                                     text22       01DB6
_ADRESH                                             (abs)        0009C
_ADRESL                                             (abs)        0009B
_ANSELA                                             (abs)        0018C
_ANSELB                                             (abs)        0018D
_ANSELC                                             (abs)        0018E
_BAUD1CON                                           (abs)        0019F
_BAUD1CONbits                                       (abs)        0019F
_BORCON                                             (abs)        00116
_BackLight_State                                    dataBANK2    0016C
_Backlight                                          text99       01D6E
_CCP1CON                                            (abs)        00293
_CCP1CONbits                                        (abs)        00293
_CCP1PPS                                            (abs)        00E14
_CCP1_Initialize                                    text21       01DA1
_CCP2CON                                            (abs)        0029A
_CCP2CONbits                                        (abs)        0029A
_CCP2PPS                                            (abs)        00E15
_CCP2_Initialize                                    text20       007F5
_CCP2_LoadDutyValue                                 text23       01EFB
_CCPR1H                                             (abs)        00292
_CCPR1L                                             (abs)        00291
_CCPR2H                                             (abs)        00299
_CCPR2L                                             (abs)        00298
_CCPTMRSbits                                        (abs)        0029E
_CLOCK_Initialize                                   text19       01000
_EUSART_AutoBaudQuery                               (abs)        00000
_EUSART_AutoBaudSet                                 (abs)        00000
_EUSART_DefaultFramingErrorCallback                 text106      01CD6
_EUSART_DefaultOverrunErrorCallback                 text105      01CF7
_EUSART_Deinitialize                                (abs)        00000
_EUSART_ErrorGet                                    (abs)        00000
_EUSART_FramingErrorCallbackRegister                text18       01DFD
_EUSART_FramingErrorHandler                         bssBANK2     0015B
_EUSART_Initialize                                  text15       01107
_EUSART_IsRxReady                                   (abs)        00000
_EUSART_IsTxDone                                    (abs)        00000
_EUSART_IsTxReady                                   (abs)        00000
_EUSART_OverrunErrorCallbackRegister                text17       01E0C
_EUSART_OverrunErrorHandler                         bssBANK2     00159
_EUSART_Read                                        (abs)        00000
_EUSART_ReceiveISR                                  text66       013C2
_EUSART_RxCompleteCallbackRegister                  text16       01DCD
_EUSART_RxInterruptHandler                          bssBANK3     001BA
_EUSART_TransmitDisable                             (abs)        00000
_EUSART_TransmitEnable                              (abs)        00000
_EUSART_Write                                       (abs)        00000
_I2C1_AckSend                                       text58       01D03
_I2C1_BusReset                                      text64       01CFB
_I2C1_Callback                                      bssBANK3     001BC
_I2C1_CallbackRegister                              text14       01DD9
_I2C1_Close                                         text60       01EA5
_I2C1_DataReceive                                   text57       01CE5
_I2C1_DataTransmit                                  text52       01D1F
_I2C1_DefaultCallback                               text65       01CD8
_I2C1_Deinitialize                                  (abs)        00000
_I2C1_ERROR_ISR                                     text40       01D13
_I2C1_EVENT_ERROR                                   text44       01D3B
_I2C1_EVENT_IDLE                                    text49       01D0F
_I2C1_EVENT_NACK                                    text45       01D35
_I2C1_EVENT_RESET                                   text42       01D60
_I2C1_EVENT_RX                                      text46       011C9
_I2C1_EVENT_SEND_RD_ADDR                            text48       01D76
_I2C1_EVENT_SEND_WR_ADDR                            text47       01D59
_I2C1_EVENT_STOP                                    text43       01D7E
_I2C1_EVENT_TX                                      text50       01134
_I2C1_ErrorEventHandler                             text41       0104D
_I2C1_ErrorGet                                      (abs)        00000
_I2C1_ErrorInterruptClear                           text63       01CDC
_I2C1_EventHandler                                  text36       0120A
_I2C1_ISR                                           text35       01D17
_I2C1_Initialize                                    text13       01E3E
_I2C1_InterruptClear                                text62       01CDF
_I2C1_IsAddr                                        text39       01D67
_I2C1_IsBusy                                        (abs)        00000
_I2C1_IsData                                        text38       01D24
_I2C1_IsNack                                        text37       01D41
_I2C1_IsRxBufFull                                   text56       01D07
_I2C1_NackSend                                      text55       01D0B
_I2C1_Read                                          (abs)        00000
_I2C1_ReceiveEnable                                 text54       01CE8
_I2C1_RestartDisable                                text53       01CEB
_I2C1_RestartEnable                                 text51       01CEE
_I2C1_StatusFlagsClear                              text61       01CFF
_I2C1_StopSend                                      text59       01CE2
_I2C1_Write                                         (abs)        00000
_I2C1_WriteRead                                     (abs)        00000
_I2C_Master_Start                                   text103      01D29
_I2C_Master_Stop                                    text102      01D2F
_I2C_Master_Wait                                    text104      01DC1
_I2C_Master_Write                                   text101      01E1B
_INLVLA                                             (abs)        0038C
_INLVLB                                             (abs)        0038D
_INLVLC                                             (abs)        0038E
_INTCONbits                                         (abs)        0000B
_INTERRUPT_Initialize                               text11       01DE5
_INTERRUPT_InterruptManager                         intentry     00004
_INT_DefaultInterruptHandler                        (abs)        00000
_INT_InterruptHandler                               bssBANK2     00163
_INT_SetInterruptHandler                            text12       01D8F
_IOCAF                                              (abs)        00393
_IOCAN                                              (abs)        00392
_IOCAP                                              (abs)        00391
_IOCBF                                              (abs)        00396
_IOCBN                                              (abs)        00395
_IOCBP                                              (abs)        00394
_IOCCF                                              (abs)        00399
_IOCCN                                              (abs)        00398
_IOCCP                                              (abs)        00397
_IO_Expander_Write                                  text100      01E2B
_LATA                                               (abs)        0010C
_LATB                                               (abs)        0010D
_LATBbits                                           (abs)        0010D
_LATC                                               (abs)        0010E
_LATCbits                                           (abs)        0010E
_LCD_CMD                                            text97       01E7B
_LCD_Clear                                          text96       01D86
_LCD_Set_Cursor                                     text95       010BA
_LCD_Write_4Bit                                     text98       01E66
_LCD_Write_Char                                     text94       01ECF
_LCD_Write_String                                   text93       01F64
_ODCONA                                             (abs)        0028C
_ODCONB                                             (abs)        0028D
_ODCONC                                             (abs)        0028E
_OPTION_REG                                         (abs)        00095
_OPTION_REGbits                                     (abs)        00095
_OSCCON                                             (abs)        00099
_OSCTUNE                                            (abs)        00098
_PIE1bits                                           (abs)        00090
_PIE2bits                                           (abs)        00091
_PIN_MANAGER_Initialize                             text10       0129B
_PIR1bits                                           (abs)        00010
_PIR2bits                                           (abs)        00011
_PORTCbits                                          (abs)        0000E
_PR2                                                (abs)        0001B
_PR4                                                (abs)        00414
_RA2PPS                                             (abs)        00E92
_RC1REG                                             (abs)        00199
_RC1STA                                             (abs)        0019D
_RC1STAbits                                         (abs)        0019D
_RC3PPS                                             (abs)        00EA3
_RC4PPS                                             (abs)        00EA4
_RC5PPS                                             (abs)        00EA5
_RC6PPS                                             (abs)        00EA6
_RS                                                 bssBANK2     00167
_RXPPS                                              (abs)        00E24
_SLRCONA                                            (abs)        0030C
_SLRCONB                                            (abs)        0030D
_SLRCONC                                            (abs)        0030E
_SPBRGH                                             (abs)        0019C
_SPBRGL                                             (abs)        0019B
_SSP1ADD                                            (abs)        00212
_SSP1BUF                                            (abs)        00211
_SSP1CON1                                           (abs)        00215
_SSP1CON1bits                                       (abs)        00215
_SSP1CON2                                           (abs)        00216
_SSP1CON2bits                                       (abs)        00216
_SSP1CON3                                           (abs)        00217
_SSP1STAT                                           (abs)        00214
_SSP1STATbits                                       (abs)        00214
_SSPCLKPPS                                          (abs)        00E20
_SSPDATPPS                                          (abs)        00E21
_SYSTEM_Initialize                                  text1        01095
_T1CON                                              (abs)        00018
_T1CONbits                                          (abs)        00018
_T1GCON                                             (abs)        00019
_T1GCONbits                                         (abs)        00019
_T2CLKCON                                           (abs)        0001E
_T2CON                                              (abs)        0001C
_T2CONbits                                          (abs)        0001C
_T2HLT                                              (abs)        0001D
_T2HLTbits                                          (abs)        0001D
_T2PR                                               (abs)        0001B
_T2RST                                              (abs)        0001F
_T2RSTbits                                          (abs)        0001F
_T2TMR                                              (abs)        0001A
_T4CLKCON                                           (abs)        00417
_T4CON                                              (abs)        00415
_T4CONbits                                          (abs)        00415
_T4HLT                                              (abs)        00416
_T4HLTbits                                          (abs)        00416
_T4PR                                               (abs)        00414
_T4RST                                              (abs)        00418
_T4RSTbits                                          (abs)        00418
_T4TMR                                              (abs)        00413
_TMR0                                               (abs)        00015
_TMR0_Custom_ISR                                    text30       00A01
_TMR0_Custom_ISR$3563                               cstackBANK2  00143
_TMR1H                                              (abs)        00017
_TMR1L                                              (abs)        00016
_TMR1_DefaultOverflowCallback                       text27       01CDA
_TMR1_Initialize                                    text8        01F49
_TMR1_OverflowCallback                              bssBANK3     001B4
_TMR1_OverflowCallbackRegister                      text9        01D47
_TMR1_Start                                         text33       01CF1
_TMR1_Stop                                          text32       01CF4
_TMR1_Tasks                                         (abs)        00000
_TMR1_Write                                         (abs)        00000
_TMR2                                               (abs)        0001A
_TMR2_DefaultOverflowCallback                       text28       01CD9
_TMR2_Initialize                                    text6        01E52
_TMR2_OverflowCallback                              bssBANK3     001B8
_TMR2_OverflowCallbackRegister                      text7        01D4D
_TMR2_PeriodCountSet                                (abs)        00000
_TMR2_Start                                         (abs)        00000
_TMR2_Stop                                          (abs)        00000
_TMR2_Tasks                                         (abs)        00000
_TMR4                                               (abs)        00413
_TMR4_DefaultOverflowCallback                       text26       01CDB
_TMR4_Initialize                                    text4        01EBA
_TMR4_OverflowCallback                              bssBANK3     001B2
_TMR4_OverflowCallbackRegister                      text5        01D53
_TMR4_PeriodCountSet                                (abs)        00000
_TMR4_Start                                         (abs)        00000
_TMR4_Stop                                          (abs)        00000
_TMR4_Tasks                                         (abs)        00000
_TRISA                                              (abs)        0008C
_TRISB                                              (abs)        0008D
_TRISC                                              (abs)        0008E
_TRISC3                                             (abs)        00473
_TRISC4                                             (abs)        00474
_TX1REG                                             (abs)        0019A
_TX1STA                                             (abs)        0019E
_TX1STAbits                                         (abs)        0019E
_Timer0_DefaultOverflowCallback                     text29       01D1B
_Timer0_Initialize                                  text2        01EE5
_Timer0_OverflowCallback                            bssBANK2     00161
_Timer0_OverflowCallbackRegister                    text3        01D98
_Timer0_OverflowISR                                 text25       01008
_Timer0_PeriodCountSet                              (abs)        00000
_UART_Custom_ISR                                    text67       00794
_WPUA                                               (abs)        0020C
_WPUB                                               (abs)        0020D
_WPUC                                               (abs)        0020E
__H__absolute__                                     __absolute__ 00000
__Habs1                                             abs1         00000
__Hbank0                                            bank0        00000
__Hbank1                                            bank1        00000
__Hbank10                                           bank10       00000
__Hbank11                                           bank11       00000
__Hbank12                                           bank12       00000
__Hbank13                                           bank13       00000
__Hbank14                                           bank14       00000
__Hbank15                                           bank15       00000
__Hbank16                                           bank16       00000
__Hbank17                                           bank17       00000
__Hbank18                                           bank18       00000
__Hbank19                                           bank19       00000
__Hbank2                                            bank2        00000
__Hbank20                                           bank20       00000
__Hbank21                                           bank21       00000
__Hbank22                                           bank22       00000
__Hbank23                                           bank23       00000
__Hbank24                                           bank24       00000
__Hbank25                                           bank25       00000
__Hbank26                                           bank26       00000
__Hbank27                                           bank27       00000
__Hbank28                                           bank28       00000
__Hbank29                                           bank29       00000
__Hbank3                                            bank3        00000
__Hbank30                                           bank30       00000
__Hbank31                                           bank31       00000
__Hbank4                                            bank4        00000
__Hbank5                                            bank5        00000
__Hbank6                                            bank6        00000
__Hbank7                                            bank7        00000
__Hbank8                                            bank8        00000
__Hbank9                                            bank9        00000
__Hbigram                                           bigram       00000
__HbssBANK2                                         bssBANK2     00000
__HbssBANK3                                         bssBANK3     00000
__HbssBANK4                                         bssBANK4     00000
__HbssBANK5                                         bssBANK5     00000
__Hcinit                                            cinit        00083
__Hclrtext                                          clrtext      00000
__Hcode                                             code         00000
__Hcommon                                           common       00000
__Hconfig                                           config       0800A
__HcstackBANK0                                      cstackBANK0  00000
__HcstackBANK1                                      cstackBANK1  00000
__HcstackBANK2                                      cstackBANK2  00000
__HcstackBANK3                                      cstackBANK3  00000
__HcstackCOMMON                                     cstackCOMMON 00000
__HdataBANK2                                        dataBANK2    00000
__Heeprom_data                                      eeprom_data  00000
__Hend_init                                         end_init     00043
__Hfunctab                                          functab      00000
__Hheap                                             heap         00000
__HidataBANK2                                       idataBANK2   00000
__Hinit                                             init         00041
__Hintentry                                         intentry     00041
__Hmaintext                                         maintext     00000
__Hpowerup                                          powerup      00000
__Hram                                              ram          00000
__Hreset_vec                                        reset_vec    00003
__Hsfr0                                             sfr0         00000
__Hsfr1                                             sfr1         00000
__Hsfr10                                            sfr10        00000
__Hsfr11                                            sfr11        00000
__Hsfr12                                            sfr12        00000
__Hsfr13                                            sfr13        00000
__Hsfr14                                            sfr14        00000
__Hsfr15                                            sfr15        00000
__Hsfr16                                            sfr16        00000
__Hsfr17                                            sfr17        00000
__Hsfr18                                            sfr18        00000
__Hsfr19                                            sfr19        00000
__Hsfr2                                             sfr2         00000
__Hsfr20                                            sfr20        00000
__Hsfr21                                            sfr21        00000
__Hsfr22                                            sfr22        00000
__Hsfr23                                            sfr23        00000
__Hsfr24                                            sfr24        00000
__Hsfr25                                            sfr25        00000
__Hsfr26                                            sfr26        00000
__Hsfr27                                            sfr27        00000
__Hsfr28                                            sfr28        00000
__Hsfr29                                            sfr29        00000
__Hsfr3                                             sfr3         00000
__Hsfr30                                            sfr30        00000
__Hsfr31                                            sfr31        00000
__Hsfr4                                             sfr4         00000
__Hsfr5                                             sfr5         00000
__Hsfr6                                             sfr6         00000
__Hsfr7                                             sfr7         00000
__Hsfr8                                             sfr8         00000
__Hsfr9                                             sfr9         00000
__Hsivt                                             sivt         00041
__Hspace_0                                          (abs)        02000
__Hspace_1                                          (abs)        002E0
__Hspace_2                                          (abs)        00000
__Hspace_3                                          (abs)        00000
__Hspace_4                                          (abs)        10011
__Hstack                                            stack        00000
__Hstrings                                          strings      00000
__Hstringtext1                                      stringtext1  00000
__Hstringtext10                                     stringtext10 00000
__Hstringtext11                                     stringtext11 00000
__Hstringtext12                                     stringtext12 00000
__Hstringtext13                                     stringtext13 00000
__Hstringtext14                                     stringtext14 00000
__Hstringtext15                                     stringtext15 00000
__Hstringtext16                                     stringtext16 00000
__Hstringtext2                                      stringtext2  00000
__Hstringtext3                                      stringtext3  00000
__Hstringtext4                                      stringtext4  00000
__Hstringtext5                                      stringtext5  00000
__Hstringtext6                                      stringtext6  00000
__Hstringtext7                                      stringtext7  00000
__Hstringtext8                                      stringtext8  00000
__Hstringtext9                                      stringtext9  00000
__Htext                                             text         00000
__L__absolute__                                     __absolute__ 00000
__Labs1                                             abs1         00000
__Lbank0                                            bank0        00000
__Lbank1                                            bank1        00000
__Lbank10                                           bank10       00000
__Lbank11                                           bank11       00000
__Lbank12                                           bank12       00000
__Lbank13                                           bank13       00000
__Lbank14                                           bank14       00000
__Lbank15                                           bank15       00000
__Lbank16                                           bank16       00000
__Lbank17                                           bank17       00000
__Lbank18                                           bank18       00000
__Lbank19                                           bank19       00000
__Lbank2                                            bank2        00000
__Lbank20                                           bank20       00000
__Lbank21                                           bank21       00000
__Lbank22                                           bank22       00000
__Lbank23                                           bank23       00000
__Lbank24                                           bank24       00000
__Lbank25                                           bank25       00000
__Lbank26                                           bank26       00000
__Lbank27                                           bank27       00000
__Lbank28                                           bank28       00000
__Lbank29                                           bank29       00000
__Lbank3                                            bank3        00000
__Lbank30                                           bank30       00000
__Lbank31                                           bank31       00000
__Lbank4                                            bank4        00000
__Lbank5                                            bank5        00000
__Lbank6                                            bank6        00000
__Lbank7                                            bank7        00000
__Lbank8                                            bank8        00000
__Lbank9                                            bank9        00000
__Lbigram                                           bigram       00000
__LbssBANK2                                         bssBANK2     00000
__LbssBANK3                                         bssBANK3     00000
__LbssBANK4                                         bssBANK4     00000
__LbssBANK5                                         bssBANK5     00000
__Lcinit                                            cinit        00043
__Lclrtext                                          clrtext      00000
__Lcode                                             code         00000
__Lcommon                                           common       00000
__Lconfig                                           config       00000
__LcstackBANK0                                      cstackBANK0  00000
__LcstackBANK1                                      cstackBANK1  00000
__LcstackBANK2                                      cstackBANK2  00000
__LcstackBANK3                                      cstackBANK3  00000
__LcstackCOMMON                                     cstackCOMMON 00000
__LdataBANK2                                        dataBANK2    00000
__Leeprom_data                                      eeprom_data  00000
__Lend_init                                         end_init     00041
__Lfunctab                                          functab      00000
__Lheap                                             heap         00000
__LidataBANK2                                       idataBANK2   00000
__Linit                                             init         00041
__Lintentry                                         intentry     00004
__Lmaintext                                         maintext     00000
__Lpowerup                                          powerup      00000
__Lram                                              ram          00000
__Lreset_vec                                        reset_vec    00000
__Lsfr0                                             sfr0         00000
__Lsfr1                                             sfr1         00000
__Lsfr10                                            sfr10        00000
__Lsfr11                                            sfr11        00000
__Lsfr12                                            sfr12        00000
__Lsfr13                                            sfr13        00000
__Lsfr14                                            sfr14        00000
__Lsfr15                                            sfr15        00000
__Lsfr16                                            sfr16        00000
__Lsfr17                                            sfr17        00000
[...]
__ptext90                                           text90       0153A
__ptext91                                           text91       0124D
__ptext92                                           text92       00857
__ptext93                                           text93       01F64
__ptext94                                           text94       01ECF
__ptext95                                           text95       010BA
__ptext96                                           text96       01D86
__ptext97                                           text97       01E7B
__ptext98                                           text98       01E66
__ptext99                                           text99       01D6E
_dbuf                                               bssBANK4     00220
_distance                                           bssBANK3     001AC
_efgtoa                                             text74       00083
_efgtoa$3140                                        cstackBANK1  000AF
_eusartRxBuffer                                     bssBANK5     002A0
_eusartRxCount                                      bssBANK2     00168
_eusartRxHead                                       bssBANK2     0016A
_eusartRxLastError                                  bssBANK3     001B0
_eusartRxStatusBuffer                               (abs)        02370
_eusartRxTail                                       bssBANK2     00169
_flags                                              bssBANK2     00165
_floorf                                             text82       006A9
_fputc                                              text78       00800
_fputs                                              text77       01070
_i2c1Status                                         bssBANK2     00147
_i2c1_eventTable                                    stringtext3  01860
_i2c_add                                            bssBANK2     00166
_labs                                               text81       01E90
_main                                               maintext     01193
_memcpy                                             text80       010E0
_pad                                                text76       01163
_prec                                               bssBANK2     00157
_putch                                              text79       01CD7
_read_prec_or_width                                 text72       012F1
_sprintf                                            text68       01FE0
_strcpy                                             text75       01F2E
_temperature                                        bssBANK3     001A8
_timer0ReloadVal                                    bssBANK2     0016B
_timer1ReloadVal                                    bssBANK2     0015D
_vfpfcnvrt                                          text70       01670
_vfprintf                                           text69       01FC0
_width                                              bssBANK2     00155
_xtoa                                               text71       014B9
btemp                                               (abs)        0007E
clear_ram0                                          clrtext      01DF1
efgtoa@c                                            cstackBANK1  000A4
efgtoa@d                                            cstackBANK1  000B4
efgtoa@e                                            cstackBANK1  000B9
efgtoa@f                                            cstackBANK1  000A0
efgtoa@fp                                           cstackBANK1  000B8
efgtoa@g                                            cstackBANK1  000CE
efgtoa@h                                            cstackBANK1  000C3
efgtoa@i                                            cstackBANK1  000C1
efgtoa@l                                            cstackBANK1  000C7
efgtoa@m                                            cstackBANK1  000B6
efgtoa@mode                                         cstackBANK1  000B2
efgtoa@n                                            cstackBANK1  000CC
efgtoa@ne                                           cstackBANK1  000A9
efgtoa@nmode                                        cstackBANK1  000B3
efgtoa@ou                                           cstackBANK1  000BD
efgtoa@p                                            cstackBANK1  000AB
efgtoa@pp                                           cstackBANK1  000B1
efgtoa@sign                                         cstackBANK1  000CB
efgtoa@t                                            cstackBANK1  000AD
efgtoa@u                                            cstackBANK1  000D2
efgtoa@w                                            cstackBANK1  000BB
end_of_initialization                               cinit        0007F
floorf@F521                                         bssBANK3     001A0
floorf@e                                            cstackBANK0  00068
floorf@m                                            cstackBANK0  00064
floorf@u                                            cstackBANK0  0006A
floorf@x                                            cstackBANK0  0005A
fputc@c                                             cstackCOMMON 00070
fputc@fp                                            cstackCOMMON 00072
fputs@c                                             cstackBANK0  00020
fputs@fp                                            cstackCOMMON 00078
fputs@i                                             cstackBANK0  00021
fputs@s                                             cstackBANK0  00023
int$flags                                           (abs)        0007E
intlevel0                                           functab      00000
intlevel1                                           functab      00000
intlevel2                                           functab      00000
intlevel3                                           functab      00000
intlevel4                                           functab      00000
intlevel5                                           functab      00000
labs@a                                              cstackCOMMON 00070
memcpy@d                                            cstackCOMMON 00076
memcpy@d1                                           cstackCOMMON 00075
memcpy@n                                            cstackCOMMON 00071
memcpy@s                                            cstackCOMMON 00077
memcpy@s1                                           cstackCOMMON 00070
memcpy@tmp                                          cstackCOMMON 00074
pad@buf                                             cstackCOMMON 0007B
pad@fp                                              cstackBANK0  00027
pad@i                                               cstackBANK0  00025
pad@p                                               cstackCOMMON 0007C
read_prec_or_width@ap                               cstackCOMMON 00076
read_prec_or_width@c                                cstackBANK0  00020
read_prec_or_width@fmt                              cstackBANK0  00023
read_prec_or_width@n                                cstackBANK0  00021
reset_vec                                           reset_vec    00000
sprintf@ap                                          cstackBANK2  00121
sprintf@f                                           cstackBANK2  00122
sprintf@fmt                                         cstackBANK1  000E9
sprintf@s                                           cstackBANK2  00120
start                                               init         00041
start_initialization                                cinit        00043
strcpy@d                                            cstackCOMMON 00074
strcpy@dest                                         cstackCOMMON 00075
strcpy@src                                          cstackCOMMON 00070
vfpfcnvrt@ap                                        cstackBANK0  0006F
vfpfcnvrt@c                                         cstackBANK1  000DF
vfpfcnvrt@convarg                                   cstackBANK1  000DA
vfpfcnvrt@cp                                        cstackBANK1  000E0
vfpfcnvrt@fmt                                       cstackBANK0  0006E
vfpfcnvrt@fp                                        cstackBANK1  000DE
vfprintf@ap                                         cstackBANK1  000E4
vfprintf@cfmt                                       cstackBANK1  000E7
vfprintf@fmt                                        cstackBANK1  000E2
vfprintf@fp                                         cstackBANK1  000E6
wtemp0                                              (abs)        0007E
xtoa@c                                              cstackBANK0  00030
xtoa@d                                              cstackBANK0  00028
xtoa@fp                                             cstackBANK0  0002D
xtoa@i                                              cstackBANK0  00031
xtoa@p                                              cstackBANK0  0002E
xtoa@w                                              cstackBANK0  0002B


MODULE INFORMATION

Module		Function		Class		Link	Load	Size
C:\Program Files\Microchip\xc8\v2.46\pic\sources\c99\common\fltol.c
		___fltol       		CODE           	1352	0000	112

C:\Program Files\Microchip\xc8\v2.46\pic\sources\c99\common\fltol.c estimated size: 112

C:\Program Files\Microchip\xc8\v2.46\pic\sources\c99\common\Umul8_16.c
		__Umul8_16     		CODE           	102A	0000	35

C:\Program Files\Microchip\xc8\v2.46\pic\sources\c99\common\Umul8_16.c estimated size: 35

C:\Program Files\Microchip\xc8\v2.46\pic\sources\c99\common\floorf.c
		_floorf        		CODE           	06A9	0000	235

C:\Program Files\Microchip\xc8\v2.46\pic\sources\c99\common\floorf.c estimated size: 235

C:\Program Files\Microchip\xc8\v2.46\pic\sources\c99\common\nf_fputc.c
		_fputc         		CODE           	0800	0000	87

C:\Program Files\Microchip\xc8\v2.46\pic\sources\c99\common\nf_fputc.c estimated size: 87

C:\Program Files\Microchip\xc8\v2.46\pic\sources\c99\common\xxtofl.c
		___xxtofl      		CODE           	15C5	0000	171

C:\Program Files\Microchip\xc8\v2.46\pic\sources\c99\common\xxtofl.c estimated size: 171

mcc_generated_files/timer/src/tmr1.c
		_TMR1_Initialize		CODE           	1F49	0000	27
		_TMR1_Stop     		CODE           	1CF4	0000	3
		_TMR1_Start    		CODE           	1CF1	0000	3
		_TMR1_OverflowCallbackRegister		CODE           	1D47	0000	6
		_TMR1_DefaultOverflowCallback		CODE           	1CDA	0000	1

mcc_generated_files/timer/src/tmr1.c estimated size: 40

C:\Program Files\Microchip\xc8\v2.46\pic\sources\c99\common\flneg.c
		___flneg       		CODE           	1DAB	0000	11

C:\Program Files\Microchip\xc8\v2.46\pic\sources\c99\common\flneg.c estimated size: 11

mcc_generated_files/system/src/interrupt.c
		_INT_SetInterruptHandler		CODE           	1D8F	0000	9
		_INTERRUPT_Initialize		CODE           	1DE5	0000	12
		_INTERRUPT_InterruptManager		CODE           	0004	0000	61

mcc_generated_files/system/src/interrupt.c estimated size: 82

mcc_generated_files/pwm/src/ccp2.c
		_CCP2_LoadDutyValue		CODE           	1EFB	0000	25
		_CCP2_Initialize		CODE           	07F5	0000	11

mcc_generated_files/pwm/src/ccp2.c estimated size: 36

C:\Program Files\Microchip\xc8\v2.46\pic\sources\c99\common\__fpclassifyf.c
		___fpclassifyf 		CODE           	143A	0000	127

C:\Program Files\Microchip\xc8\v2.46\pic\sources\c99\common\__fpclassifyf.c estimated size: 127

C:\Program Files\Microchip\xc8\v2.46\pic\sources\c99\common\sprcmul.c
		___flmul       		CODE           	0DC5	0000	571

C:\Program Files\Microchip\xc8\v2.46\pic\sources\c99\common\sprcmul.c estimated size: 571

C:\Program Files\Microchip\xc8\v2.46\pic\sources\c99\common\strcpy.c
		_strcpy        		CODE           	1F2E	0000	27

C:\Program Files\Microchip\xc8\v2.46\pic\sources\c99\common\strcpy.c estimated size: 27

C:\Program Files\Microchip\xc8\v2.46\pic\sources\c99\common\sprcdiv.c
		___fldiv       		CODE           	0857	0000	426

C:\Program Files\Microchip\xc8\v2.46\pic\sources\c99\common\sprcdiv.c estimated size: 426

mcc_generated_files/adc/src/adc.c
		_ADC_Initialize		CODE           	1DB6	0000	11
		_ADC_GetConversion		CODE           	1F14	0000	26

mcc_generated_files/adc/src/adc.c estimated size: 37

C:\Program Files\Microchip\xc8\v2.46\pic\sources\c99\common\fleq.c
		___fleq        		CODE           	124D	0000	78

C:\Program Files\Microchip\xc8\v2.46\pic\sources\c99\common\fleq.c estimated size: 78

C:\Program Files\Microchip\xc8\v2.46\pic\sources\c99\common\doprnt.c
		_read_prec_or_width		CODE           	12F1	0000	97
		_vfpfcnvrt     		CODE           	1670	0000	400
		_efgtoa        		CODE           	0083	0000	1574
		_pad           		CODE           	1163	0000	48
		_vfprintf      		CODE           	1FC0	0000	32
		_xtoa          		CODE           	14B9	0000	129

C:\Program Files\Microchip\xc8\v2.46\pic\sources\c99\common\doprnt.c estimated size: 2280

C:\Program Files\Microchip\xc8\v2.46\pic\sources\c99\common\nf_sprintf.c
		_sprintf       		CODE           	1FE0	0000	32

C:\Program Files\Microchip\xc8\v2.46\pic\sources\c99\common\nf_sprintf.c estimated size: 32

mcc_generated_files/system/src/pins.c
		_PIN_MANAGER_Initialize		CODE           	129B	0000	86

mcc_generated_files/system/src/pins.c estimated size: 86

shared
		_Timer4        		STRCODE        	0000	0000	0
		_Timer2        		STRCODE        	0000	0000	0
		__initialization		CODE           	0043	0000	60
		_I2C1_Host     		STRCODE        	0000	0000	0
		_i2c1_eventTable		STRCODE        	1860	0000	18
		_UART1         		STRCODE        	0000	0000	0
		_Timer0        		STRCODE        	0000	0000	0
		_tmr1          		STRCODE        	0000	0000	0

shared estimated size: 78

I2C_LCD.c
		_LCD_Write_4Bit		CODE           	1E66	0000	21
		_LCD_Write_Char		CODE           	1ECF	0000	22
		_LCD_CMD       		CODE           	1E7B	0000	21
		_I2C_Master_Wait		CODE           	1DC1	0000	12
		_I2C_Master_Stop		CODE           	1D2F	0000	6
		_LCD_Set_Cursor		CODE           	10BA	0000	38
		_LCD_Clear     		CODE           	1D86	0000	9
		_IO_Expander_Write		CODE           	1E2B	0000	19
		_I2C_Master_Write		CODE           	1E1B	0000	16
		_Backlight     		CODE           	1D6E	0000	8
		_I2C_Master_Start		CODE           	1D29	0000	6
		_LCD_Write_String		CODE           	1F64	0000	29

I2C_LCD.c estimated size: 207

C:\Program Files\Microchip\xc8\v2.46\pic\sources\c99\common\putch.c
		_putch         		CODE           	1CD7	0000	1

C:\Program Files\Microchip\xc8\v2.46\pic\sources\c99\common\putch.c estimated size: 1

C:\Program Files\Microchip\xc8\v2.46\pic\sources\c99\common\Umul16.c
		___wmul        		CODE           	1F81	0000	31

C:\Program Files\Microchip\xc8\v2.46\pic\sources\c99\common\Umul16.c estimated size: 31

C:\Program Files\Microchip\xc8\v2.46\pic\sources\c99\common\nf_fputs.c
		_fputs         		CODE           	1070	0000	37

C:\Program Files\Microchip\xc8\v2.46\pic\sources\c99\common\nf_fputs.c estimated size: 37

mcc_generated_files/timer/src/tmr4.c
		_TMR4_Initialize		CODE           	1EBA	0000	21
		_TMR4_OverflowCallbackRegister		CODE           	1D53	0000	6
		_TMR4_DefaultOverflowCallback		CODE           	1CDB	0000	1

mcc_generated_files/timer/src/tmr4.c estimated size: 28

C:\Program Files\Microchip\xc8\v2.46\pic\sources\c99\common\sprcadd.c
		___flsub       		CODE           	1FA0	0000	32
		___fladd       		CODE           	0BB9	0000	524

C:\Program Files\Microchip\xc8\v2.46\pic\sources\c99\common\sprcadd.c estimated size: 556

C:\Program Files\Microchip\xc8\v2.46\pic\sources\c99\common\memcpy.c
		_memcpy        		CODE           	10E0	0000	39

C:\Program Files\Microchip\xc8\v2.46\pic\sources\c99\common\memcpy.c estimated size: 39

mcc_generated_files/timer/src/tmr2.c
		_TMR2_Initialize		CODE           	1E52	0000	20
		_TMR2_OverflowCallbackRegister		CODE           	1D4D	0000	6
		_TMR2_DefaultOverflowCallback		CODE           	1CD9	0000	1

mcc_generated_files/timer/src/tmr2.c estimated size: 27

mcc_generated_files/uart/src/eusart.c
		_EUSART_FramingErrorCallbackRegister		CODE           	1DFD	0000	15
		_EUSART_OverrunErrorCallbackRegister		CODE           	1E0C	0000	15
		_EUSART_DefaultOverrunErrorCallback		CODE           	1CF7	0000	4
		_EUSART_Initialize		CODE           	1107	0000	45
		_EUSART_RxCompleteCallbackRegister		CODE           	1DCD	0000	12
		_EUSART_DefaultFramingErrorCallback		CODE           	1CD6	0000	1
		_EUSART_ReceiveISR		CODE           	13C2	0000	120

mcc_generated_files/uart/src/eusart.c estimated size: 212

mcc_generated_files/system/src/clock.c
		_CLOCK_Initialize		CODE           	1000	0000	8

mcc_generated_files/system/src/clock.c estimated size: 8

C:\Program Files\Microchip\xc8\v2.46\pic\sources\c99\common\labs.c
		_labs          		CODE           	1E90	0000	21

C:\Program Files\Microchip\xc8\v2.46\pic\sources\c99\common\labs.c estimated size: 21

mcc_generated_files/i2c_host/src/mssp.c
		_I2C1_EVENT_SEND_WR_ADDR		CODE           	1D59	0000	7
		_I2C1_NackSend 		CODE           	1D0B	0000	4
		_I2C1_ErrorEventHandler		CODE           	104D	0000	35
		_I2C1_CallbackRegister		CODE           	1DD9	0000	12
		_I2C1_EVENT_RESET		CODE           	1D60	0000	7
		_I2C1_EVENT_ERROR		CODE           	1D3B	0000	6
		_I2C1_ErrorInterruptClear		CODE           	1CDC	0000	3
		_I2C1_StatusFlagsClear		CODE           	1CFF	0000	4
		_I2C1_InterruptClear		CODE           	1CDF	0000	3
		_I2C1_EVENT_RX 		CODE           	11C9	0000	65
		_I2C1_EVENT_TX 		CODE           	1134	0000	47
		_I2C1_ReceiveEnable		CODE           	1CE8	0000	3
		_I2C1_RestartEnable		CODE           	1CEE	0000	3
		_I2C1_ISR      		CODE           	1D17	0000	4
		_I2C1_EventHandler		CODE           	120A	0000	67
		_I2C1_DataReceive		CODE           	1CE5	0000	3
		_I2C1_IsData   		CODE           	1D24	0000	5
		_I2C1_IsNack   		CODE           	1D41	0000	6
		_I2C1_IsAddr   		CODE           	1D67	0000	7
		_I2C1_EVENT_IDLE		CODE           	1D0F	0000	4
		_I2C1_EVENT_NACK		CODE           	1D35	0000	6
		_I2C1_EVENT_SEND_RD_ADDR		CODE           	1D76	0000	8
		_I2C1_EVENT_STOP		CODE           	1D7E	0000	8
		_I2C1_BusReset 		CODE           	1CFB	0000	4
		_I2C1_Initialize		CODE           	1E3E	0000	20
		_I2C1_Close    		CODE           	1EA5	0000	21
		_I2C1_ERROR_ISR		CODE           	1D13	0000	4
		_I2C1_IsRxBufFull		CODE           	1D07	0000	4
		_I2C1_StopSend 		CODE           	1CE2	0000	3
		_I2C1_RestartDisable		CODE           	1CEB	0000	3
		_I2C1_DataTransmit		CODE           	1D1F	0000	5
		_I2C1_AckSend  		CODE           	1D03	0000	4
		_I2C1_DefaultCallback		CODE           	1CD8	0000	1

mcc_generated_files/i2c_host/src/mssp.c estimated size: 386

mcc_generated_files/timer/src/tmr0.c
		_Timer0_Initialize		CODE           	1EE5	0000	22
		_Timer0_OverflowCallbackRegister		CODE           	1D98	0000	9
		_Timer0_OverflowISR		CODE           	1008	0000	34
		_Timer0_DefaultOverflowCallback		CODE           	1D1B	0000	4

mcc_generated_files/timer/src/tmr0.c estimated size: 69

mcc_generated_files/pwm/src/ccp1.c
		_CCP1_Initialize		CODE           	1DA1	0000	10

mcc_generated_files/pwm/src/ccp1.c estimated size: 10

main.c
		_main          		CODE           	1193	0000	54
		_UART_Custom_ISR		CODE           	0794	0000	97
		_TMR0_Custom_ISR		CODE           	0A01	0000	440

main.c estimated size: 591

mcc_generated_files/system/src/system.c
		_SYSTEM_Initialize		CODE           	1095	0000	37

mcc_generated_files/system/src/system.c estimated size: 37

C:\Program Files\Microchip\xc8\v2.46\pic\sources\c99\common\flge.c
		___flge        		CODE           	153A	0000	139

C:\Program Files\Microchip\xc8\v2.46\pic\sources\c99\common\flge.c estimated size: 139

