Microchip MPLAB XC8 Compiler V2.46

Linker command line:

-W-3 --edf=/opt/microchip/xc8/v2.46/pic/dat/20240104201356_en.msgs -cn \
  -h+dist/default/production/mcu-mastercamp.production.sym \
  --cmf=dist/default/production/mcu-mastercamp.production.cmf -z -Q16F1619 \
  -o/tmp/xcXdCohPG/driver_tmp_3.o --defsym=__MPLAB_BUILD=1 \
  --fixupoverflow=error \
  -Mdist/default/production/mcu-mastercamp.production.map \
  --md=/tmp/xcXdCohPG/driver_tmp_0.dat -E1 -ver=XC8 Compiler --acfsm=1493 \
  -ACODE=00h-07FFhx4 -ASTRCODE=00h-01FFFh -ASTRING=00h-0FFhx32 \
  -ACONST=00h-0FFhx32 -AENTRY=00h-0FFhx32 -ACOMMON=070h-07Fh \
  -ABANK0=020h-06Fh -ABANK1=0A0h-0EFh -ABANK2=0120h-016Fh \
  -ABANK3=01A0h-01EFh -ABANK4=0220h-026Fh -ABANK5=02A0h-02EFh \
  -ABANK6=0320h-036Fh -ABANK7=03A0h-03EFh -ABANK8=0420h-046Fh \
  -ABANK9=04A0h-04EFh -ABANK10=0520h-056Fh -ABANK11=05A0h-05EFh \
  -ABANK12=0620h-064Fh -ABIGRAM=02000h-023EFh \
  -ARAM=020h-06Fh,0A0h-0EFh,0120h-016Fh,01A0h-01EFh,0220h-026Fh,02A0h-02EFh,0320h-036Fh,03A0h-03EFh,0420h-046Fh,04A0h-04EFh,0520h-056Fh,05A0h-05EFh,0620h-064Fh \
  -AABS1=020h-07Fh,0A0h-0EFh,0120h-016Fh,01A0h-01EFh,0220h-026Fh,02A0h-02EFh,0320h-036Fh,03A0h-03EFh,0420h-046Fh,04A0h-04EFh,0520h-056Fh,05A0h-05EFh,0620h-064Fh \
  -ASFR0=00h-01Fh -ASFR1=080h-09Fh -ASFR2=0100h-011Fh -ASFR3=0180h-019Fh \
  -ASFR4=0200h-021Fh -ASFR5=0280h-029Fh -ASFR6=0300h-031Fh \
  -ASFR7=0380h-039Fh -ASFR8=0400h-041Fh -ASFR9=0480h-049Fh \
  -ASFR10=0500h-051Fh -ASFR11=0580h-059Fh -ASFR12=0600h-061Fh \
  -ASFR13=0680h-06EFh -ASFR14=0700h-076Fh -ASFR15=0780h-07EFh \
  -ASFR16=0800h-086Fh -ASFR17=0880h-08EFh -ASFR18=0900h-096Fh \
  -ASFR19=0980h-09EFh -ASFR20=0A00h-0A6Fh -ASFR21=0A80h-0AEFh \
  -ASFR22=0B00h-0B6Fh -ASFR23=0B80h-0BEFh -ASFR24=0C00h-0C6Fh \
  -ASFR25=0C80h-0CEFh -ASFR26=0D00h-0D6Fh -ASFR27=0D80h-0DEFh \
  -ASFR28=0E00h-0E6Fh -ASFR29=0E80h-0EEFh -ASFR30=0F00h-0F6Fh \
  -ASFR31=0F80h-0FEFh -ACONFIG=08007h-08009h -DCONFIG=2 \
  -AIDLOC=08000h-08003h -DIDLOC=2 -DCODE=2 -DSTRCODE=2 -DSTRING=2 -DCONST=2 \
  -DENTRY=2 -preset_vec=00h,intentry=04h,sivt,init,end_init -ppowerup=CODE \
  -pcinit=CODE -pfunctab=ENTRY -k /tmp/xcXdCohPG/driver_tmp_17.o \
  dist/default/production/mcu-mastercamp.production.o 

Object code version is 3.11

Machine type is 16F1619



                Name                               Link     Load   Length Selector   Space Scale
/tmp/xcXdCohPG/driver_tmp_17.o
                end_init                             40       40        2        8       0
                reset_vec                             0        0        2        0       0
                config                             8007     8007        3        0       4
dist/default/production/mcu-mastercamp.production.o
                cinit                                42       42       57        8       0
                intentry                              4        4       3C        8       0
                config                             8007     8007        3        0       4
                text131                            128D     128D        1     251A       0
                text130                            12B1     12B1        4     2562       0
                text129                            1460     1460       13     28C0       0
                text128                             851      851       3F     10A2       0
                text127                             774      774       7D        8       0
                text126                            1473     1473       13     28E6       0
                text125                            17A3     17A3       2E     2F46       0
                text124                            15D6     15D6       1B     2BAC       0
                text123                            1646     1646       1E     2C8C       0
                text122                            1296     1296        3     252C       0
                text121                            1299     1299        3     2532       0
                text120                             243      243      1AA        8       0
                text119                             CA0      CA0       71     1940       0
                text118                             F56      F56       AA     1EAC       0
                text117                             D11      D11       71     1A22       0
                text116                            12B5     12B5        4     256A       0
                text115                            13CD     13CD        C     279A       0
                text114                            12E8     12E8        6     25D0       0
                text113                            12EE     12EE        6     25DC       0
                text112                            141B     141B       10     2836       0
                text111                            1486     1486       13     290C       0
                text110                            14AD     14AD       15     295A       0
                text109                            14C2     14C2       15     2984       0
                text108                            1361     1361        9     26C2       0
                text107                            1729     1729       26     2E52       0
                text106                            152B     152B       16     2A56       0
                text105                            1629     1629       1D     2C52       0
                text104                             B81      B81       5F     1702       0
                text103                             A31      A31       53     1462       0
                text102                            142B     142B       11     2856       0
                text101                            128E     128E        1     251C       0
                text100                             9E0      9E0       51     13C0       0
                text99                              5D7      5D7       F2        8       0
                text98                             15F1     15F1       1C     2BE2       0
                text97                             1664     1664       1E     2CC8       0
                text96                              814      814       3D     1028       0
                text95                              993      993       4D     1326       0
                text94                              EDD      EDD       79     1DBA       0
                text93                             128F     128F        1     251E       0
                text92                             12B9     12B9        4     2572       0
                text91                             129C     129C        3     2538       0
                text90                             129F     129F        3     253E       0
                text89                             12BD     12BD        4     257A       0
                text88                             14D7     14D7       15     29AE       0
                text87                             12A2     12A2        3     2544       0
                text86                             12C1     12C1        4     2582       0
                text85                             12A5     12A5        3     254A       0
                text84                             12C5     12C5        4     258A       0
                text83                             12C9     12C9        4     2592       0
                text82                             12A8     12A8        3     2550       0
                text81                             12AB     12AB        3     2556       0
                text80                             12D9     12D9        5     25B2       0
                text79                             12AE     12AE        3     255C       0
                text78                             17D1     17D1       2F     2FA2       0
                text77                             12CD     12CD        4     259A       0
                text76                             1341     1341        8     2682       0
                text75                             131E     131E        7     263C       0
                text74                              8CF      8CF       40     119E       0
                text73                             12F4     12F4        6     25E8       0
                text72                             12FA     12FA        6     25F4       0
                text71                             1349     1349        8     2692       0
                text70                             1325     1325        7     264A       0
                text69                             16E1     16E1       23     2DC2       0
                text68                             12D1     12D1        4     25A2       0
                text67                             132C     132C        7     2658       0
                text66                             12DE     12DE        5     25BC       0
                text65                             1300     1300        6     2600       0
                text64                              950      950       43     12A0       0
                text63                             12D5     12D5        4     25AA       0
                text62                             1290     1290        1     2520       0
                text61                             1291     1291        1     2522       0
                text60                             1292     1292        1     2524       0
                text59                             1293     1293        1     2526       0
                text58                             16BF     16BF       22     2D7E       0
                text56                             13D9     13D9        C     27B2       0
                text55                             1306     1306        6     260C       0
                text54                             130C     130C        6     2618       0
                text53                             143C     143C       12     2878       0
                text52                             14EC     14EC       15     29D8       0
                text51                             1351     1351        8     26A2       0
                text50                             13A1     13A1        B     2742       0
                text49                             1541     1541       18     2A82       0
                text48                             1559     1559       18     2AB2       0
                text47                              E67      E67       76     1CCE       0
                text46                             13AC     13AC        B     2758       0
                text45                             1397     1397        A     272E       0
                text44                             13B7     13B7        B     276E       0
                text43                             1359     1359        8     26B2       0
                text42                             13FD     13FD        F     27FA       0
                text41                             140C     140C        F     2818       0
                text40                              7F1      7F1        F        8       0
                text39                             1776     1776       2D     2EEC       0
                text38                             13E5     13E5        C     27CA       0
                text37                             1499     1499       14     2932       0
                text36                             1312     1312        6     2624       0
                text35                             13C2     13C2        B     2784       0
                text34                              B2B      B2B       56     1656       0
                text33                             136A     136A        9     26D4       0
                text32                             15BC     15BC       1A     2B78       0
                text31                             1373     1373        9     26E6       0
                text30                              800      800       14     1000       0
                text29                             137C     137C        9     26F8       0
                text28                             1501     1501       15     2A02       0
                text27                             1318     1318        6     2630       0
                text26                             1516     1516       15     2A2C       0
                text25                             1704     1704       25     2E08       0
                text24                             1571     1571       19     2AE2       0
                text23                             158A     158A       19     2B14       0
                text22                             1333     1333        7     2666       0
                text21                             133A     133A        7     2674       0
                text20                               99       99      1AA        8       0
                text19                              D82      D82       71     1B04       0
                text18                              6C9      6C9       AB        8       0
                text17                              DF3      DF3       74     1BE6       0
                text16                             1385     1385        9     270A       0
                text15                             138E     138E        9     271C       0
                text14                             174F     174F       27     2E9E       0
                text13                             15A3     15A3       19     2B46       0
                text12                             16A0     16A0       1F     2D40       0
                text11                              BE0      BE0       60     17C0       0
                text10                              AD7      AD7       54     15AE       0
                text9                              144E     144E       12     289C       0
                text8                              1294     1294        1     2528       0
                text7                               A84      A84       53     1508       0
                text6                               4E3      4E3       F4        8       0
                text5                              160D     160D       1C     2C1A       0
                text4                              1682     1682       1E     2D04       0
                text3                               890      890       3F     1120       0
                text2                               90F      90F       41     121E       0
                text1                               3ED      3ED       F6        8       0
                maintext                            C40      C40       60     1880       0
                cstackBANK0                          20       20       33       20       1
                cstackCOMMON                         70       70        E       70       1
                cstackBANK1                          A0       A0       42       A0       1
                clrtext                            13F1     13F1        C     27E2       0
                bssBANK3                            1A0      1A0       40      1A0       1
                dataBANK2                           15E      15E        5      120       1
                bssBANK2                            120      120       3E      120       1
                dataBANK1                            ED       ED        2       A0       1
                bssBANK1                             E2       E2        B       A0       1
                dataBANK0                            6F       6F        1       20       1
                bssBANK0                             53       53       1C       20       1
                stringtext9                        1850     1850        D     3000       0
                stringtext8                        1843     1843        D     3000       0
                stringtext7                        1800     1800       1D     3000       0
                stringtext6                        1875     1875        C     3000       0
                stringtext5                        1869     1869        C     3000       0
                stringtext4                        185D     185D        C     3000       0
                stringtext3                        1831     1831       12     3000       0
                stringtext2                        181D     181D       14     3000       0
                stringtext1                        1000     1000       30     2000       0
                idataBANK2                         12E3     12E3        5     25C6       0
                idataBANK1                            2        2        2        0       0
                idataBANK0                         1295     1295        1     252A       0

TOTAL           Name                               Link     Load   Length     Space
        CLASS   CODE           
                end_init                             40       40        2         0
                cinit                                42       42       57         0
                intentry                              4        4       3C         0
                reset_vec                             0        0        2         0
                text131                            128D     128D        1         0
                text130                            12B1     12B1        4         0
                text129                            1460     1460       13         0
                text128                             851      851       3F         0
                text127                             774      774       7D         0
                text126                            1473     1473       13         0
                text125                            17A3     17A3       2E         0
                text124                            15D6     15D6       1B         0
                text123                            1646     1646       1E         0
                text122                            1296     1296        3         0
                text121                            1299     1299        3         0
                text120                             243      243      1AA         0
                text119                             CA0      CA0       71         0
                text118                             F56      F56       AA         0
                text117                             D11      D11       71         0
                text116                            12B5     12B5        4         0
                text115                            13CD     13CD        C         0
                text114                            12E8     12E8        6         0
                text113                            12EE     12EE        6         0
                text112                            141B     141B       10         0
                text111                            1486     1486       13         0
                text110                            14AD     14AD       15         0
                text109                            14C2     14C2       15         0
                text108                            1361     1361        9         0
                text107                            1729     1729       26         0
                text106                            152B     152B       16         0
                text105                            1629     1629       1D         0
                text104                             B81      B81       5F         0
                text103                             A31      A31       53         0
                text102                            142B     142B       11         0
                text101                            128E     128E        1         0
                text100                             9E0      9E0       51         0
                text99                              5D7      5D7       F2         0
                text98                             15F1     15F1       1C         0
                text97                             1664     1664       1E         0
                text96                              814      814       3D         0
                text95                              993      993       4D         0
                text94                              EDD      EDD       79         0
                text93                             128F     128F        1         0
                text92                             12B9     12B9        4         0
                text91                             129C     129C        3         0
                text90                             129F     129F        3         0
                text89                             12BD     12BD        4         0
                text88                             14D7     14D7       15         0
                text87                             12A2     12A2        3         0
                text86                             12C1     12C1        4         0
                text85                             12A5     12A5        3         0
                text84                             12C5     12C5        4         0
                text83                             12C9     12C9        4         0
                text82                             12A8     12A8        3         0
                text81                             12AB     12AB        3         0
                text80                             12D9     12D9        5         0
                text79                             12AE     12AE        3         0
                text78                             17D1     17D1       2F         0
                text77                             12CD     12CD        4         0
                text76                             1341     1341        8         0
                text75                             131E     131E        7         0
                text74                              8CF      8CF       40         0
                text73                             12F4     12F4        6         0
                text72                             12FA     12FA        6         0
                text71                             1349     1349        8         0
                text70                             1325     1325        7         0
                text69                             16E1     16E1       23         0
                text68                             12D1     12D1        4         0
                text67                             132C     132C        7         0
                text66                             12DE     12DE        5         0
                text65                             1300     1300        6         0
                text64                              950      950       43         0
                text63                             12D5     12D5        4         0
                text62                             1290     1290        1         0
                text61                             1291     1291        1         0
                text60                             1292     1292        1         0
                text59                             1293     1293        1         0
                text58                             16BF     16BF       22         0
                text56                             13D9     13D9        C         0
                text55                             1306     1306        6         0
                text54                             130C     130C        6         0
                text53                             143C     143C       12         0
                text52                             14EC     14EC       15         0
                text51                             1351     1351        8         0
                text50                             13A1     13A1        B         0
                text49                             1541     1541       18         0
                text48                             1559     1559       18         0
                text47                              E67      E67       76         0
                text46                             13AC     13AC        B         0
                text45                             1397     1397        A         0
                text44                             13B7     13B7        B         0
                text43                             1359     1359        8         0
                text42                             13FD     13FD        F         0
                text41                             140C     140C        F         0
                text40                              7F1      7F1        F         0
                text39                             1776     1776       2D         0
                text38                             13E5     13E5        C         0
                text37                             1499     1499       14         0
                text36                             1312     1312        6         0
                text35                             13C2     13C2        B         0
                text34                              B2B      B2B       56         0
                text33                             136A     136A        9         0
                text32                             15BC     15BC       1A         0
                text31                             1373     1373        9         0
                text30                              800      800       14         0
                text29                             137C     137C        9         0
                text28                             1501     1501       15         0
                text27                             1318     1318        6         0
                text26                             1516     1516       15         0
                text25                             1704     1704       25         0
                text24                             1571     1571       19         0
                text23                             158A     158A       19         0
                text22                             1333     1333        7         0
                text21                             133A     133A        7         0
                text20                               99       99      1AA         0
                text19                              D82      D82       71         0
                text18                              6C9      6C9       AB         0
                text17                              DF3      DF3       74         0
                text16                             1385     1385        9         0
                text15                             138E     138E        9         0
                text14                             174F     174F       27         0
                text13                             15A3     15A3       19         0
                text12                             16A0     16A0       1F         0
                text11                              BE0      BE0       60         0
                text10                              AD7      AD7       54         0
                text9                              144E     144E       12         0
                text8                              1294     1294        1         0
                text7                               A84      A84       53         0
                text6                               4E3      4E3       F4         0
                text5                              160D     160D       1C         0
                text4                              1682     1682       1E         0
                text3                               890      890       3F         0
                text2                               90F      90F       41         0
                text1                               3ED      3ED       F6         0
                maintext                            C40      C40       60         0
                clrtext                            13F1     13F1        C         0
                idataBANK2                         12E3     12E3        5         0
                idataBANK1                            2        2        2         0
                idataBANK0                         1295     1295        1         0

        CLASS   STRCODE        
                stringtext9                        1850     1850        D         0
                stringtext8                        1843     1843        D         0
                stringtext7                        1800     1800       1D         0
                stringtext6                        1875     1875        C         0
                stringtext5                        1869     1869        C         0
                stringtext4                        185D     185D        C         0
                stringtext3                        1831     1831       12         0
                stringtext2                        181D     181D       14         0
                stringtext1                        1000     1000       30         0

        CLASS   STRING         

        CLASS   CONST          

        CLASS   ENTRY          

        CLASS   COMMON         
                cstackCOMMON                         70       70        E         1

        CLASS   BANK0          
                cstackBANK0                          20       20       33         1
                dataBANK0                            6F       6F        1         1
                bssBANK0                             53       53       1C         1

        CLASS   BANK1          
                cstackBANK1                          A0       A0       42         1
                dataBANK1                            ED       ED        2         1
                bssBANK1                             E2       E2        B         1

        CLASS   BANK2          
                dataBANK2                           15E      15E        5         1
                bssBANK2                            120      120       3E         1

        CLASS   BANK3          
                bssBANK3                            1A0      1A0       40         1

        CLASS   BANK4          

        CLASS   BANK5          

        CLASS   BANK6          

        CLASS   BANK7          

        CLASS   BANK8          

        CLASS   BANK9          

        CLASS   BANK10         

        CLASS   BANK11         

        CLASS   BANK12         

        CLASS   BIGRAM         

        CLASS   RAM            

        CLASS   ABS1           
                abs_s1                               7E       7E        2         1
                abs_s1                              5A0      5A0       50         1
                abs_s1                              620      620       30         1
                abs_s1                             2370     2370        0         1

        CLASS   SFR0           

        CLASS   SFR1           

        CLASS   SFR2           

        CLASS   SFR3           

        CLASS   SFR4           

        CLASS   SFR5           

        CLASS   SFR6           

        CLASS   SFR7           

        CLASS   SFR8           

        CLASS   SFR9           

        CLASS   SFR10          

        CLASS   SFR11          

        CLASS   SFR12          

        CLASS   SFR13          

        CLASS   SFR14          

        CLASS   SFR15          

        CLASS   SFR16          

        CLASS   SFR17          

        CLASS   SFR18          

        CLASS   SFR19          

        CLASS   SFR20          

        CLASS   SFR21          

        CLASS   SFR22          

        CLASS   SFR23          

        CLASS   SFR24          

        CLASS   SFR25          

        CLASS   SFR26          

        CLASS   SFR27          

        CLASS   SFR28          

        CLASS   SFR29          

        CLASS   SFR30          

        CLASS   SFR31          

        CLASS   CONFIG         
                config                             8007     8007        3         4

        CLASS   IDLOC          

        CLASS   BANK31         

        CLASS   BANK30         

        CLASS   BANK29         

        CLASS   BANK28         

        CLASS   BANK27         

        CLASS   BANK26         

        CLASS   BANK25         

        CLASS   BANK24         

        CLASS   BANK23         

        CLASS   BANK22         

        CLASS   BANK21         

        CLASS   BANK20         

        CLASS   BANK19         

        CLASS   BANK18         

        CLASS   BANK17         

        CLASS   BANK16         

        CLASS   BANK15         

        CLASS   BANK14         

        CLASS   BANK13         

        CLASS   HEAP           

        CLASS   STACK          

        CLASS   EEDATA         



SEGMENTS        Name                           Load    Length   Top    Selector   Space  Class     Delta

                text56                         0013D9  00000C  0013E5      27B2       0  CODE        2
                text38                         0013E5  00000C  0013F1      27CA       0  CODE        2
                text115                        0013CD  00000C  0013D9      279A       0  CODE        2
                text44                         0013B7  00000B  0013C2      276E       0  CODE        2
                text35                         0013C2  00000B  0013CD      2784       0  CODE        2
                clrtext                        0013F1  00000C  0013FD      27E2       0  CODE        2
                text102                        00142B  000011  00143C      2856       0  CODE        2
                text53                         00143C  000012  00144E      2878       0  CODE        2
                text112                        00141B  000010  00142B      2836       0  CODE        2
                text42                         0013FD  00000F  00140C      27FA       0  CODE        2
                text41                         00140C  00000F  00141B      2818       0  CODE        2
                text46                         0013AC  00000B  0013B7      2758       0  CODE        2
                text108                        001361  000009  00136A      26C2       0  CODE        2
                text33                         00136A  000009  001373      26D4       0  CODE        2
                text43                         001359  000008  001361      26B2       0  CODE        2
                text71                         001349  000008  001351      2692       0  CODE        2
                text51                         001351  000008  001359      26A2       0  CODE        2
                text31                         001373  000009  00137C      26E6       0  CODE        2
                text45                         001397  00000A  0013A1      272E       0  CODE        2
                text50                         0013A1  00000B  0013AC      2742       0  CODE        2
                text15                         00138E  000009  001397      271C       0  CODE        2
                text29                         00137C  000009  001385      26F8       0  CODE        2
                text16                         001385  000009  00138E      270A       0  CODE        2
                text24                         001571  000019  00158A      2AE2       0  CODE        2
                text23                         00158A  000019  0015A3      2B14       0  CODE        2
                text48                         001559  000018  001571      2AB2       0  CODE        2
                text106                        00152B  000016  001541      2A56       0  CODE        2
                text49                         001541  000018  001559      2A82       0  CODE        2
                text13                         0015A3  000019  0015BC      2B46       0  CODE        2
                text5                          00160D  00001C  001629      2C1A       0  CODE        2
                text105                        001629  00001D  001646      2C52       0  CODE        2
                text98                         0015F1  00001C  00160D      2BE2       0  CODE        2
                text32                         0015BC  00001A  0015D6      2B78       0  CODE        2
                text124                        0015D6  00001B  0015F1      2BAC       0  CODE        2
                text26                         001516  000015  00152B      2A2C       0  CODE        2
                text111                        001486  000013  001499      290C       0  CODE        2
                text37                         001499  000014  0014AD      2932       0  CODE        2
                text126                        001473  000013  001486      28E6       0  CODE        2
                text9                          00144E  000012  001460      289C       0  CODE        2
                text129                        001460  000013  001473      28C0       0  CODE        2
                text30                         000800  000014  000814      1000       0  CODE        2
                text52                         0014EC  000015  001501      29D8       0  CODE        2
                text28                         001501  000015  001516      2A02       0  CODE        2
                text88                         0014D7  000015  0014EC      29AE       0  CODE        2
                text110                        0014AD  000015  0014C2      295A       0  CODE        2
                text109                        0014C2  000015  0014D7      2984       0  CODE        2
                text76                         001341  000008  001349      2682       0  CODE        2
                text85                         0012A5  000003  0012A8      254A       0  CODE        2
                text82                         0012A8  000003  0012AB      2550       0  CODE        2
                text87                         0012A2  000003  0012A5      2544       0  CODE        2
                text91                         00129C  000003  00129F      2538       0  CODE        2
                text90                         00129F  000003  0012A2      253E       0  CODE        2
                text81                         0012AB  000003  0012AE      2556       0  CODE        2
                text92                         0012B9  000004  0012BD      2572       0  CODE        2
                text89                         0012BD  000004  0012C1      257A       0  CODE        2
                text116                        0012B5  000004  0012B9      256A       0  CODE        2
                text79                         0012AE  000003  0012B1      255C       0  CODE        2
                text130                        0012B1  000004  0012B5      2562       0  CODE        2
                text121                        001299  000003  00129C      2532       0  CODE        2
                text93                         00128F  000001  001290      251E       0  CODE        2
                text62                         001290  000001  001291      2520       0  CODE        2
                text101                        00128E  000001  00128F      251C       0  CODE        2
                text131                        00128D  000001  00128E      251A       0  CODE        2
                text61                         001291  000001  001292      2522       0  CODE        2
                idataBANK0                     001295  000001  001296      252A       0  CODE        2
                text122                        001296  000003  001299      252C       0  CODE        2
                text8                          001294  000001  001295      2528       0  CODE        2
                text60                         001292  000001  001293      2524       0  CODE        2
                text59                         001293  000001  001294      2526       0  CODE        2
                text54                         00130C  000006  001312      2618       0  CODE        2
                text36                         001312  000006  001318      2624       0  CODE        2
                text55                         001306  000006  00130C      260C       0  CODE        2
                text72                         0012FA  000006  001300      25F4       0  CODE        2
                text65                         001300  000006  001306      2600       0  CODE        2
                text27                         001318  000006  00131E      2630       0  CODE        2
                text22                         001333  000007  00133A      2666       0  CODE        2
                text21                         00133A  000007  001341      2674       0  CODE        2
                text67                         00132C  000007  001333      2658       0  CODE        2
                text75                         00131E  000007  001325      263C       0  CODE        2
                text70                         001325  000007  00132C      264A       0  CODE        2
                text73                         0012F4  000006  0012FA      25E8       0  CODE        2
                text77                         0012CD  000004  0012D1      259A       0  CODE        2
                text68                         0012D1  000004  0012D5      25A2       0  CODE        2
                text83                         0012C9  000004  0012CD      2592       0  CODE        2
                text86                         0012C1  000004  0012C5      2582       0  CODE        2
                text84                         0012C5  000004  0012C9      258A       0  CODE        2
                text63                         0012D5  000004  0012D9      25AA       0  CODE        2
                text114                        0012E8  000006  0012EE      25D0       0  CODE        2
                text113                        0012EE  000006  0012F4      25DC       0  CODE        2
                idataBANK2                     0012E3  000005  0012E8      25C6       0  CODE        2
                text80                         0012D9  000005  0012DE      25B2       0  CODE        2
                text66                         0012DE  000005  0012E3      25BC       0  CODE        2
                stringtext7                    001800  000081  001881      3000       0  STRCODE     2
                cstackBANK0                    000020  000050  000070        20       1  BANK0       1
                reset_vec                      000000  000004  000004         0       0  CODE        2
                cstackCOMMON                   000070  00000E  00007E        70       1  COMMON      1
                intentry                       000004  0007FC  000800         8       0  CODE        2
                bssBANK3                       0001A0  000040  0001E0       1A0       1  BANK3       1
                cstackBANK1                    0000A0  00004F  0000EF        A0       1  BANK1       1
                bssBANK2                       000120  000043  000163       120       1  BANK2       1
                text3                          000890  00003F  0008CF      1120       0  CODE        2
                text74                         0008CF  000040  00090F      119E       0  CODE        2
                text128                        000851  00003F  000890      10A2       0  CODE        2
                stringtext1                    001000  000030  001030      2000       0  STRCODE     2
                text96                         000814  00003D  000851      1028       0  CODE        2
                text2                          00090F  000041  000950      121E       0  CODE        2
                text103                        000A31  000053  000A84      1462       0  CODE        2
                text7                          000A84  000053  000AD7      1508       0  CODE        2
                text100                        0009E0  000051  000A31      13C0       0  CODE        2
                text64                         000950  000043  000993      12A0       0  CODE        2
                text95                         000993  00004D  0009E0      1326       0  CODE        2
                text78                         0017D1  00002F  001800      2FA2       0  CODE        2
                text12                         0016A0  00001F  0016BF      2D40       0  CODE        2
                text58                         0016BF  000022  0016E1      2D7E       0  CODE        2
                text4                          001682  00001E  0016A0      2D04       0  CODE        2
                text123                        001646  00001E  001664      2C8C       0  CODE        2
                text97                         001664  00001E  001682      2CC8       0  CODE        2
                text69                         0016E1  000023  001704      2DC2       0  CODE        2
                text39                         001776  00002D  0017A3      2EEC       0  CODE        2
                text125                        0017A3  00002E  0017D1      2F46       0  CODE        2
                text14                         00174F  000027  001776      2E9E       0  CODE        2
                text25                         001704  000025  001729      2E08       0  CODE        2
                text107                        001729  000026  00174F      2E52       0  CODE        2
                text118                        000F56  0000AA  001000      1EAC       0  CODE        2
                text11                         000BE0  000060  000C40      17C0       0  CODE        2
                maintext                       000C40  000060  000CA0      1880       0  CODE        2
                text104                        000B81  00005F  000BE0      1702       0  CODE        2
                text10                         000AD7  000054  000B2B      15AE       0  CODE        2
                text34                         000B2B  000056  000B81      1656       0  CODE        2
                text119                        000CA0  000071  000D11      1940       0  CODE        2
                text47                         000E67  000076  000EDD      1CCE       0  CODE        2
                text94                         000EDD  000079  000F56      1DBA       0  CODE        2
                text17                         000DF3  000074  000E67      1BE6       0  CODE        2
                text117                        000D11  000071  000D82      1A22       0  CODE        2
                text19                         000D82  000071  000DF3      1B04       0  CODE        2


UNUSED ADDRESS RANGES

        Name                Unused          Largest block    Delta
        BANK1            000EF-000EF               1           1
        BANK10           00520-0056F              50           1
        BANK2            00163-0016F               D           1
        BANK3            001E0-001EF              10           1
        BANK4            00220-0026F              50           1
        BANK5            002A0-002EF              50           1
        BANK6            00320-0036F              50           1
        BANK7            003A0-003EF              50           1
        BANK8            00420-0046F              50           1
        BANK9            004A0-004EF              50           1
        BIGRAM           02000-023EF             3F0           1
        CODE             01030-0128C             25D           2
                         01881-01FFF             77F
        CONST            01030-0128C             100           2
                         01881-01FFF             100
        ENTRY            01030-0128C             100           2
                         01881-01FFF             100
        IDLOC            08000-08003               4           2
        RAM              000EF-000EF               1           1
                         00163-0016F               D
                         001E0-001EF              10
                         00220-0026F              50
                         002A0-002EF              50
                         00320-0036F              50
                         003A0-003EF              50
                         00420-0046F              50
                         004A0-004EF              50
                         00520-0056F              50
        SFR0             00000-0001F              20           1
        SFR1             00080-0009F              20           1
        SFR10            00500-0051F              20           1
        SFR11            00580-0059F              20           1
        SFR12            00600-0061F              20           1
        SFR13            00680-006EF              70           1
        SFR14            00700-0076F              70           1
        SFR15            00780-007EF              70           1
        SFR16            00800-0086F              70           1
        SFR17            00880-008EF              70           1
        SFR18            00900-0096F              70           1
        SFR19            00980-009EF              70           1
        SFR2             00100-0011F              20           1
        SFR20            00A00-00A6F              70           1
        SFR21            00A80-00AEF              70           1
        SFR22            00B00-00B6F              70           1
        SFR23            00B80-00BEF              70           1
        SFR24            00C00-00C6F              70           1
        SFR25            00C80-00CEF              70           1
        SFR26            00D00-00D6F              70           1
        SFR27            00D80-00DEF              70           1
        SFR28            00E00-00E6F              70           1
        SFR29            00E80-00EEF              70           1
        SFR3             00180-0019F              20           1
        SFR30            00F00-00F6F              70           1
        SFR31            00F80-00FEF              70           1
        SFR4             00200-0021F              20           1
        SFR5             00280-0029F              20           1
        SFR6             00300-0031F              20           1
        SFR7             00380-0039F              20           1
        SFR8             00400-0041F              20           1
        SFR9             00480-0049F              20           1
        STRCODE          01030-0128C             25D           2
                         01881-01FFF             77F
        STRING           01030-0128C             100           2
                         01881-01FFF             100

                                  Symbol Table

?___awdiv                                           cstackBANK1  000A0
?___awmod                                           cstackBANK1  000A0
?___fldiv                                           cstackBANK1  000AE
?___fltol                                           cstackBANK1  000C8
?___xxtofl                                          cstackBANK1  000A0
?_abs                                               cstackBANK1  000A7
?_sprintf                                           cstackBANK1  000C1
?_vfprintf                                          cstackBANK1  000BA
?i1___awdiv                                         cstackCOMMON 00070
?i1___awmod                                         cstackCOMMON 00070
?i1___fldiv                                         cstackBANK0  00020
?i1___fltol                                         cstackBANK0  0003A
?i1___xxtofl                                        cstackCOMMON 00070
?i1_abs                                             cstackCOMMON 00077
?i1_sprintf                                         cstackBANK0  00033
?i1_vfprintf                                        cstackBANK0  0002D
CCP1_LoadDutyValue@dutyValue                        cstackBANK1  000A0
CCP2_LoadDutyValue@dutyValue                        cstackBANK1  000A0
EUSART_FramingErrorCallbackRegister@callbackHandler cstackBANK1  000A0
EUSART_OverrunErrorCallbackRegister@callbackHandler cstackBANK1  000A0
EUSART_ReceiveISR@regValue                          cstackBANK0  00051
EUSART_ReceiveISR@tempRxHead                        cstackBANK0  00052
EUSART_RxCompleteCallbackRegister@callbackHandler   cstackBANK1  000A0
EUSART_Write@txData                                 cstackBANK1  000A0
I2C1_CallbackRegister@callbackHandler               cstackBANK1  000A0
I2C1_DataTransmit@data                              cstackCOMMON 00070
I2C1_EVENT_ERROR@retEventState                      cstackCOMMON 00070
I2C1_EVENT_NACK@retEventState                       cstackCOMMON 00070
I2C1_EVENT_RX@retEventState                         cstackCOMMON 00071
I2C1_EVENT_TX@retEventState                         cstackCOMMON 00073
I2C_Master_Write@data                               cstackBANK1  000A0
INT_SetInterruptHandler@InterruptHandler            cstackBANK1  000A0
IO_Expander_Write@Data                              cstackBANK1  000A1
LCD_CMD@CMD                                         cstackBANK1  000A5
LCD_Init@I2C_Add                                    cstackBANK1  000A7
LCD_Set_Cursor@COL                                  cstackBANK1  000A6
LCD_Set_Cursor@ROW                                  cstackBANK1  000A7
LCD_Write_4Bit@Nibble                               cstackBANK1  000A3
LCD_Write_Char@Data                                 cstackBANK1  000A5
LCD_Write_String@Str                                cstackBANK1  000A6
LCD_Write_String@i                                  cstackBANK1  000A9
TMR1_OverflowCallbackRegister@CallbackHandler       cstackBANK1  000A0
TMR2_OverflowCallbackRegister@InterruptHandler      cstackBANK1  000A0
TMR4_OverflowCallbackRegister@InterruptHandler      cstackBANK1  000A0
Timer0_OverflowCallbackRegister@CallbackHandler     cstackBANK1  000A0
Timer0_OverflowISR@CountCallBack                    bssBANK0     00065
UART_Custom_ISR@Rx_Code                             cstackBANK0  0004C
_ADCON0                                             (abs)        0009D
_ADCON0bits                                         (abs)        0009D
_ADCON1                                             (abs)        0009E
_ADCON2                                             (abs)        0009F
_ADC_Initialize                                     text46       013AC
_ADRESH                                             (abs)        0009C
_ADRESL                                             (abs)        0009B
_ANSELA                                             (abs)        0018C
_ANSELB                                             (abs)        0018D
_ANSELC                                             (abs)        0018E
_BAUD1CON                                           (abs)        0019F
_BAUD1CONbits                                       (abs)        0019F
_BORCON                                             (abs)        00116
_BackLight_State                                    dataBANK0    0006F
_Backlight                                          text51       01351
_CCP1CON                                            (abs)        00293
_CCP1CONbits                                        (abs)        00293
_CCP1PPS                                            (abs)        00E14
_CCP1_Initialize                                    text45       01397
_CCP1_LoadDutyValue                                 text24       01571
_CCP2CON                                            (abs)        0029A
_CCP2CONbits                                        (abs)        0029A
_CCP2PPS                                            (abs)        00E15
_CCP2_Initialize                                    text44       013B7
_CCP2_LoadDutyValue                                 text23       0158A
_CCPR1H                                             (abs)        00292
_CCPR1L                                             (abs)        00291
_CCPR2H                                             (abs)        00299
_CCPR2L                                             (abs)        00298
_CCPTMRSbits                                        (abs)        0029E
_CLOCK_Initialize                                   text43       01359
_EUSART_AutoBaudQuery                               (abs)        00000
_EUSART_AutoBaudSet                                 (abs)        00000
_EUSART_DefaultFramingErrorCallback                 text131      0128D
_EUSART_DefaultOverrunErrorCallback                 text130      012B1
_EUSART_Deinitialize                                (abs)        00000
_EUSART_ErrorGet                                    (abs)        00000
_EUSART_FramingErrorCallbackRegister                text42       013FD
_EUSART_FramingErrorHandler                         bssBANK0     00063
_EUSART_Initialize                                  text39       01776
_EUSART_IsRxReady                                   (abs)        00000
_EUSART_IsTxDone                                    (abs)        00000
_EUSART_IsTxReady                                   (abs)        00000
_EUSART_OverrunErrorCallbackRegister                text41       0140C
_EUSART_OverrunErrorHandler                         bssBANK0     00061
_EUSART_Read                                        (abs)        00000
_EUSART_ReceiveISR                                  text94       00EDD
_EUSART_RxCompleteCallbackRegister                  text40       007F1
_EUSART_RxInterruptHandler                          bssBANK0     00067
_EUSART_TransmitDisable                             (abs)        00000
_EUSART_TransmitEnable                              (abs)        00000
_EUSART_Write                                       text16       01385
_EUSART_Write$intlevel0                             text16       01389
_I2C1_AckSend                                       text86       012C1
_I2C1_BusReset                                      text92       012B9
_I2C1_Callback                                      bssBANK1     000E8
_I2C1_CallbackRegister                              text38       013E5
_I2C1_Close                                         text88       014D7
_I2C1_DataReceive                                   text85       012A5
_I2C1_DataTransmit                                  text80       012D9
_I2C1_DefaultCallback                               text93       0128F
_I2C1_Deinitialize                                  (abs)        00000
_I2C1_ERROR_ISR                                     text68       012D1
_I2C1_EVENT_ERROR                                   text72       012FA
_I2C1_EVENT_IDLE                                    text77       012CD
_I2C1_EVENT_NACK                                    text73       012F4
_I2C1_EVENT_RESET                                   text70       01325
_I2C1_EVENT_RX                                      text74       008CF
_I2C1_EVENT_SEND_RD_ADDR                            text76       01341
_I2C1_EVENT_SEND_WR_ADDR                            text75       0131E
_I2C1_EVENT_STOP                                    text71       01349
_I2C1_EVENT_TX                                      text78       017D1
_I2C1_ErrorEventHandler                             text69       016E1
_I2C1_ErrorGet                                      (abs)        00000
_I2C1_ErrorInterruptClear                           text91       0129C
_I2C1_EventHandler                                  text64       00950
_I2C1_ISR                                           text63       012D5
_I2C1_Initialize                                    text37       01499
_I2C1_InterruptClear                                text90       0129F
_I2C1_IsAddr                                        text67       0132C
_I2C1_IsBusy                                        (abs)        00000
_I2C1_IsData                                        text66       012DE
_I2C1_IsNack                                        text65       01300
_I2C1_IsRxBufFull                                   text84       012C5
_I2C1_NackSend                                      text83       012C9
_I2C1_Read                                          (abs)        00000
_I2C1_ReceiveEnable                                 text82       012A8
_I2C1_RestartDisable                                text81       012AB
_I2C1_RestartEnable                                 text79       012AE
_I2C1_StatusFlagsClear                              text89       012BD
_I2C1_StopSend                                      text87       012A2
_I2C1_Write                                         (abs)        00000
_I2C1_WriteRead                                     (abs)        00000
_I2C_Master_Init                                    text50       013A1
_I2C_Master_Start                                   text55       01306
_I2C_Master_Stop                                    text54       0130C
_I2C_Master_Wait                                    text56       013D9
_I2C_Master_Write                                   text53       0143C
_INLVLA                                             (abs)        0038C
_INLVLB                                             (abs)        0038D
_INLVLC                                             (abs)        0038E
_INTCONbits                                         (abs)        0000B
_INTERRUPT_Initialize                               text35       013C2
_INTERRUPT_InterruptManager                         intentry     00004
_INT_DefaultInterruptHandler                        (abs)        00000
_INT_InterruptHandler                               bssBANK1     000E6
_INT_SetInterruptHandler                            text36       01312
_IOCAF                                              (abs)        00393
_IOCAN                                              (abs)        00392
_IOCAP                                              (abs)        00391
_IOCBF                                              (abs)        00396
_IOCBN                                              (abs)        00395
_IOCBP                                              (abs)        00394
_IOCCF                                              (abs)        00399
_IOCCN                                              (abs)        00398
_IOCCP                                              (abs)        00397
_IO_Expander_Write                                  text52       014EC
_LATA                                               (abs)        0010C
_LATB                                               (abs)        0010D
_LATBbits                                           (abs)        0010D
_LATC                                               (abs)        0010E
_LATCbits                                           (abs)        0010E
_LCD_CMD                                            text48       01559
_LCD_Clear                                          text15       0138E
_LCD_Init                                           text47       00E67
_LCD_Set_Cursor                                     text14       0174F
_LCD_Write_4Bit                                     text49       01541
_LCD_Write_Char                                     text13       015A3
_LCD_Write_String                                   text12       016A0
_ODCONA                                             (abs)        0028C
_ODCONB                                             (abs)        0028D
_ODCONC                                             (abs)        0028E
_OPTION_REG                                         (abs)        00095
_OPTION_REGbits                                     (abs)        00095
_OSCCON                                             (abs)        00099
_OSCTUNE                                            (abs)        00098
_PIE1bits                                           (abs)        00090
_PIE2bits                                           (abs)        00091
_PIN_MANAGER_Initialize                             text34       00B2B
_PIR1bits                                           (abs)        00010
_PIR2bits                                           (abs)        00011
_PORTCbits                                          (abs)        0000E
_PR2                                                (abs)        0001B
_PR4                                                (abs)        00414
_RA2PPS                                             (abs)        00E92
_RC1REG                                             (abs)        00199
_RC1STA                                             (abs)        0019D
_RC1STAbits                                         (abs)        0019D
_RC3PPS                                             (abs)        00EA3
_RC4PPS                                             (abs)        00EA4
_RC5PPS                                             (abs)        00EA5
_RC6PPS                                             (abs)        00EA6
_RS                                                 bssBANK0     0006C
_RXPPS                                              (abs)        00E24
_SLRCONA                                            (abs)        0030C
_SLRCONB                                            (abs)        0030D
_SLRCONC                                            (abs)        0030E
_SPBRGH                                             (abs)        0019C
_SPBRGL                                             (abs)        0019B
_SPEED                                              dataBANK1    000ED
_SSP1ADD                                            (abs)        00212
_SSP1BUF                                            (abs)        00211
_SSP1CON1                                           (abs)        00215
_SSP1CON1bits                                       (abs)        00215
_SSP1CON2                                           (abs)        00216
_SSP1CON2bits                                       (abs)        00216
_SSP1CON3                                           (abs)        00217
_SSP1STAT                                           (abs)        00214
_SSP1STATbits                                       (abs)        00214
_SSPCLKPPS                                          (abs)        00E20
_SSPDATPPS                                          (abs)        00E21
_SYSTEM_Initialize                                  text25       01704
_T1CON                                              (abs)        00018
_T1CONbits                                          (abs)        00018
_T1GCON                                             (abs)        00019
_T1GCONbits                                         (abs)        00019
_T2CLKCON                                           (abs)        0001E
_T2CON                                              (abs)        0001C
_T2CONbits                                          (abs)        0001C
_T2HLT                                              (abs)        0001D
_T2HLTbits                                          (abs)        0001D
_T2PR                                               (abs)        0001B
_T2RST                                              (abs)        0001F
_T2RSTbits                                          (abs)        0001F
_T2TMR                                              (abs)        0001A
_T4CLKCON                                           (abs)        00417
_T4CON                                              (abs)        00415
_T4CONbits                                          (abs)        00415
_T4HLT                                              (abs)        00416
_T4HLTbits                                          (abs)        00416
_T4PR                                               (abs)        00414
_T4RST                                              (abs)        00418
_T4RSTbits                                          (abs)        00418
_T4TMR                                              (abs)        00413
_TMR0                                               (abs)        00015
_TMR1H                                              (abs)        00017
_TMR1L                                              (abs)        00016
_TMR1_DefaultOverflowCallback                       text60       01292
_TMR1_Initialize                                    text32       015BC
_TMR1_OverflowCallback                              bssBANK2     00148
_TMR1_OverflowCallbackRegister                      text33       0136A
_TMR1_Start                                         text22       01333
_TMR1_Start$intlevel0                               text22       01337
_TMR1_Stop                                          text21       0133A
_TMR1_Stop$intlevel0                                text21       0133E
_TMR1_Tasks                                         (abs)        00000
_TMR1_Write                                         (abs)        00000
_TMR2                                               (abs)        0001A
_TMR2_DefaultOverflowCallback                       text61       01291
_TMR2_Initialize                                    text30       00800
_TMR2_OverflowCallback                              bssBANK2     0014C
_TMR2_OverflowCallbackRegister                      text31       01373
_TMR2_PeriodCountSet                                (abs)        00000
_TMR2_Start                                         (abs)        00000
_TMR2_Stop                                          (abs)        00000
_TMR2_Tasks                                         (abs)        00000
_TMR4                                               (abs)        00413
_TMR4_DefaultOverflowCallback                       text59       01293
_TMR4_Initialize                                    text28       01501
_TMR4_OverflowCallback                              bssBANK2     00146
_TMR4_OverflowCallbackRegister                      text29       0137C
_TMR4_PeriodCountSet                                (abs)        00000
_TMR4_Start                                         (abs)        00000
_TMR4_Stop                                          (abs)        00000
_TMR4_Tasks                                         (abs)        00000
_TRISA                                              (abs)        0008C
_TRISB                                              (abs)        0008D
_TRISC                                              (abs)        0008E
_TRISC3                                             (abs)        00473
_TRISC4                                             (abs)        00474
_TX1REG                                             (abs)        0019A
_TX1STA                                             (abs)        0019E
_TX1STAbits                                         (abs)        0019E
_Timer0_DefaultOverflowCallback                     text62       01290
_Timer0_Initialize                                  text26       01516
_Timer0_OverflowCallback                            bssBANK1     000E4
_Timer0_OverflowCallbackRegister                    text27       01318
_Timer0_OverflowISR                                 text58       016BF
_Timer0_PeriodCountSet                              (abs)        00000
_UART_Custom_ISR                                    text95       00993
_WPUA                                               (abs)        0020C
_WPUB                                               (abs)        0020D
_WPUC                                               (abs)        0020E
__H__absolute__                                     __absolute__ 00000
__Habs1                                             abs1         00000
__Hbank0                                            bank0        00000
__Hbank1                                            bank1        00000
__Hbank10                                           bank10       00000
__Hbank11                                           bank11       00000
__Hbank12                                           bank12       00000
__Hbank13                                           bank13       00000
__Hbank14                                           bank14       00000
__Hbank15                                           bank15       00000
__Hbank16                                           bank16       00000
__Hbank17                                           bank17       00000
__Hbank18                                           bank18       00000
__Hbank19                                           bank19       00000
__Hbank2                                            bank2        00000
__Hbank20                                           bank20       00000
__Hbank21                                           bank21       00000
__Hbank22                                           bank22       00000
__Hbank23                                           bank23       00000
__Hbank24                                           bank24       00000
__Hbank25                                           bank25       00000
__Hbank26                                           bank26       00000
__Hbank27                                           bank27       00000
__Hbank28                                           bank28       00000
__Hbank29                                           bank29       00000
__Hbank3                                            bank3        00000
__Hbank30                                           bank30       00000
__Hbank31                                           bank31       00000
__Hbank4                                            bank4        00000
__Hbank5                                            bank5        00000
__Hbank6                                            bank6        00000
__Hbank7                                            bank7        00000
__Hbank8                                            bank8        00000
__Hbank9                                            bank9        00000
__Hbigram                                           bigram       00000
__HbssBANK0                                         bssBANK0     00000
__HbssBANK1                                         bssBANK1     00000
__HbssBANK2                                         bssBANK2     00000
__HbssBANK3                                         bssBANK3     00000
__Hcinit                                            cinit        00099
__Hclrtext                                          clrtext      00000
__Hcode                                             code         00000
__Hcommon                                           common       00000
__Hconfig                                           config       0800A
__HcstackBANK0                                      cstackBANK0  00000
__HcstackBANK1                                      cstackBANK1  00000
__HcstackCOMMON                                     cstackCOMMON 00000
__HdataBANK0                                        dataBANK0    00000
__HdataBANK1                                        dataBANK1    00000
__HdataBANK2                                        dataBANK2    00000
__Heeprom_data                                      eeprom_data  00000
__Hend_init                                         end_init     00042
__Hfunctab                                          functab      00000
__Hheap                                             heap         00000
__HidataBANK0                                       idataBANK0   00000
__HidataBANK1                                       idataBANK1   00000
__HidataBANK2                                       idataBANK2   00000
__Hinit                                             init         00040
__Hintentry                                         intentry     00040
__Hmaintext                                         maintext     00000
__Hpowerup                                          powerup      00000
__Hram                                              ram          00000
__Hreset_vec                                        reset_vec    00002
__Hsfr0                                             sfr0         00000
__Hsfr1                                             sfr1         00000
__Hsfr10                                            sfr10        00000
__Hsfr11                                            sfr11        00000
__Hsfr12                                            sfr12        00000
__Hsfr13                                            sfr13        00000
__Hsfr14                                            sfr14        00000
__Hsfr15                                            sfr15        00000
__Hsfr16                                            sfr16        00000
__Hsfr17                                            sfr17        00000
__Hsfr18                                            sfr18        00000
__Hsfr19                                            sfr19        00000
__Hsfr2                                             sfr2         00000
__Hsfr20                                            sfr20        00000
__Hsfr21                                            sfr21        00000
__Hsfr22                                            sfr22        00000
__Hsfr23                                            sfr23        00000
__Hsfr24                                            sfr24        00000
__Hsfr25                                            sfr25        00000
__Hsfr26                                            sfr26        00000
__Hsfr27                                            sfr27        00000
__Hsfr28                                            sfr28        00000
__Hsfr29                                            sfr29        00000
__Hsfr3                                             sfr3         00000
__Hsfr30                                            sfr30        00000
__Hsfr31                                            sfr31        00000
__Hsfr4                                             sfr4         00000
__Hsfr5                                             sfr5         00000
__Hsfr6                                             sfr6         00000
__Hsfr7                                             sfr7         00000
__Hsfr8                                             sfr8         00000
__Hsfr9                                             sfr9         00000
__Hsivt                                             sivt         00040
__Hspace_0                                          (abs)        01881
__Hspace_1                                          (abs)        001E0
__Hspace_2                                          (abs)        00000
__Hspace_3                                          (abs)        00000
__Hspace_4                                          (abs)        10011
__Hstack                                            stack        00000
__Hstrings                                          strings      00000
__Hstringtext1                                      stringtext1  00000
__Hstringtext10                                     stringtext10 00000
__Hstringtext2                                      stringtext2  00000
__Hstringtext3                                      stringtext3  00000
__Hstringtext4                                      stringtext4  00000
__Hstringtext5                                      stringtext5  00000
__Hstringtext6                                      stringtext6  00000
__Hstringtext7                                      stringtext7  00000
[...]
_vfprintf                                           text5        0160D
_width                                              bssBANK2     00140
abs@a                                               cstackBANK1  000A7
auto_drive@distance                                 cstackBANK1  000DB
auto_drive@distance_l                               cstackBANK1  000DD
auto_drive@distance_r                               cstackBANK1  000DF
btemp                                               (abs)        0007E
clear_ram0                                          clrtext      013F1
control_motors_with_uart@code                       cstackCOMMON 00076
control_motors_with_uart@dir                        cstackCOMMON 00077
control_servo@angle                                 cstackCOMMON 00074
control_servo@code                                  cstackCOMMON 00073
control_speed@code                                  cstackCOMMON 00072
control_speed@speed                                 cstackCOMMON 00073
end_of_initialization                               cinit        00095
fputc@c                                             cstackBANK1  000A0
fputc@fp                                            cstackBANK1  000A2
get_distance_from_supersonic@distance_in_cm         cstackBANK1  000D7
i1CCP1_LoadDutyValue@dutyValue                      cstackCOMMON 00070
i1CCP2_LoadDutyValue@dutyValue                      cstackCOMMON 00070
i1EUSART_Write@txData                               cstackCOMMON 00070
i1I2C_Master_Write@data                             cstackCOMMON 00070
i1IO_Expander_Write@Data                            cstackCOMMON 00071
i1LCD_CMD@CMD                                       cstackCOMMON 00075
i1LCD_Set_Cursor@COL                                cstackCOMMON 00076
i1LCD_Set_Cursor@ROW                                cstackCOMMON 00077
i1LCD_Write_4Bit@Nibble                             cstackCOMMON 00073
i1LCD_Write_Char@Data                               cstackCOMMON 00075
i1LCD_Write_String@Str                              cstackCOMMON 00076
i1LCD_Write_String@i                                cstackCOMMON 00079
i1_CCP1_LoadDutyValue                               text126      01473
i1_CCP2_LoadDutyValue                               text129      01460
i1_EUSART_Write                                     text116      012B5
i1_I2C_Master_Start                                 text114      012E8
i1_I2C_Master_Stop                                  text113      012EE
i1_I2C_Master_Wait                                  text115      013CD
i1_I2C_Master_Write                                 text112      0141B
i1_IO_Expander_Write                                text111      01486
i1_LCD_CMD                                          text109      014C2
i1_LCD_Clear                                        text108      01361
i1_LCD_Set_Cursor                                   text107      01729
i1_LCD_Write_4Bit                                   text110      014AD
i1_LCD_Write_Char                                   text106      0152B
i1_LCD_Write_String                                 text105      01629
i1_TMR1_Start                                       text122      01296
i1_TMR1_Stop                                        text121      01299
i1___awdiv                                          text104      00B81
i1___awdiv@counter                                  cstackCOMMON 00075
i1___awdiv@dividend                                 cstackCOMMON 00072
i1___awdiv@divisor                                  cstackCOMMON 00070
i1___awdiv@quotient                                 cstackCOMMON 00077
i1___awdiv@sign                                     cstackCOMMON 00076
i1___awmod                                          text103      00A31
i1___awmod@counter                                  cstackCOMMON 00075
i1___awmod@dividend                                 cstackCOMMON 00072
i1___awmod@divisor                                  cstackCOMMON 00070
i1___awmod@sign                                     cstackCOMMON 00076
i1___fldiv                                          text120      00243
i1___fldiv@a                                        cstackBANK0  00020
i1___fldiv@aexp                                     cstackBANK0  00039
i1___fldiv@b                                        cstackBANK0  00024
i1___fldiv@bexp                                     cstackBANK0  00038
i1___fldiv@grs                                      cstackBANK0  00034
i1___fldiv@new_exp                                  cstackBANK0  00032
i1___fldiv@rem                                      cstackBANK0  0002D
i1___fldiv@sign                                     cstackBANK0  00031
i1___fltol                                          text119      00CA0
i1___fltol@exp1                                     cstackBANK0  00043
i1___fltol@f1                                       cstackBANK0  0003A
i1___fltol@sign1                                    cstackBANK0  00042
i1___xxtofl                                         text118      00F56
i1___xxtofl@arg                                     cstackCOMMON 0007A
i1___xxtofl@exp                                     cstackCOMMON 00079
i1___xxtofl@sign                                    cstackCOMMON 00078
i1___xxtofl@val                                     cstackCOMMON 00070
i1_abs                                              text102      0142B
i1_fputc                                            text100      009E0
i1_get_distance_from_supersonic                     text117      00D11
i1_print_distance                                   text96       00814
i1_putch                                            text101      0128E
i1_shift_out_to_motors                              text128      00851
i1_sprintf                                          text97       01664
i1_vfpfcnvrt                                        text99       005D7
i1_vfprintf                                         text98       015F1
i1abs@a                                             cstackCOMMON 00077
i1fputc@c                                           cstackCOMMON 00070
i1fputc@fp                                          cstackCOMMON 00072
i1get_distance_from_supersonic@distance_in_cm       cstackBANK0  00049
i1print_distance@distance                           cstackBANK0  00047
i1shift_out_to_motors@bit_mask                      cstackCOMMON 00072
i1shift_out_to_motors@byte                          cstackCOMMON 00071
i1shift_out_to_motors@i                             cstackCOMMON 00073
i1sprintf@ap                                        cstackBANK0  00038
i1sprintf@f                                         cstackBANK0  0003A
i1sprintf@fmt                                       cstackBANK0  00033
i1sprintf@s                                         cstackBANK0  00039
i1vfpfcnvrt@ap                                      cstackCOMMON 0007C
i1vfpfcnvrt@c                                       cstackBANK0  0002C
i1vfpfcnvrt@convarg                                 cstackBANK0  00028
i1vfpfcnvrt@cp                                      cstackBANK0  00026
i1vfpfcnvrt@done                                    cstackBANK0  00024
i1vfpfcnvrt@fmt                                     cstackCOMMON 0007B
i1vfpfcnvrt@fp                                      cstackBANK0  00025
i1vfprintf@ap                                       cstackBANK0  0002F
i1vfprintf@cfmt                                     cstackBANK0  00031
i1vfprintf@fmt                                      cstackBANK0  0002D
i1vfprintf@fp                                       cstackBANK0  00030
int$flags                                           (abs)        0007E
intlevel0                                           functab      00000
intlevel1                                           functab      00000
intlevel2                                           functab      00000
intlevel3                                           functab      00000
intlevel4                                           functab      00000
intlevel5                                           functab      00000
print_distance@distance                             cstackBANK1  000D5
reset_vec                                           reset_vec    00000
shift_out_to_motors@bit_mask                        cstackBANK1  000A2
shift_out_to_motors@byte                            cstackBANK1  000A1
shift_out_to_motors@i                               cstackBANK1  000A3
sprintf@ap                                          cstackBANK1  000C6
sprintf@f                                           cstackBANK1  000C8
sprintf@fmt                                         cstackBANK1  000C1
sprintf@s                                           cstackBANK1  000C7
start                                               init         00040
start_initialization                                cinit        00042
verify_password@password_part                       cstackCOMMON 00071
vfpfcnvrt@ap                                        cstackBANK1  000AC
vfpfcnvrt@c                                         cstackBANK1  000B9
vfpfcnvrt@convarg                                   cstackBANK1  000B5
vfpfcnvrt@cp                                        cstackBANK1  000B3
vfpfcnvrt@done                                      cstackBANK1  000B1
vfpfcnvrt@fmt                                       cstackBANK1  000AB
vfpfcnvrt@fp                                        cstackBANK1  000B2
vfprintf@ap                                         cstackBANK1  000BC
vfprintf@cfmt                                       cstackBANK1  000BF
vfprintf@fmt                                        cstackBANK1  000BA
vfprintf@fp                                         cstackBANK1  000BE
wtemp0                                              (abs)        0007E


MODULE INFORMATION

Module		Function		Class		Link	Load	Size
/opt/microchip/xc8/v2.46/pic/sources/c99/common/awmod.c
		___awmod       		CODE           	0AD7	0000	84

/opt/microchip/xc8/v2.46/pic/sources/c99/common/awmod.c estimated size: 84

/opt/microchip/xc8/v2.46/pic/sources/c99/common/doprnt.c
		_vfpfcnvrt     		CODE           	04E3	0000	244
		_vfprintf      		CODE           	160D	0000	28

/opt/microchip/xc8/v2.46/pic/sources/c99/common/doprnt.c estimated size: 272

/opt/microchip/xc8/v2.46/pic/sources/c99/common/fltol.c
		___fltol       		CODE           	0D82	0000	113

/opt/microchip/xc8/v2.46/pic/sources/c99/common/fltol.c estimated size: 113

./ultrasonic.h
		_get_distance_from_supersonic		CODE           	0DF3	0000	116

./ultrasonic.h estimated size: 116

/opt/microchip/xc8/v2.46/pic/sources/c99/common/nf_sprintf.c
		_sprintf       		CODE           	1682	0000	30

/opt/microchip/xc8/v2.46/pic/sources/c99/common/nf_sprintf.c estimated size: 30

./lcd.h
		_print_distance		CODE           	0890	0000	63

./lcd.h estimated size: 63

mcc_generated_files/timer/src/tmr1.c
		_TMR1_Initialize		CODE           	15BC	0000	26
		_TMR1_Stop     		CODE           	133A	0000	7
		_TMR1_Start    		CODE           	1333	0000	7
		_TMR1_OverflowCallbackRegister		CODE           	136A	0000	9
		_TMR1_DefaultOverflowCallback		CODE           	1292	0000	1

mcc_generated_files/timer/src/tmr1.c estimated size: 50

mcc_generated_files/system/src/interrupt.c
		_INT_SetInterruptHandler		CODE           	1312	0000	6
		_INTERRUPT_Initialize		CODE           	13C2	0000	11
		_INTERRUPT_InterruptManager		CODE           	0004	0000	60

mcc_generated_files/system/src/interrupt.c estimated size: 77

mcc_generated_files/pwm/src/ccp2.c
		_CCP2_LoadDutyValue		CODE           	158A	0000	25
		_CCP2_Initialize		CODE           	13B7	0000	11

mcc_generated_files/pwm/src/ccp2.c estimated size: 36

/opt/microchip/xc8/v2.46/pic/sources/c99/common/awdiv.c
		___awdiv       		CODE           	0BE0	0000	96

/opt/microchip/xc8/v2.46/pic/sources/c99/common/awdiv.c estimated size: 96

mcc_generated_files/adc/src/adc.c
		_ADC_Initialize		CODE           	13AC	0000	11

mcc_generated_files/adc/src/adc.c estimated size: 11

/opt/microchip/xc8/v2.46/pic/sources/c99/common/sprcdiv.c
		___fldiv       		CODE           	0099	0000	426

/opt/microchip/xc8/v2.46/pic/sources/c99/common/sprcdiv.c estimated size: 426

./password.h
		_verify_password		CODE           	1646	0000	30

./password.h estimated size: 30

/opt/microchip/xc8/v2.46/pic/sources/c99/common/xxtofl.c
		___xxtofl      		CODE           	06C9	0000	171

/opt/microchip/xc8/v2.46/pic/sources/c99/common/xxtofl.c estimated size: 171

mcc_generated_files/system/src/pins.c
		_PIN_MANAGER_Initialize		CODE           	0B2B	0000	86

mcc_generated_files/system/src/pins.c estimated size: 86

./servo.h
		_control_servo 		CODE           	17A3	0000	46

./servo.h estimated size: 46

shared
		i1_vfpfcnvrt   		CODE           	05D7	0000	242
		i1_LCD_Write_4Bit		CODE           	14AD	0000	21
		i1_abs         		CODE           	142B	0000	17
		i1_LCD_Write_Char		CODE           	152B	0000	22
		_Timer4        		STRCODE        	0000	0000	0
		i1_I2C_Master_Start		CODE           	12E8	0000	6
		i1_print_distance		CODE           	0814	0000	61
		i1_putch       		CODE           	128E	0000	1
		i1_get_distance_from_supersonic		CODE           	0D11	0000	113
		i1_LCD_CMD     		CODE           	14C2	0000	21
		i1_LCD_Clear   		CODE           	1361	0000	9
		i1_vfprintf    		CODE           	15F1	0000	28
		i1_TMR1_Stop   		CODE           	1299	0000	3
		i1_EUSART_Write		CODE           	12B5	0000	4
		i1_TMR1_Start  		CODE           	1296	0000	3
		i1_IO_Expander_Write		CODE           	1486	0000	19
		i1___awdiv     		CODE           	0B81	0000	95
		i1_LCD_Set_Cursor		CODE           	1729	0000	38
		_Timer2        		STRCODE        	0000	0000	0
		i1___fldiv     		CODE           	0243	0000	426
		i1___fltol     		CODE           	0CA0	0000	113
		i1_CCP1_LoadDutyValue		CODE           	1473	0000	19
		i1_LCD_Write_String		CODE           	1629	0000	29
		__initialization		CODE           	0042	0000	83
		_I2C1_Host     		STRCODE        	0000	0000	0
		_i2c1_eventTable		STRCODE        	1831	0000	18
		_UART1         		STRCODE        	0000	0000	0
		i1___awmod     		CODE           	0A31	0000	83
		i1_I2C_Master_Wait		CODE           	13CD	0000	12
		i1_I2C_Master_Stop		CODE           	12EE	0000	6
		i1_sprintf     		CODE           	1664	0000	30
		i1___xxtofl    		CODE           	0F56	0000	170
		i1_shift_out_to_motors		CODE           	0851	0000	63
		_Timer0        		STRCODE        	0000	0000	0
		_tmr1          		STRCODE        	0000	0000	0
		i1_CCP2_LoadDutyValue		CODE           	1460	0000	19
		i1_fputc       		CODE           	09E0	0000	81
		i1_I2C_Master_Write		CODE           	141B	0000	16

shared estimated size: 1871

I2C_LCD.c
		_LCD_Init      		CODE           	0E67	0000	118
		_LCD_Write_4Bit		CODE           	1541	0000	24
		_LCD_Write_Char		CODE           	15A3	0000	25
		_LCD_CMD       		CODE           	1559	0000	24
		_I2C_Master_Wait		CODE           	13D9	0000	12
		_I2C_Master_Init		CODE           	13A1	0000	11
		_I2C_Master_Stop		CODE           	130C	0000	6
		_LCD_Set_Cursor		CODE           	174F	0000	39
		_LCD_Clear     		CODE           	138E	0000	9
		_IO_Expander_Write		CODE           	14EC	0000	21
		_I2C_Master_Write		CODE           	143C	0000	18
		_Backlight     		CODE           	1351	0000	8
		_I2C_Master_Start		CODE           	1306	0000	6
		_LCD_Write_String		CODE           	16A0	0000	31

I2C_LCD.c estimated size: 352

/opt/microchip/xc8/v2.46/pic/sources/c99/common/abs.c
		_abs           		CODE           	144E	0000	18

/opt/microchip/xc8/v2.46/pic/sources/c99/common/abs.c estimated size: 18

mcc_generated_files/timer/src/tmr4.c
		_TMR4_Initialize		CODE           	1501	0000	21
		_TMR4_OverflowCallbackRegister		CODE           	137C	0000	9
		_TMR4_DefaultOverflowCallback		CODE           	1293	0000	1

mcc_generated_files/timer/src/tmr4.c estimated size: 31

/opt/microchip/xc8/v2.46/pic/sources/c99/common/nf_fputc.c
		_fputc         		CODE           	0A84	0000	83

/opt/microchip/xc8/v2.46/pic/sources/c99/common/nf_fputc.c estimated size: 83

mcc_generated_files/timer/src/tmr2.c
		_TMR2_Initialize		CODE           	0800	0000	20
		_TMR2_OverflowCallbackRegister		CODE           	1373	0000	9
		_TMR2_DefaultOverflowCallback		CODE           	1291	0000	1

mcc_generated_files/timer/src/tmr2.c estimated size: 30

mcc_generated_files/uart/src/eusart.c
		_EUSART_FramingErrorCallbackRegister		CODE           	13FD	0000	15
		_EUSART_OverrunErrorCallbackRegister		CODE           	140C	0000	15
		_EUSART_Write  		CODE           	1385	0000	9
		_EUSART_DefaultOverrunErrorCallback		CODE           	12B1	0000	4
		_EUSART_Initialize		CODE           	1776	0000	45
		_EUSART_RxCompleteCallbackRegister		CODE           	07F1	0000	15
		_EUSART_DefaultFramingErrorCallback		CODE           	128D	0000	1
		_EUSART_ReceiveISR		CODE           	0EDD	0000	121

mcc_generated_files/uart/src/eusart.c estimated size: 225

/opt/microchip/xc8/v2.46/pic/sources/c99/common/putch.c
		_putch         		CODE           	1294	0000	1

/opt/microchip/xc8/v2.46/pic/sources/c99/common/putch.c estimated size: 1

mcc_generated_files/system/src/clock.c
		_CLOCK_Initialize		CODE           	1359	0000	8

mcc_generated_files/system/src/clock.c estimated size: 8

mcc_generated_files/i2c_host/src/mssp.c
		_I2C1_EVENT_SEND_WR_ADDR		CODE           	131E	0000	7
		_I2C1_NackSend 		CODE           	12C9	0000	4
		_I2C1_ErrorEventHandler		CODE           	16E1	0000	35
		_I2C1_CallbackRegister		CODE           	13E5	0000	12
		_I2C1_EVENT_RESET		CODE           	1325	0000	7
		_I2C1_EVENT_ERROR		CODE           	12FA	0000	6
		_I2C1_ErrorInterruptClear		CODE           	129C	0000	3
		_I2C1_StatusFlagsClear		CODE           	12BD	0000	4
		_I2C1_InterruptClear		CODE           	129F	0000	3
		_I2C1_EVENT_RX 		CODE           	08CF	0000	64
		_I2C1_EVENT_TX 		CODE           	17D1	0000	47
		_I2C1_ReceiveEnable		CODE           	12A8	0000	3
		_I2C1_RestartEnable		CODE           	12AE	0000	3
		_I2C1_ISR      		CODE           	12D5	0000	4
		_I2C1_EventHandler		CODE           	0950	0000	67
		_I2C1_DataReceive		CODE           	12A5	0000	3
		_I2C1_IsData   		CODE           	12DE	0000	5
		_I2C1_IsNack   		CODE           	1300	0000	6
		_I2C1_IsAddr   		CODE           	132C	0000	7
		_I2C1_EVENT_IDLE		CODE           	12CD	0000	4
		_I2C1_EVENT_NACK		CODE           	12F4	0000	6
		_I2C1_EVENT_SEND_RD_ADDR		CODE           	1341	0000	8
		_I2C1_EVENT_STOP		CODE           	1349	0000	8
		_I2C1_BusReset 		CODE           	12B9	0000	4
		_I2C1_Initialize		CODE           	1499	0000	20
		_I2C1_Close    		CODE           	14D7	0000	21
		_I2C1_ERROR_ISR		CODE           	12D1	0000	4
		_I2C1_IsRxBufFull		CODE           	12C5	0000	4
		_I2C1_StopSend 		CODE           	12A2	0000	3
		_I2C1_RestartDisable		CODE           	12AB	0000	3
		_I2C1_DataTransmit		CODE           	12D9	0000	5
		_I2C1_AckSend  		CODE           	12C1	0000	4
		_I2C1_DefaultCallback		CODE           	128F	0000	1

mcc_generated_files/i2c_host/src/mssp.c estimated size: 385

mcc_generated_files/timer/src/tmr0.c
		_Timer0_Initialize		CODE           	1516	0000	21
		_Timer0_OverflowCallbackRegister		CODE           	1318	0000	6
		_Timer0_OverflowISR		CODE           	16BF	0000	34
		_Timer0_DefaultOverflowCallback		CODE           	1290	0000	1

mcc_generated_files/timer/src/tmr0.c estimated size: 62

./motors.h
		_control_speed 		CODE           	15D6	0000	27
		_shift_out_to_motors		CODE           	090F	0000	65
		_control_motors_with_uart		CODE           	0774	0000	125

./motors.h estimated size: 217

mcc_generated_files/pwm/src/ccp1.c
		_CCP1_LoadDutyValue		CODE           	1571	0000	25
		_CCP1_Initialize		CODE           	1397	0000	10

mcc_generated_files/pwm/src/ccp1.c estimated size: 35

main.c
		_main          		CODE           	0C40	0000	96
		_auto_drive    		CODE           	03ED	0000	246
		_UART_Custom_ISR		CODE           	0993	0000	77

main.c estimated size: 419

mcc_generated_files/system/src/system.c
		_SYSTEM_Initialize		CODE           	1704	0000	37

mcc_generated_files/system/src/system.c estimated size: 37

