Microchip MPLAB XC8 Compiler V2.46

Linker command line:

-W-3 --edf=/opt/microchip/xc8/v2.46/pic/dat/20240104201356_en.msgs -cn \
  -h+dist/default/production/mcu-mastercamp.production.sym \
  --cmf=dist/default/production/mcu-mastercamp.production.cmf -z -Q16F1619 \
  -o/tmp/xcXejiIgj/driver_tmp_3.o --defsym=__MPLAB_BUILD=1 \
  --fixupoverflow=error \
  -Mdist/default/production/mcu-mastercamp.production.map \
  --md=/tmp/xcXejiIgj/driver_tmp_0.dat -E1 -ver=XC8 Compiler --acfsm=1493 \
  -ACODE=00h-07FFhx4 -ASTRCODE=00h-01FFFh -ASTRING=00h-0FFhx32 \
  -ACONST=00h-0FFhx32 -AENTRY=00h-0FFhx32 -ACOMMON=070h-07Fh \
  -ABANK0=020h-06Fh -ABANK1=0A0h-0EFh -ABANK2=0120h-016Fh \
  -ABANK3=01A0h-01EFh -ABANK4=0220h-026Fh -ABANK5=02A0h-02EFh \
  -ABANK6=0320h-036Fh -ABANK7=03A0h-03EFh -ABANK8=0420h-046Fh \
  -ABANK9=04A0h-04EFh -ABANK10=0520h-056Fh -ABANK11=05A0h-05EFh \
  -ABANK12=0620h-064Fh -ABIGRAM=02000h-023EFh \
  -ARAM=020h-06Fh,0A0h-0EFh,0120h-016Fh,01A0h-01EFh,0220h-026Fh,02A0h-02EFh,0320h-036Fh,03A0h-03EFh,0420h-046Fh,04A0h-04EFh,0520h-056Fh,05A0h-05EFh,0620h-064Fh \
  -AABS1=020h-07Fh,0A0h-0EFh,0120h-016Fh,01A0h-01EFh,0220h-026Fh,02A0h-02EFh,0320h-036Fh,03A0h-03EFh,0420h-046Fh,04A0h-04EFh,0520h-056Fh,05A0h-05EFh,0620h-064Fh \
  -ASFR0=00h-01Fh -ASFR1=080h-09Fh -ASFR2=0100h-011Fh -ASFR3=0180h-019Fh \
  -ASFR4=0200h-021Fh -ASFR5=0280h-029Fh -ASFR6=0300h-031Fh \
  -ASFR7=0380h-039Fh -ASFR8=0400h-041Fh -ASFR9=0480h-049Fh \
  -ASFR10=0500h-051Fh -ASFR11=0580h-059Fh -ASFR12=0600h-061Fh \
  -ASFR13=0680h-06EFh -ASFR14=0700h-076Fh -ASFR15=0780h-07EFh \
  -ASFR16=0800h-086Fh -ASFR17=0880h-08EFh -ASFR18=0900h-096Fh \
  -ASFR19=0980h-09EFh -ASFR20=0A00h-0A6Fh -ASFR21=0A80h-0AEFh \
  -ASFR22=0B00h-0B6Fh -ASFR23=0B80h-0BEFh -ASFR24=0C00h-0C6Fh \
  -ASFR25=0C80h-0CEFh -ASFR26=0D00h-0D6Fh -ASFR27=0D80h-0DEFh \
  -ASFR28=0E00h-0E6Fh -ASFR29=0E80h-0EEFh -ASFR30=0F00h-0F6Fh \
  -ASFR31=0F80h-0FEFh -ACONFIG=08007h-08009h -DCONFIG=2 \
  -AIDLOC=08000h-08003h -DIDLOC=2 -DCODE=2 -DSTRCODE=2 -DSTRING=2 -DCONST=2 \
  -DENTRY=2 -preset_vec=00h,intentry=04h,sivt,init,end_init -ppowerup=CODE \
  -pcinit=CODE -pfunctab=ENTRY -k /tmp/xcXejiIgj/driver_tmp_17.o \
  dist/default/production/mcu-mastercamp.production.o 

Object code version is 3.11

Machine type is 16F1619



                Name                               Link     Load   Length Selector   Space Scale
/tmp/xcXejiIgj/driver_tmp_17.o
                end_init                             41       41        2        8       0
                reset_vec                             0        0        2        0       0
                config                             8007     8007        3        0       4
dist/default/production/mcu-mastercamp.production.o
                cinit                                43       43       4D        8       0
                intentry                              4        4       3D        8       0
                config                             8007     8007        3        0       4
                text131                            126A     126A        1     24D4       0
                text130                            128D     128D        4     251A       0
                text129                            144B     144B       13     2896       0
                text128                             8C2      8C2       42     1184       0
                text127                             ED9      ED9       7D     1DB2       0
                text126                            145E     145E       13     28BC       0
                text125                            1775     1775       2E     2EEA       0
                text124                            15BC     15BC       1B     2B78       0
                text123                            1681     1681       1E     2D02       0
                text122                            1272     1272        3     24E4       0
                text121                            1275     1275        3     24EA       0
                text120                             23A      23A      1AA        8       0
                text119                             C9C      C9C       71     1938       0
                text118                             F56      F56       AA     1EAC       0
                text117                             D0D      D0D       71     1A1A       0
                text116                            1291     1291        4     2522       0
                text115                            13A6     13A6        C     274C       0
                text114                            12BA     12BA        6     2574       0
                text113                            12C0     12C0        6     2580       0
                text112                            1406     1406       10     280C       0
                text111                            1471     1471       13     28E2       0
                text110                            14AC     14AC       15     2958       0
                text109                            14C1     14C1       15     2982       0
                text108                            1328     1328        9     2650       0
                text107                            1728     1728       26     2E50       0
                text106                            1515     1515       16     2A2A       0
                text105                            162A     162A       1D     2C54       0
                text104                             B7A      B7A       5F     16F4       0
                text103                             A7D      A7D       53     14FA       0
                text102                            1416     1416       11     282C       0
                text101                            126B     126B        1     24D6       0
                text100                             9DB      9DB       50     13B6       0
                text99                              5DA      5DA       F0        8       0
                text98                             15F2     15F2       1C     2BE4       0
                text97                             1647     1647       1D     2C8E       0
                text96                              806      806       3D     100C       0
                text95                              98D      98D       4E     131A       0
                text94                              775      775       86        8       0
                text93                             126C     126C        1     24D8       0
                text92                             1295     1295        4     252A       0
                text91                             1278     1278        3     24F0       0
                text90                             127B     127B        3     24F6       0
                text89                             1299     1299        4     2532       0
                text88                             14D6     14D6       15     29AC       0
                text87                             127E     127E        3     24FC       0
                text86                             129D     129D        4     253A       0
                text85                             1281     1281        3     2502       0
                text84                             12A1     12A1        4     2542       0
                text83                             12A5     12A5        4     254A       0
                text82                             1284     1284        3     2508       0
                text81                             1287     1287        3     250E       0
                text80                             12B5     12B5        5     256A       0
                text79                             128A     128A        3     2514       0
                text78                             17D1     17D1       2F     2FA2       0
                text77                             12A9     12A9        4     2552       0
                text76                             1308     1308        8     2610       0
                text75                             12DE     12DE        7     25BC       0
                text74                              882      882       40     1104       0
                text73                             12C6     12C6        6     258C       0
                text72                             12CC     12CC        6     2598       0
                text71                             1310     1310        8     2620       0
                text70                             12E5     12E5        7     25CA       0
                text69                             16E0     16E0       23     2DC0       0
                text68                             12AD     12AD        4     255A       0
                text67                             12EC     12EC        7     25D8       0
                text66                              7FB      7FB        5        8       0
                text65                             12D2     12D2        6     25A4       0
                text64                              904      904       43     1208       0
                text63                             12B1     12B1        4     2562       0
                text62                             126D     126D        1     24DA       0
                text61                             126E     126E        1     24DC       0
                text60                             126F     126F        1     24DE       0
                text59                             1270     1270        1     24E0       0
                text58                             16BE     16BE       22     2D7C       0
                text56                             13B2     13B2        C     2764       0
                text55                             12D8     12D8        6     25B0       0
                text54                              800      800        6     1000       0
                text53                             1427     1427       12     284E       0
                text52                             14EB     14EB       15     29D6       0
                text51                             1318     1318        8     2630       0
                text50                             137A     137A        B     26F4       0
                text49                             1541     1541       18     2A82       0
                text48                             1559     1559       18     2AB2       0
                text47                              E63      E63       76     1CC6       0
                text46                             1385     1385        B     270A       0
                text45                             1370     1370        A     26E0       0
                text44                             1390     1390        B     2720       0
                text43                             1320     1320        8     2640       0
                text42                             13CA     13CA        F     2794       0
                text41                             13D9     13D9        F     27B2       0
                text40                             13E8     13E8        F     27D0       0
                text39                             17A3     17A3       2E     2F46       0
                text38                             13F7     13F7        F     27EE       0
                text37                             1484     1484       14     2908       0
                text36                             1331     1331        9     2662       0
                text35                             139B     139B        B     2736       0
                text34                              B24      B24       56     1648       0
                text33                             133A     133A        9     2674       0
                text32                             15D7     15D7       1B     2BAE       0
                text31                             1343     1343        9     2686       0
                text30                             1498     1498       14     2930       0
                text29                             134C     134C        9     2698       0
                text28                             1500     1500       15     2A00       0
                text27                             1355     1355        9     26AA       0
                text26                             152B     152B       16     2A56       0
                text25                             1703     1703       25     2E06       0
                text24                             1571     1571       19     2AE2       0
                text23                             158A     158A       19     2B14       0
                text22                             12F3     12F3        7     25E6       0
                text21                             12FA     12FA        7     25F4       0
                text20                               90       90      1AA        8       0
                text19                              D7E      D7E       71     1AFC       0
                text18                              6CA      6CA       AB        8       0
                text17                              DEF      DEF       74     1BDE       0
                text16                             135E     135E        9     26BC       0
                text15                             1367     1367        9     26CE       0
                text14                             174E     174E       27     2E9C       0
                text13                             15A3     15A3       19     2B46       0
                text12                             169F     169F       1F     2D3E       0
                text11                              BD9      BD9       60     17B2       0
                text10                              AD0      AD0       54     15A0       0
                text9                              1439     1439       12     2872       0
                text8                              1271     1271        1     24E2       0
                text7                               A2B      A2B       52     1456       0
                text6                               4E8      4E8       F2        8       0
                text5                              160E     160E       1C     2C1C       0
                text4                              1664     1664       1D     2CC8       0
                text3                               843      843       3F     1086       0
                text2                               947      947       46     128E       0
                text1                               3E4      3E4      104        8       0
                maintext                            C39      C39       63     1872       0
                cstackBANK0                          20       20       40       20       1
                cstackCOMMON                         70       70        E       70       1
                cstackBANK1                          A0       A0       4F       A0       1
                clrtext                            13BE     13BE        C     277C       0
                bssBANK3                            1A0      1A0       40      1A0       1
                dataBANK2                           165      165        7      120       1
                bssBANK2                            120      120       45      120       1
                bssBANK1                             EF       EF        1       A0       1
                dataBANK0                            6E       6E        2       20       1
                bssBANK0                             60       60        E       20       1
                stringtext9                        1850     1850        D     3000       0
                stringtext8                        1843     1843        D     3000       0
                stringtext7                        1800     1800       1D     3000       0
                stringtext6                        1875     1875        C     3000       0
                stringtext5                        1869     1869        C     3000       0
                stringtext4                        185D     185D        C     3000       0
                stringtext3                        1831     1831       12     3000       0
                stringtext2                        181D     181D       14     3000       0
                stringtext1                        1000     1000       30     2000       0
                idataBANK2                         1301     1301        7     2602       0
                idataBANK0                            2        2        2        0       0

TOTAL           Name                               Link     Load   Length     Space
        CLASS   CODE           
                end_init                             41       41        2         0
                cinit                                43       43       4D         0
                intentry                              4        4       3D         0
                reset_vec                             0        0        2         0
                text131                            126A     126A        1         0
                text130                            128D     128D        4         0
                text129                            144B     144B       13         0
                text128                             8C2      8C2       42         0
                text127                             ED9      ED9       7D         0
                text126                            145E     145E       13         0
                text125                            1775     1775       2E         0
                text124                            15BC     15BC       1B         0
                text123                            1681     1681       1E         0
                text122                            1272     1272        3         0
                text121                            1275     1275        3         0
                text120                             23A      23A      1AA         0
                text119                             C9C      C9C       71         0
                text118                             F56      F56       AA         0
                text117                             D0D      D0D       71         0
                text116                            1291     1291        4         0
                text115                            13A6     13A6        C         0
                text114                            12BA     12BA        6         0
                text113                            12C0     12C0        6         0
                text112                            1406     1406       10         0
                text111                            1471     1471       13         0
                text110                            14AC     14AC       15         0
                text109                            14C1     14C1       15         0
                text108                            1328     1328        9         0
                text107                            1728     1728       26         0
                text106                            1515     1515       16         0
                text105                            162A     162A       1D         0
                text104                             B7A      B7A       5F         0
                text103                             A7D      A7D       53         0
                text102                            1416     1416       11         0
                text101                            126B     126B        1         0
                text100                             9DB      9DB       50         0
                text99                              5DA      5DA       F0         0
                text98                             15F2     15F2       1C         0
                text97                             1647     1647       1D         0
                text96                              806      806       3D         0
                text95                              98D      98D       4E         0
                text94                              775      775       86         0
                text93                             126C     126C        1         0
                text92                             1295     1295        4         0
                text91                             1278     1278        3         0
                text90                             127B     127B        3         0
                text89                             1299     1299        4         0
                text88                             14D6     14D6       15         0
                text87                             127E     127E        3         0
                text86                             129D     129D        4         0
                text85                             1281     1281        3         0
                text84                             12A1     12A1        4         0
                text83                             12A5     12A5        4         0
                text82                             1284     1284        3         0
                text81                             1287     1287        3         0
                text80                             12B5     12B5        5         0
                text79                             128A     128A        3         0
                text78                             17D1     17D1       2F         0
                text77                             12A9     12A9        4         0
                text76                             1308     1308        8         0
                text75                             12DE     12DE        7         0
                text74                              882      882       40         0
                text73                             12C6     12C6        6         0
                text72                             12CC     12CC        6         0
                text71                             1310     1310        8         0
                text70                             12E5     12E5        7         0
                text69                             16E0     16E0       23         0
                text68                             12AD     12AD        4         0
                text67                             12EC     12EC        7         0
                text66                              7FB      7FB        5         0
                text65                             12D2     12D2        6         0
                text64                              904      904       43         0
                text63                             12B1     12B1        4         0
                text62                             126D     126D        1         0
                text61                             126E     126E        1         0
                text60                             126F     126F        1         0
                text59                             1270     1270        1         0
                text58                             16BE     16BE       22         0
                text56                             13B2     13B2        C         0
                text55                             12D8     12D8        6         0
                text54                              800      800        6         0
                text53                             1427     1427       12         0
                text52                             14EB     14EB       15         0
                text51                             1318     1318        8         0
                text50                             137A     137A        B         0
                text49                             1541     1541       18         0
                text48                             1559     1559       18         0
                text47                              E63      E63       76         0
                text46                             1385     1385        B         0
                text45                             1370     1370        A         0
                text44                             1390     1390        B         0
                text43                             1320     1320        8         0
                text42                             13CA     13CA        F         0
                text41                             13D9     13D9        F         0
                text40                             13E8     13E8        F         0
                text39                             17A3     17A3       2E         0
                text38                             13F7     13F7        F         0
                text37                             1484     1484       14         0
                text36                             1331     1331        9         0
                text35                             139B     139B        B         0
                text34                              B24      B24       56         0
                text33                             133A     133A        9         0
                text32                             15D7     15D7       1B         0
                text31                             1343     1343        9         0
                text30                             1498     1498       14         0
                text29                             134C     134C        9         0
                text28                             1500     1500       15         0
                text27                             1355     1355        9         0
                text26                             152B     152B       16         0
                text25                             1703     1703       25         0
                text24                             1571     1571       19         0
                text23                             158A     158A       19         0
                text22                             12F3     12F3        7         0
                text21                             12FA     12FA        7         0
                text20                               90       90      1AA         0
                text19                              D7E      D7E       71         0
                text18                              6CA      6CA       AB         0
                text17                              DEF      DEF       74         0
                text16                             135E     135E        9         0
                text15                             1367     1367        9         0
                text14                             174E     174E       27         0
                text13                             15A3     15A3       19         0
                text12                             169F     169F       1F         0
                text11                              BD9      BD9       60         0
                text10                              AD0      AD0       54         0
                text9                              1439     1439       12         0
                text8                              1271     1271        1         0
                text7                               A2B      A2B       52         0
                text6                               4E8      4E8       F2         0
                text5                              160E     160E       1C         0
                text4                              1664     1664       1D         0
                text3                               843      843       3F         0
                text2                               947      947       46         0
                text1                               3E4      3E4      104         0
                maintext                            C39      C39       63         0
                clrtext                            13BE     13BE        C         0
                idataBANK2                         1301     1301        7         0
                idataBANK0                            2        2        2         0

        CLASS   STRCODE        
                stringtext9                        1850     1850        D         0
                stringtext8                        1843     1843        D         0
                stringtext7                        1800     1800       1D         0
                stringtext6                        1875     1875        C         0
                stringtext5                        1869     1869        C         0
                stringtext4                        185D     185D        C         0
                stringtext3                        1831     1831       12         0
                stringtext2                        181D     181D       14         0
                stringtext1                        1000     1000       30         0

        CLASS   STRING         

        CLASS   CONST          

        CLASS   ENTRY          

        CLASS   COMMON         
                cstackCOMMON                         70       70        E         1

        CLASS   BANK0          
                cstackBANK0                          20       20       40         1
                dataBANK0                            6E       6E        2         1
                bssBANK0                             60       60        E         1

        CLASS   BANK1          
                cstackBANK1                          A0       A0       4F         1
                bssBANK1                             EF       EF        1         1

        CLASS   BANK2          
                dataBANK2                           165      165        7         1
                bssBANK2                            120      120       45         1

        CLASS   BANK3          
                bssBANK3                            1A0      1A0       40         1

        CLASS   BANK4          

        CLASS   BANK5          

        CLASS   BANK6          

        CLASS   BANK7          

        CLASS   BANK8          

        CLASS   BANK9          

        CLASS   BANK10         

        CLASS   BANK11         

        CLASS   BANK12         

        CLASS   BIGRAM         

        CLASS   RAM            

        CLASS   ABS1           
                abs_s1                               7E       7E        2         1
                abs_s1                              5A0      5A0       50         1
                abs_s1                              620      620       30         1
                abs_s1                             2370     2370        0         1

        CLASS   SFR0           

        CLASS   SFR1           

        CLASS   SFR2           

        CLASS   SFR3           

        CLASS   SFR4           

        CLASS   SFR5           

        CLASS   SFR6           

        CLASS   SFR7           

        CLASS   SFR8           

        CLASS   SFR9           

        CLASS   SFR10          

        CLASS   SFR11          

        CLASS   SFR12          

        CLASS   SFR13          

        CLASS   SFR14          

        CLASS   SFR15          

        CLASS   SFR16          

        CLASS   SFR17          

        CLASS   SFR18          

        CLASS   SFR19          

        CLASS   SFR20          

        CLASS   SFR21          

        CLASS   SFR22          

        CLASS   SFR23          

        CLASS   SFR24          

        CLASS   SFR25          

        CLASS   SFR26          

        CLASS   SFR27          

        CLASS   SFR28          

        CLASS   SFR29          

        CLASS   SFR30          

        CLASS   SFR31          

        CLASS   CONFIG         
                config                             8007     8007        3         4

        CLASS   IDLOC          

        CLASS   BANK31         

        CLASS   BANK30         

        CLASS   BANK29         

        CLASS   BANK28         

        CLASS   BANK27         

        CLASS   BANK26         

        CLASS   BANK25         

        CLASS   BANK24         

        CLASS   BANK23         

        CLASS   BANK22         

        CLASS   BANK21         

        CLASS   BANK20         

        CLASS   BANK19         

        CLASS   BANK18         

        CLASS   BANK17         

        CLASS   BANK16         

        CLASS   BANK15         

        CLASS   BANK14         

        CLASS   BANK13         

        CLASS   HEAP           

        CLASS   STACK          

        CLASS   EEDATA         



SEGMENTS        Name                           Load    Length   Top    Selector   Space  Class     Delta

                text42                         0013CA  00000F  0013D9      2794       0  CODE        2
                text41                         0013D9  00000F  0013E8      27B2       0  CODE        2
                clrtext                        0013BE  00000C  0013CA      277C       0  CODE        2
                text115                        0013A6  00000C  0013B2      274C       0  CODE        2
                text56                         0013B2  00000C  0013BE      2764       0  CODE        2
                text40                         0013E8  00000F  0013F7      27D0       0  CODE        2
                text53                         001427  000012  001439      284E       0  CODE        2
                text9                          001439  000012  00144B      2872       0  CODE        2
                text102                        001416  000011  001427      282C       0  CODE        2
                text38                         0013F7  00000F  001406      27EE       0  CODE        2
                text112                        001406  000010  001416      280C       0  CODE        2
                text35                         00139B  00000B  0013A6      2736       0  CODE        2
                text29                         00134C  000009  001355      2698       0  CODE        2
                text27                         001355  000009  00135E      26AA       0  CODE        2
                text31                         001343  000009  00134C      2686       0  CODE        2
                text36                         001331  000009  00133A      2662       0  CODE        2
                text33                         00133A  000009  001343      2674       0  CODE        2
                text16                         00135E  000009  001367      26BC       0  CODE        2
                text46                         001385  00000B  001390      270A       0  CODE        2
                text44                         001390  00000B  00139B      2720       0  CODE        2
                text50                         00137A  00000B  001385      26F4       0  CODE        2
                text15                         001367  000009  001370      26CE       0  CODE        2
                text45                         001370  00000A  00137A      26E0       0  CODE        2
                text23                         00158A  000019  0015A3      2B14       0  CODE        2
                text13                         0015A3  000019  0015BC      2B46       0  CODE        2
                text24                         001571  000019  00158A      2AE2       0  CODE        2
                text49                         001541  000018  001559      2A82       0  CODE        2
                text48                         001559  000018  001571      2AB2       0  CODE        2
                text124                        0015BC  00001B  0015D7      2B78       0  CODE        2
                text105                        00162A  00001D  001647      2C54       0  CODE        2
                text97                         001647  00001D  001664      2C8E       0  CODE        2
                text5                          00160E  00001C  00162A      2C1C       0  CODE        2
                text32                         0015D7  00001B  0015F2      2BAE       0  CODE        2
                text98                         0015F2  00001C  00160E      2BE4       0  CODE        2
                text26                         00152B  000016  001541      2A56       0  CODE        2
                text37                         001484  000014  001498      2908       0  CODE        2
                text30                         001498  000014  0014AC      2930       0  CODE        2
                text111                        001471  000013  001484      28E2       0  CODE        2
                text129                        00144B  000013  00145E      2896       0  CODE        2
                text126                        00145E  000013  001471      28BC       0  CODE        2
                text110                        0014AC  000015  0014C1      2958       0  CODE        2
                text28                         001500  000015  001515      2A00       0  CODE        2
                text106                        001515  000016  00152B      2A2A       0  CODE        2
                text52                         0014EB  000015  001500      29D6       0  CODE        2
                text109                        0014C1  000015  0014D6      2982       0  CODE        2
                text88                         0014D6  000015  0014EB      29AC       0  CODE        2
                text108                        001328  000009  001331      2650       0  CODE        2
                text82                         001284  000003  001287      2508       0  CODE        2
                text81                         001287  000003  00128A      250E       0  CODE        2
                text85                         001281  000003  001284      2502       0  CODE        2
                text90                         00127B  000003  00127E      24F6       0  CODE        2
                text87                         00127E  000003  001281      24FC       0  CODE        2
                text79                         00128A  000003  00128D      2514       0  CODE        2
                text89                         001299  000004  00129D      2532       0  CODE        2
                text86                         00129D  000004  0012A1      253A       0  CODE        2
                text92                         001295  000004  001299      252A       0  CODE        2
                text130                        00128D  000004  001291      251A       0  CODE        2
                text116                        001291  000004  001295      2522       0  CODE        2
                text91                         001278  000003  00127B      24F0       0  CODE        2
                text93                         00126C  000001  00126D      24D8       0  CODE        2
                text62                         00126D  000001  00126E      24DA       0  CODE        2
                text101                        00126B  000001  00126C      24D6       0  CODE        2
                text131                        00126A  000001  00126B      24D4       0  CODE        2
                text61                         00126E  000001  00126F      24DC       0  CODE        2
                text122                        001272  000003  001275      24E4       0  CODE        2
                text121                        001275  000003  001278      24EA       0  CODE        2
                text8                          001271  000001  001272      24E2       0  CODE        2
                text60                         00126F  000001  001270      24DE       0  CODE        2
                text59                         001270  000001  001271      24E0       0  CODE        2
                text67                         0012EC  000007  0012F3      25D8       0  CODE        2
                text22                         0012F3  000007  0012FA      25E6       0  CODE        2
                text70                         0012E5  000007  0012EC      25CA       0  CODE        2
                text54                         000800  000006  000806      1000       0  CODE        2
                text75                         0012DE  000007  0012E5      25BC       0  CODE        2
                text21                         0012FA  000007  001301      25F4       0  CODE        2
                text51                         001318  000008  001320      2630       0  CODE        2
                text43                         001320  000008  001328      2640       0  CODE        2
                text71                         001310  000008  001318      2620       0  CODE        2
                idataBANK2                     001301  000007  001308      2602       0  CODE        2
                text76                         001308  000008  001310      2610       0  CODE        2
                text55                         0012D8  000006  0012DE      25B0       0  CODE        2
                text68                         0012AD  000004  0012B1      255A       0  CODE        2
                text63                         0012B1  000004  0012B5      2562       0  CODE        2
                text77                         0012A9  000004  0012AD      2552       0  CODE        2
                text84                         0012A1  000004  0012A5      2542       0  CODE        2
                text83                         0012A5  000004  0012A9      254A       0  CODE        2
                text80                         0012B5  000005  0012BA      256A       0  CODE        2
                text72                         0012CC  000006  0012D2      2598       0  CODE        2
                text65                         0012D2  000006  0012D8      25A4       0  CODE        2
                text73                         0012C6  000006  0012CC      258C       0  CODE        2
                text114                        0012BA  000006  0012C0      2574       0  CODE        2
                text113                        0012C0  000006  0012C6      2580       0  CODE        2
                cstackBANK0                    000020  000050  000070        20       1  BANK0       1
                reset_vec                      000000  000004  000004         0       0  CODE        2
                cstackCOMMON                   000070  00000E  00007E        70       1  COMMON      1
                intentry                       000004  0007FC  000800         8       0  CODE        2
                bssBANK2                       000120  00004C  00016C       120       1  BANK2       1
                cstackBANK1                    0000A0  000050  0000F0        A0       1  BANK1       1
                bssBANK3                       0001A0  000040  0001E0       1A0       1  BANK3       1
                text74                         000882  000040  0008C2      1104       0  CODE        2
                text128                        0008C2  000042  000904      1184       0  CODE        2
                text3                          000843  00003F  000882      1086       0  CODE        2
                stringtext1                    001000  000030  001030      2000       0  STRCODE     2
                text96                         000806  00003D  000843      100C       0  CODE        2
                text64                         000904  000043  000947      1208       0  CODE        2
                text7                          000A2B  000052  000A7D      1456       0  CODE        2
                text103                        000A7D  000053  000AD0      14FA       0  CODE        2
                text100                        0009DB  000050  000A2B      13B6       0  CODE        2
                text2                          000947  000046  00098D      128E       0  CODE        2
                text95                         00098D  00004E  0009DB      131A       0  CODE        2
                text78                         0017D1  00002F  001800      2FA2       0  CODE        2
                text12                         00169F  00001F  0016BE      2D3E       0  CODE        2
                text58                         0016BE  000022  0016E0      2D7C       0  CODE        2
                text123                        001681  00001E  00169F      2D02       0  CODE        2
                text4                          001664  00001D  001681      2CC8       0  CODE        2
                stringtext7                    001800  000081  001881      3000       0  STRCODE     2
                text69                         0016E0  000023  001703      2DC0       0  CODE        2
                text125                        001775  00002E  0017A3      2EEA       0  CODE        2
                text39                         0017A3  00002E  0017D1      2F46       0  CODE        2
                text14                         00174E  000027  001775      2E9C       0  CODE        2
                text25                         001703  000025  001728      2E06       0  CODE        2
                text107                        001728  000026  00174E      2E50       0  CODE        2
                text118                        000F56  0000AA  001000      1EAC       0  CODE        2
                text11                         000BD9  000060  000C39      17B2       0  CODE        2
                maintext                       000C39  000063  000C9C      1872       0  CODE        2
                text104                        000B7A  00005F  000BD9      16F4       0  CODE        2
                text10                         000AD0  000054  000B24      15A0       0  CODE        2
                text34                         000B24  000056  000B7A      1648       0  CODE        2
                text119                        000C9C  000071  000D0D      1938       0  CODE        2
                text47                         000E63  000076  000ED9      1CC6       0  CODE        2
                text127                        000ED9  00007D  000F56      1DB2       0  CODE        2
                text17                         000DEF  000074  000E63      1BDE       0  CODE        2
                text117                        000D0D  000071  000D7E      1A1A       0  CODE        2
                text19                         000D7E  000071  000DEF      1AFC       0  CODE        2


UNUSED ADDRESS RANGES

        Name                Unused          Largest block    Delta
        BANK10           00520-0056F              50           1
        BANK2            0016C-0016F               4           1
        BANK3            001E0-001EF              10           1
        BANK4            00220-0026F              50           1
        BANK5            002A0-002EF              50           1
        BANK6            00320-0036F              50           1
        BANK7            003A0-003EF              50           1
        BANK8            00420-0046F              50           1
        BANK9            004A0-004EF              50           1
        BIGRAM           02000-023EF             3F0           1
        CODE             01030-01269             23A           2
                         01881-01FFF             77F
        CONST            01030-01269             100           2
                         01881-01FFF             100
        ENTRY            01030-01269             100           2
                         01881-01FFF             100
        IDLOC            08000-08003               4           2
        RAM              0016C-0016F               4           1
                         001E0-001EF              10
                         00220-0026F              50
                         002A0-002EF              50
                         00320-0036F              50
                         003A0-003EF              50
                         00420-0046F              50
                         004A0-004EF              50
                         00520-0056F              50
        SFR0             00000-0001F              20           1
        SFR1             00080-0009F              20           1
        SFR10            00500-0051F              20           1
        SFR11            00580-0059F              20           1
        SFR12            00600-0061F              20           1
        SFR13            00680-006EF              70           1
        SFR14            00700-0076F              70           1
        SFR15            00780-007EF              70           1
        SFR16            00800-0086F              70           1
        SFR17            00880-008EF              70           1
        SFR18            00900-0096F              70           1
        SFR19            00980-009EF              70           1
        SFR2             00100-0011F              20           1
        SFR20            00A00-00A6F              70           1
        SFR21            00A80-00AEF              70           1
        SFR22            00B00-00B6F              70           1
        SFR23            00B80-00BEF              70           1
        SFR24            00C00-00C6F              70           1
        SFR25            00C80-00CEF              70           1
        SFR26            00D00-00D6F              70           1
        SFR27            00D80-00DEF              70           1
        SFR28            00E00-00E6F              70           1
        SFR29            00E80-00EEF              70           1
        SFR3             00180-0019F              20           1
        SFR30            00F00-00F6F              70           1
        SFR31            00F80-00FEF              70           1
        SFR4             00200-0021F              20           1
        SFR5             00280-0029F              20           1
        SFR6             00300-0031F              20           1
        SFR7             00380-0039F              20           1
        SFR8             00400-0041F              20           1
        SFR9             00480-0049F              20           1
        STRCODE          01030-01269             23A           2
                         01881-01FFF             77F
        STRING           01030-01269             100           2
                         01881-01FFF             100

                                  Symbol Table

?___awdiv                                           cstackBANK1  000A0
?___awmod                                           cstackBANK1  000A0
?___fldiv                                           cstackBANK1  000AE
?___fltol                                           cstackBANK1  000C8
?___xxtofl                                          cstackBANK1  000A0
?_abs                                               cstackBANK1  000A7
?_sprintf                                           cstackBANK1  000C1
?_vfprintf                                          cstackBANK1  000BA
?i1___awdiv                                         cstackCOMMON 00070
?i1___awmod                                         cstackCOMMON 00070
?i1___fldiv                                         cstackBANK0  00020
?i1___fltol                                         cstackBANK0  0003A
?i1___xxtofl                                        cstackCOMMON 00070
?i1_abs                                             cstackCOMMON 00077
?i1_sprintf                                         cstackBANK0  00033
?i1_vfprintf                                        cstackBANK0  0002D
CCP1_LoadDutyValue@dutyValue                        cstackBANK1  000A0
CCP2_LoadDutyValue@dutyValue                        cstackBANK1  000A0
EUSART_FramingErrorCallbackRegister@callbackHandler cstackBANK1  000A0
EUSART_OverrunErrorCallbackRegister@callbackHandler cstackBANK1  000A0
EUSART_ReceiveISR@regValue                          cstackBANK0  0005E
EUSART_ReceiveISR@tempRxHead                        cstackBANK0  0005F
EUSART_RxCompleteCallbackRegister@callbackHandler   cstackBANK1  000A0
EUSART_Write@txData                                 cstackBANK1  000A0
I2C1_CallbackRegister@callbackHandler               cstackBANK1  000A0
I2C1_DataTransmit@data                              cstackCOMMON 00070
I2C1_EVENT_ERROR@retEventState                      cstackCOMMON 00070
I2C1_EVENT_NACK@retEventState                       cstackCOMMON 00070
I2C1_EVENT_RX@retEventState                         cstackCOMMON 00071
I2C1_EVENT_TX@retEventState                         cstackCOMMON 00073
I2C_Master_Write@data                               cstackBANK1  000A0
INT_SetInterruptHandler@InterruptHandler            cstackBANK1  000A0
IO_Expander_Write@Data                              cstackBANK1  000A1
LCD_CMD@CMD                                         cstackBANK1  000A5
LCD_Init@I2C_Add                                    cstackBANK1  000A7
LCD_Set_Cursor@COL                                  cstackBANK1  000A6
LCD_Set_Cursor@ROW                                  cstackBANK1  000A7
LCD_Write_4Bit@Nibble                               cstackBANK1  000A3
LCD_Write_Char@Data                                 cstackBANK1  000A5
LCD_Write_String@Str                                cstackBANK1  000A6
LCD_Write_String@i                                  cstackBANK1  000A9
TMR1_OverflowCallbackRegister@CallbackHandler       cstackBANK1  000A0
TMR2_OverflowCallbackRegister@InterruptHandler      cstackBANK1  000A0
TMR4_OverflowCallbackRegister@InterruptHandler      cstackBANK1  000A0
Timer0_OverflowCallbackRegister@CallbackHandler     cstackBANK1  000A0
Timer0_OverflowISR@CountCallBack                    bssBANK2     00152
UART_Custom_ISR@Rx_Code                             cstackBANK0  00059
_ADCON0                                             (abs)        0009D
_ADCON0bits                                         (abs)        0009D
_ADCON1                                             (abs)        0009E
_ADCON2                                             (abs)        0009F
_ADC_Initialize                                     text46       01385
_ADRESH                                             (abs)        0009C
_ADRESL                                             (abs)        0009B
_ANSELA                                             (abs)        0018C
_ANSELB                                             (abs)        0018D
_ANSELC                                             (abs)        0018E
_BAUD1CON                                           (abs)        0019F
_BAUD1CONbits                                       (abs)        0019F
_BORCON                                             (abs)        00116
_BackLight_State                                    dataBANK2    0016B
_Backlight                                          text51       01318
_CCP1CON                                            (abs)        00293
_CCP1CONbits                                        (abs)        00293
_CCP1PPS                                            (abs)        00E14
_CCP1_Initialize                                    text45       01370
_CCP1_LoadDutyValue                                 text24       01571
_CCP2CON                                            (abs)        0029A
_CCP2CONbits                                        (abs)        0029A
_CCP2PPS                                            (abs)        00E15
_CCP2_Initialize                                    text44       01390
_CCP2_LoadDutyValue                                 text23       0158A
_CCPR1H                                             (abs)        00292
_CCPR1L                                             (abs)        00291
_CCPR2H                                             (abs)        00299
_CCPR2L                                             (abs)        00298
_CCPTMRSbits                                        (abs)        0029E
_CLOCK_Initialize                                   text43       01320
_EUSART_AutoBaudQuery                               (abs)        00000
_EUSART_AutoBaudSet                                 (abs)        00000
_EUSART_DefaultFramingErrorCallback                 text131      0126A
_EUSART_DefaultOverrunErrorCallback                 text130      0128D
_EUSART_Deinitialize                                (abs)        00000
_EUSART_ErrorGet                                    (abs)        00000
_EUSART_FramingErrorCallbackRegister                text42       013CA
_EUSART_FramingErrorHandler                         bssBANK2     00146
_EUSART_Initialize                                  text39       017A3
_EUSART_IsRxReady                                   (abs)        00000
_EUSART_IsTxDone                                    (abs)        00000
_EUSART_IsTxReady                                   (abs)        00000
_EUSART_OverrunErrorCallbackRegister                text41       013D9
_EUSART_OverrunErrorHandler                         bssBANK2     00144
_EUSART_Read                                        (abs)        00000
_EUSART_ReceiveISR                                  text94       00775
_EUSART_RxCompleteCallbackRegister                  text40       013E8
_EUSART_RxInterruptHandler                          bssBANK2     0015A
_EUSART_TransmitDisable                             (abs)        00000
_EUSART_TransmitEnable                              (abs)        00000
_EUSART_Write                                       text16       0135E
_EUSART_Write$intlevel0                             text16       01362
_I2C1_AckSend                                       text86       0129D
_I2C1_BusReset                                      text92       01295
_I2C1_Callback                                      bssBANK2     0015C
_I2C1_CallbackRegister                              text38       013F7
_I2C1_Close                                         text88       014D6
_I2C1_DataReceive                                   text85       01281
_I2C1_DataTransmit                                  text80       012B5
_I2C1_DefaultCallback                               text93       0126C
_I2C1_Deinitialize                                  (abs)        00000
_I2C1_ERROR_ISR                                     text68       012AD
_I2C1_EVENT_ERROR                                   text72       012CC
_I2C1_EVENT_IDLE                                    text77       012A9
_I2C1_EVENT_NACK                                    text73       012C6
_I2C1_EVENT_RESET                                   text70       012E5
_I2C1_EVENT_RX                                      text74       00882
_I2C1_EVENT_SEND_RD_ADDR                            text76       01308
_I2C1_EVENT_SEND_WR_ADDR                            text75       012DE
_I2C1_EVENT_STOP                                    text71       01310
_I2C1_EVENT_TX                                      text78       017D1
_I2C1_ErrorEventHandler                             text69       016E0
_I2C1_ErrorGet                                      (abs)        00000
_I2C1_ErrorInterruptClear                           text91       01278
_I2C1_EventHandler                                  text64       00904
_I2C1_ISR                                           text63       012B1
_I2C1_Initialize                                    text37       01484
_I2C1_InterruptClear                                text90       0127B
_I2C1_IsAddr                                        text67       012EC
_I2C1_IsBusy                                        (abs)        00000
_I2C1_IsData                                        text66       007FB
_I2C1_IsNack                                        text65       012D2
_I2C1_IsRxBufFull                                   text84       012A1
_I2C1_NackSend                                      text83       012A5
_I2C1_Read                                          (abs)        00000
_I2C1_ReceiveEnable                                 text82       01284
_I2C1_RestartDisable                                text81       01287
_I2C1_RestartEnable                                 text79       0128A
_I2C1_StatusFlagsClear                              text89       01299
_I2C1_StopSend                                      text87       0127E
_I2C1_Write                                         (abs)        00000
_I2C1_WriteRead                                     (abs)        00000
_I2C_Master_Init                                    text50       0137A
_I2C_Master_Start                                   text55       012D8
_I2C_Master_Stop                                    text54       00800
_I2C_Master_Wait                                    text56       013B2
_I2C_Master_Write                                   text53       01427
_INLVLA                                             (abs)        0038C
_INLVLB                                             (abs)        0038D
_INLVLC                                             (abs)        0038E
_INTCONbits                                         (abs)        0000B
_INTERRUPT_Initialize                               text35       0139B
_INTERRUPT_InterruptManager                         intentry     00004
_INT_DefaultInterruptHandler                        (abs)        00000
_INT_InterruptHandler                               bssBANK2     00158
_INT_SetInterruptHandler                            text36       01331
_IOCAF                                              (abs)        00393
_IOCAN                                              (abs)        00392
_IOCAP                                              (abs)        00391
_IOCBF                                              (abs)        00396
_IOCBN                                              (abs)        00395
_IOCBP                                              (abs)        00394
_IOCCF                                              (abs)        00399
_IOCCN                                              (abs)        00398
_IOCCP                                              (abs)        00397
_IO_Expander_Write                                  text52       014EB
_LATA                                               (abs)        0010C
_LATB                                               (abs)        0010D
_LATBbits                                           (abs)        0010D
_LATC                                               (abs)        0010E
_LATCbits                                           (abs)        0010E
_LCD_CMD                                            text48       01559
_LCD_Clear                                          text15       01367
_LCD_Init                                           text47       00E63
_LCD_Set_Cursor                                     text14       0174E
_LCD_Write_4Bit                                     text49       01541
_LCD_Write_Char                                     text13       015A3
_LCD_Write_String                                   text12       0169F
_ODCONA                                             (abs)        0028C
_ODCONB                                             (abs)        0028D
_ODCONC                                             (abs)        0028E
_OPTION_REG                                         (abs)        00095
_OPTION_REGbits                                     (abs)        00095
_OSCCON                                             (abs)        00099
_OSCTUNE                                            (abs)        00098
_PIE1bits                                           (abs)        00090
_PIE2bits                                           (abs)        00091
_PIN_MANAGER_Initialize                             text34       00B24
_PIR1bits                                           (abs)        00010
_PIR2bits                                           (abs)        00011
_PORTCbits                                          (abs)        0000E
_PR2                                                (abs)        0001B
_PR4                                                (abs)        00414
_RA2PPS                                             (abs)        00E92
_RC1REG                                             (abs)        00199
_RC1STA                                             (abs)        0019D
_RC1STAbits                                         (abs)        0019D
_RC3PPS                                             (abs)        00EA3
_RC4PPS                                             (abs)        00EA4
_RC5PPS                                             (abs)        00EA5
_RC6PPS                                             (abs)        00EA6
_RS                                                 bssBANK2     00161
_RXPPS                                              (abs)        00E24
_SLRCONA                                            (abs)        0030C
_SLRCONB                                            (abs)        0030D
_SLRCONC                                            (abs)        0030E
_SPBRGH                                             (abs)        0019C
_SPBRGL                                             (abs)        0019B
_SPEED                                              dataBANK0    0006E
_SSP1ADD                                            (abs)        00212
_SSP1BUF                                            (abs)        00211
_SSP1CON1                                           (abs)        00215
_SSP1CON1bits                                       (abs)        00215
_SSP1CON2                                           (abs)        00216
_SSP1CON2bits                                       (abs)        00216
_SSP1CON3                                           (abs)        00217
_SSP1STAT                                           (abs)        00214
_SSP1STATbits                                       (abs)        00214
_SSPCLKPPS                                          (abs)        00E20
_SSPDATPPS                                          (abs)        00E21
_SYSTEM_Initialize                                  text25       01703
_T1CON                                              (abs)        00018
_T1CONbits                                          (abs)        00018
_T1GCON                                             (abs)        00019
_T1GCONbits                                         (abs)        00019
_T2CLKCON                                           (abs)        0001E
_T2CON                                              (abs)        0001C
_T2CONbits                                          (abs)        0001C
_T2HLT                                              (abs)        0001D
_T2HLTbits                                          (abs)        0001D
_T2PR                                               (abs)        0001B
_T2RST                                              (abs)        0001F
_T2RSTbits                                          (abs)        0001F
_T2TMR                                              (abs)        0001A
_T4CLKCON                                           (abs)        00417
_T4CON                                              (abs)        00415
_T4CONbits                                          (abs)        00415
_T4HLT                                              (abs)        00416
_T4HLTbits                                          (abs)        00416
_T4PR                                               (abs)        00414
_T4RST                                              (abs)        00418
_T4RSTbits                                          (abs)        00418
_T4TMR                                              (abs)        00413
_TMR0                                               (abs)        00015
_TMR1H                                              (abs)        00017
_TMR1L                                              (abs)        00016
_TMR1_DefaultOverflowCallback                       text60       0126F
_TMR1_Initialize                                    text32       015D7
_TMR1_OverflowCallback                              bssBANK2     0014C
_TMR1_OverflowCallbackRegister                      text33       0133A
_TMR1_Start                                         text22       012F3
_TMR1_Start$intlevel0                               text22       012F7
_TMR1_Stop                                          text21       012FA
_TMR1_Stop$intlevel0                                text21       012FE
_TMR1_Tasks                                         (abs)        00000
_TMR1_Write                                         (abs)        00000
_TMR2                                               (abs)        0001A
_TMR2_DefaultOverflowCallback                       text61       0126E
_TMR2_Initialize                                    text30       01498
_TMR2_OverflowCallback                              bssBANK2     00156
_TMR2_OverflowCallbackRegister                      text31       01343
_TMR2_PeriodCountSet                                (abs)        00000
_TMR2_Start                                         (abs)        00000
_TMR2_Stop                                          (abs)        00000
_TMR2_Tasks                                         (abs)        00000
_TMR4                                               (abs)        00413
_TMR4_DefaultOverflowCallback                       text59       01270
_TMR4_Initialize                                    text28       01500
_TMR4_OverflowCallback                              bssBANK2     0014A
_TMR4_OverflowCallbackRegister                      text29       0134C
_TMR4_PeriodCountSet                                (abs)        00000
_TMR4_Start                                         (abs)        00000
_TMR4_Stop                                          (abs)        00000
_TMR4_Tasks                                         (abs)        00000
_TRISA                                              (abs)        0008C
_TRISB                                              (abs)        0008D
_TRISC                                              (abs)        0008E
_TRISC3                                             (abs)        00473
_TRISC4                                             (abs)        00474
_TX1REG                                             (abs)        0019A
_TX1STA                                             (abs)        0019E
_TX1STAbits                                         (abs)        0019E
_Timer0_DefaultOverflowCallback                     text62       0126D
_Timer0_Initialize                                  text26       0152B
_Timer0_OverflowCallback                            bssBANK2     00154
_Timer0_OverflowCallbackRegister                    text27       01355
_Timer0_OverflowISR                                 text58       016BE
_Timer0_PeriodCountSet                              (abs)        00000
_UART_Custom_ISR                                    text95       0098D
_WPUA                                               (abs)        0020C
_WPUB                                               (abs)        0020D
_WPUC                                               (abs)        0020E
__H__absolute__                                     __absolute__ 00000
__Habs1                                             abs1         00000
__Hbank0                                            bank0        00000
__Hbank1                                            bank1        00000
__Hbank10                                           bank10       00000
__Hbank11                                           bank11       00000
__Hbank12                                           bank12       00000
__Hbank13                                           bank13       00000
__Hbank14                                           bank14       00000
__Hbank15                                           bank15       00000
__Hbank16                                           bank16       00000
__Hbank17                                           bank17       00000
__Hbank18                                           bank18       00000
__Hbank19                                           bank19       00000
__Hbank2                                            bank2        00000
__Hbank20                                           bank20       00000
__Hbank21                                           bank21       00000
__Hbank22                                           bank22       00000
__Hbank23                                           bank23       00000
__Hbank24                                           bank24       00000
__Hbank25                                           bank25       00000
__Hbank26                                           bank26       00000
__Hbank27                                           bank27       00000
__Hbank28                                           bank28       00000
__Hbank29                                           bank29       00000
__Hbank3                                            bank3        00000
__Hbank30                                           bank30       00000
__Hbank31                                           bank31       00000
__Hbank4                                            bank4        00000
__Hbank5                                            bank5        00000
__Hbank6                                            bank6        00000
__Hbank7                                            bank7        00000
__Hbank8                                            bank8        00000
__Hbank9                                            bank9        00000
__Hbigram                                           bigram       00000
__HbssBANK0                                         bssBANK0     00000
__HbssBANK1                                         bssBANK1     00000
__HbssBANK2                                         bssBANK2     00000
__HbssBANK3                                         bssBANK3     00000
__Hcinit                                            cinit        00090
__Hclrtext                                          clrtext      00000
__Hcode                                             code         00000
__Hcommon                                           common       00000
__Hconfig                                           config       0800A
__HcstackBANK0                                      cstackBANK0  00000
__HcstackBANK1                                      cstackBANK1  00000
__HcstackCOMMON                                     cstackCOMMON 00000
__HdataBANK0                                        dataBANK0    00000
__HdataBANK2                                        dataBANK2    00000
__Heeprom_data                                      eeprom_data  00000
__Hend_init                                         end_init     00043
__Hfunctab                                          functab      00000
__Hheap                                             heap         00000
__HidataBANK0                                       idataBANK0   00000
__HidataBANK2                                       idataBANK2   00000
__Hinit                                             init         00041
__Hintentry                                         intentry     00041
__Hmaintext                                         maintext     00000
__Hpowerup                                          powerup      00000
__Hram                                              ram          00000
__Hreset_vec                                        reset_vec    00002
__Hsfr0                                             sfr0         00000
__Hsfr1                                             sfr1         00000
__Hsfr10                                            sfr10        00000
__Hsfr11                                            sfr11        00000
__Hsfr12                                            sfr12        00000
__Hsfr13                                            sfr13        00000
__Hsfr14                                            sfr14        00000
__Hsfr15                                            sfr15        00000
__Hsfr16                                            sfr16        00000
__Hsfr17                                            sfr17        00000
__Hsfr18                                            sfr18        00000
__Hsfr19                                            sfr19        00000
__Hsfr2                                             sfr2         00000
__Hsfr20                                            sfr20        00000
__Hsfr21                                            sfr21        00000
__Hsfr22                                            sfr22        00000
__Hsfr23                                            sfr23        00000
__Hsfr24                                            sfr24        00000
__Hsfr25                                            sfr25        00000
__Hsfr26                                            sfr26        00000
__Hsfr27                                            sfr27        00000
__Hsfr28                                            sfr28        00000
__Hsfr29                                            sfr29        00000
__Hsfr3                                             sfr3         00000
__Hsfr30                                            sfr30        00000
__Hsfr31                                            sfr31        00000
__Hsfr4                                             sfr4         00000
__Hsfr5                                             sfr5         00000
__Hsfr6                                             sfr6         00000
__Hsfr7                                             sfr7         00000
__Hsfr8                                             sfr8         00000
__Hsfr9                                             sfr9         00000
__Hsivt                                             sivt         00041
__Hspace_0                                          (abs)        01881
__Hspace_1                                          (abs)        001E0
__Hspace_2                                          (abs)        00000
__Hspace_3                                          (abs)        00000
__Hspace_4                                          (abs)        10011
__Hstack                                            stack        00000
__Hstrings                                          strings      00000
__Hstringtext1                                      stringtext1  00000
__Hstringtext10                                     stringtext10 00000
__Hstringtext2                                      stringtext2  00000
__Hstringtext3                                      stringtext3  00000
__Hstringtext4                                      stringtext4  00000
__Hstringtext5                                      stringtext5  00000
__Hstringtext6                                      stringtext6  00000
__Hstringtext7                                      stringtext7  00000
__Hstringtext8                                      stringtext8  00000
__Hstringtext9                                      stringtext9  00000
__Htext                                             text         00000
__L__absolute__                                     __absolute__ 00000
__Labs1                                             abs1         00000
__Lbank0                                            bank0        00000
__Lbank1                                            bank1        00000
__Lbank10                                           bank10       00000
__Lbank11                                           bank11       00000
__Lbank12                                           bank12       00000
[...]
_timer1ReloadVal                                    bssBANK2     00150
_verify_password                                    text123      01681
_vfpfcnvrt                                          text6        004E8
_vfprintf                                           text5        0160E
_width                                              bssBANK2     00140
abs@a                                               cstackBANK1  000A7
auto_drive@distance                                 cstackBANK1  000E8
auto_drive@distance_l                               cstackBANK1  000EA
auto_drive@distance_r                               cstackBANK1  000EC
btemp                                               (abs)        0007E
clear_ram0                                          clrtext      013BE
control_motors_with_uart@code                       cstackCOMMON 00077
control_motors_with_uart@dir                        cstackCOMMON 00078
control_servo@angle                                 cstackCOMMON 00074
control_servo@code                                  cstackCOMMON 00073
control_speed@code                                  cstackCOMMON 00072
control_speed@speed                                 cstackCOMMON 00073
end_of_initialization                               cinit        0008C
fputc@c                                             cstackBANK1  000A0
fputc@fp                                            cstackBANK1  000A2
get_distance_from_supersonic@distance_in_cm         cstackBANK1  000D7
i1CCP1_LoadDutyValue@dutyValue                      cstackCOMMON 00070
i1CCP2_LoadDutyValue@dutyValue                      cstackCOMMON 00070
i1EUSART_Write@txData                               cstackCOMMON 00070
i1I2C_Master_Write@data                             cstackCOMMON 00070
i1IO_Expander_Write@Data                            cstackCOMMON 00071
i1LCD_CMD@CMD                                       cstackCOMMON 00075
i1LCD_Set_Cursor@COL                                cstackCOMMON 00076
i1LCD_Set_Cursor@ROW                                cstackCOMMON 00077
i1LCD_Write_4Bit@Nibble                             cstackCOMMON 00073
i1LCD_Write_Char@Data                               cstackCOMMON 00075
i1LCD_Write_String@Str                              cstackCOMMON 00076
i1LCD_Write_String@i                                cstackCOMMON 00079
i1_CCP1_LoadDutyValue                               text126      0145E
i1_CCP2_LoadDutyValue                               text129      0144B
i1_EUSART_Write                                     text116      01291
i1_I2C_Master_Start                                 text114      012BA
i1_I2C_Master_Stop                                  text113      012C0
i1_I2C_Master_Wait                                  text115      013A6
i1_I2C_Master_Write                                 text112      01406
i1_IO_Expander_Write                                text111      01471
i1_LCD_CMD                                          text109      014C1
i1_LCD_Clear                                        text108      01328
i1_LCD_Set_Cursor                                   text107      01728
i1_LCD_Write_4Bit                                   text110      014AC
i1_LCD_Write_Char                                   text106      01515
i1_LCD_Write_String                                 text105      0162A
i1_TMR1_Start                                       text122      01272
i1_TMR1_Stop                                        text121      01275
i1___awdiv                                          text104      00B7A
i1___awdiv@counter                                  cstackCOMMON 00075
i1___awdiv@dividend                                 cstackCOMMON 00072
i1___awdiv@divisor                                  cstackCOMMON 00070
i1___awdiv@quotient                                 cstackCOMMON 00077
i1___awdiv@sign                                     cstackCOMMON 00076
i1___awmod                                          text103      00A7D
i1___awmod@counter                                  cstackCOMMON 00075
i1___awmod@dividend                                 cstackCOMMON 00072
i1___awmod@divisor                                  cstackCOMMON 00070
i1___awmod@sign                                     cstackCOMMON 00076
i1___fldiv                                          text120      0023A
i1___fldiv@a                                        cstackBANK0  00020
i1___fldiv@aexp                                     cstackBANK0  00039
i1___fldiv@b                                        cstackBANK0  00024
i1___fldiv@bexp                                     cstackBANK0  00038
i1___fldiv@grs                                      cstackBANK0  00034
i1___fldiv@new_exp                                  cstackBANK0  00032
i1___fldiv@rem                                      cstackBANK0  0002D
i1___fldiv@sign                                     cstackBANK0  00031
i1___fltol                                          text119      00C9C
i1___fltol@exp1                                     cstackBANK0  00043
i1___fltol@f1                                       cstackBANK0  0003A
i1___fltol@sign1                                    cstackBANK0  00042
i1___xxtofl                                         text118      00F56
i1___xxtofl@arg                                     cstackCOMMON 0007A
i1___xxtofl@exp                                     cstackCOMMON 00079
i1___xxtofl@sign                                    cstackCOMMON 00078
i1___xxtofl@val                                     cstackCOMMON 00070
i1_abs                                              text102      01416
i1_fputc                                            text100      009DB
i1_get_distance_from_supersonic                     text117      00D0D
i1_print_distance                                   text96       00806
i1_putch                                            text101      0126B
i1_shift_out_to_motors                              text128      008C2
i1_sprintf                                          text97       01647
i1_vfpfcnvrt                                        text99       005DA
i1_vfprintf                                         text98       015F2
i1abs@a                                             cstackCOMMON 00077
i1fputc@c                                           cstackCOMMON 00070
i1fputc@fp                                          cstackCOMMON 00072
i1get_distance_from_supersonic@distance_in_cm       cstackBANK0  00049
i1print_distance@buffer                             cstackBANK0  00047
i1print_distance@distance                           cstackBANK0  00057
i1shift_out_to_motors@byte                          cstackCOMMON 00073
i1shift_out_to_motors@i                             cstackCOMMON 00074
i1sprintf@ap                                        cstackBANK0  00038
i1sprintf@f                                         cstackBANK0  0003A
i1sprintf@fmt                                       cstackBANK0  00033
i1sprintf@s                                         cstackBANK0  00039
i1vfpfcnvrt@ap                                      cstackCOMMON 0007C
i1vfpfcnvrt@c                                       cstackBANK0  0002C
i1vfpfcnvrt@convarg                                 cstackBANK0  00028
i1vfpfcnvrt@cp                                      cstackBANK0  00026
i1vfpfcnvrt@done                                    cstackBANK0  00024
i1vfpfcnvrt@fmt                                     cstackCOMMON 0007B
i1vfpfcnvrt@fp                                      cstackBANK0  00025
i1vfprintf@ap                                       cstackBANK0  0002F
i1vfprintf@cfmt                                     cstackBANK0  00031
i1vfprintf@fmt                                      cstackBANK0  0002D
i1vfprintf@fp                                       cstackBANK0  00030
int$flags                                           (abs)        0007E
intlevel0                                           functab      00000
intlevel1                                           functab      00000
intlevel2                                           functab      00000
intlevel3                                           functab      00000
intlevel4                                           functab      00000
intlevel5                                           functab      00000
print_distance@buffer                               cstackBANK1  000D5
print_distance@distance                             cstackBANK1  000E5
reset_vec                                           reset_vec    00000
shift_out_to_motors@byte                            cstackBANK1  000A3
shift_out_to_motors@i                               cstackBANK1  000A4
sprintf@ap                                          cstackBANK1  000C6
sprintf@f                                           cstackBANK1  000C8
sprintf@fmt                                         cstackBANK1  000C1
sprintf@s                                           cstackBANK1  000C7
start                                               init         00041
start_initialization                                cinit        00043
verify_password@password_part                       cstackCOMMON 00071
vfpfcnvrt@ap                                        cstackBANK1  000AC
vfpfcnvrt@c                                         cstackBANK1  000B9
vfpfcnvrt@convarg                                   cstackBANK1  000B5
vfpfcnvrt@cp                                        cstackBANK1  000B3
vfpfcnvrt@done                                      cstackBANK1  000B1
vfpfcnvrt@fmt                                       cstackBANK1  000AB
vfpfcnvrt@fp                                        cstackBANK1  000B2
vfprintf@ap                                         cstackBANK1  000BC
vfprintf@cfmt                                       cstackBANK1  000BF
vfprintf@fmt                                        cstackBANK1  000BA
vfprintf@fp                                         cstackBANK1  000BE
wtemp0                                              (abs)        0007E


MODULE INFORMATION

Module		Function		Class		Link	Load	Size
/opt/microchip/xc8/v2.46/pic/sources/c99/common/awmod.c
		___awmod       		CODE           	0AD0	0000	84

/opt/microchip/xc8/v2.46/pic/sources/c99/common/awmod.c estimated size: 84

/opt/microchip/xc8/v2.46/pic/sources/c99/common/doprnt.c
		_vfpfcnvrt     		CODE           	04E8	0000	242
		_vfprintf      		CODE           	160E	0000	28

/opt/microchip/xc8/v2.46/pic/sources/c99/common/doprnt.c estimated size: 270

/opt/microchip/xc8/v2.46/pic/sources/c99/common/fltol.c
		___fltol       		CODE           	0D7E	0000	113

/opt/microchip/xc8/v2.46/pic/sources/c99/common/fltol.c estimated size: 113

/opt/microchip/xc8/v2.46/pic/sources/c99/common/nf_sprintf.c
		_sprintf       		CODE           	1664	0000	29

/opt/microchip/xc8/v2.46/pic/sources/c99/common/nf_sprintf.c estimated size: 29

mcc_generated_files/timer/src/tmr1.c
		_TMR1_Initialize		CODE           	15D7	0000	27
		_TMR1_Stop     		CODE           	12FA	0000	7
		_TMR1_Start    		CODE           	12F3	0000	7
		_TMR1_OverflowCallbackRegister		CODE           	133A	0000	9
		_TMR1_DefaultOverflowCallback		CODE           	126F	0000	1

mcc_generated_files/timer/src/tmr1.c estimated size: 51

mcc_generated_files/system/src/interrupt.c
		_INT_SetInterruptHandler		CODE           	1331	0000	9
		_INTERRUPT_Initialize		CODE           	139B	0000	11
		_INTERRUPT_InterruptManager		CODE           	0004	0000	61

mcc_generated_files/system/src/interrupt.c estimated size: 81

mcc_generated_files/pwm/src/ccp2.c
		_CCP2_LoadDutyValue		CODE           	158A	0000	25
		_CCP2_Initialize		CODE           	1390	0000	11

mcc_generated_files/pwm/src/ccp2.c estimated size: 36

/opt/microchip/xc8/v2.46/pic/sources/c99/common/awdiv.c
		___awdiv       		CODE           	0BD9	0000	96

/opt/microchip/xc8/v2.46/pic/sources/c99/common/awdiv.c estimated size: 96

mcc_generated_files/adc/src/adc.c
		_ADC_Initialize		CODE           	1385	0000	11

mcc_generated_files/adc/src/adc.c estimated size: 11

/opt/microchip/xc8/v2.46/pic/sources/c99/common/sprcdiv.c
		___fldiv       		CODE           	0090	0000	426

/opt/microchip/xc8/v2.46/pic/sources/c99/common/sprcdiv.c estimated size: 426

/opt/microchip/xc8/v2.46/pic/sources/c99/common/xxtofl.c
		___xxtofl      		CODE           	06CA	0000	171

/opt/microchip/xc8/v2.46/pic/sources/c99/common/xxtofl.c estimated size: 171

mcc_generated_files/system/src/pins.c
		_PIN_MANAGER_Initialize		CODE           	0B24	0000	86

mcc_generated_files/system/src/pins.c estimated size: 86

shared
		i1_vfpfcnvrt   		CODE           	05DA	0000	240
		i1_LCD_Write_4Bit		CODE           	14AC	0000	21
		i1_abs         		CODE           	1416	0000	17
		i1_LCD_Write_Char		CODE           	1515	0000	22
		_Timer4        		STRCODE        	0000	0000	0
		i1_I2C_Master_Start		CODE           	12BA	0000	6
		i1_print_distance		CODE           	0806	0000	61
		i1_putch       		CODE           	126B	0000	1
		i1_get_distance_from_supersonic		CODE           	0D0D	0000	113
		i1_LCD_CMD     		CODE           	14C1	0000	21
		i1_LCD_Clear   		CODE           	1328	0000	9
		i1_vfprintf    		CODE           	15F2	0000	28
		i1_TMR1_Stop   		CODE           	1275	0000	3
		i1_EUSART_Write		CODE           	1291	0000	4
		i1_TMR1_Start  		CODE           	1272	0000	3
		i1_IO_Expander_Write		CODE           	1471	0000	19
		i1___awdiv     		CODE           	0B7A	0000	95
		i1_LCD_Set_Cursor		CODE           	1728	0000	38
		_Timer2        		STRCODE        	0000	0000	0
		i1___fldiv     		CODE           	023A	0000	426
		i1___fltol     		CODE           	0C9C	0000	113
		i1_CCP1_LoadDutyValue		CODE           	145E	0000	19
		i1_LCD_Write_String		CODE           	162A	0000	29
		__initialization		CODE           	0043	0000	73
		_I2C1_Host     		STRCODE        	0000	0000	0
		_i2c1_eventTable		STRCODE        	1831	0000	18
		_UART1         		STRCODE        	0000	0000	0
		i1___awmod     		CODE           	0A7D	0000	83
		i1_I2C_Master_Wait		CODE           	13A6	0000	12
		i1_I2C_Master_Stop		CODE           	12C0	0000	6
		i1_sprintf     		CODE           	1647	0000	29
		i1___xxtofl    		CODE           	0F56	0000	170
		i1_shift_out_to_motors		CODE           	08C2	0000	66
		_Timer0        		STRCODE        	0000	0000	0
		_tmr1          		STRCODE        	0000	0000	0
		i1_CCP2_LoadDutyValue		CODE           	144B	0000	19
		i1_fputc       		CODE           	09DB	0000	80
		i1_I2C_Master_Write		CODE           	1406	0000	16

shared estimated size: 1860

I2C_LCD.c
		_LCD_Init      		CODE           	0E63	0000	118
		_LCD_Write_4Bit		CODE           	1541	0000	24
		_LCD_Write_Char		CODE           	15A3	0000	25
		_LCD_CMD       		CODE           	1559	0000	24
		_I2C_Master_Wait		CODE           	13B2	0000	12
		_I2C_Master_Init		CODE           	137A	0000	11
		_I2C_Master_Stop		CODE           	0800	0000	6
		_LCD_Set_Cursor		CODE           	174E	0000	39
		_LCD_Clear     		CODE           	1367	0000	9
		_IO_Expander_Write		CODE           	14EB	0000	21
		_I2C_Master_Write		CODE           	1427	0000	18
		_Backlight     		CODE           	1318	0000	8
		_I2C_Master_Start		CODE           	12D8	0000	6
		_LCD_Write_String		CODE           	169F	0000	31

I2C_LCD.c estimated size: 352

/opt/microchip/xc8/v2.46/pic/sources/c99/common/abs.c
		_abs           		CODE           	1439	0000	18

/opt/microchip/xc8/v2.46/pic/sources/c99/common/abs.c estimated size: 18

mcc_generated_files/timer/src/tmr4.c
		_TMR4_Initialize		CODE           	1500	0000	21
		_TMR4_OverflowCallbackRegister		CODE           	134C	0000	9
		_TMR4_DefaultOverflowCallback		CODE           	1270	0000	1

mcc_generated_files/timer/src/tmr4.c estimated size: 31

/opt/microchip/xc8/v2.46/pic/sources/c99/common/nf_fputc.c
		_fputc         		CODE           	0A2B	0000	82

/opt/microchip/xc8/v2.46/pic/sources/c99/common/nf_fputc.c estimated size: 82

mcc_generated_files/timer/src/tmr2.c
		_TMR2_Initialize		CODE           	1498	0000	20
		_TMR2_OverflowCallbackRegister		CODE           	1343	0000	9
		_TMR2_DefaultOverflowCallback		CODE           	126E	0000	1

mcc_generated_files/timer/src/tmr2.c estimated size: 30

mcc_generated_files/uart/src/eusart.c
		_EUSART_FramingErrorCallbackRegister		CODE           	13CA	0000	15
		_EUSART_OverrunErrorCallbackRegister		CODE           	13D9	0000	15
		_EUSART_Write  		CODE           	135E	0000	9
		_EUSART_DefaultOverrunErrorCallback		CODE           	128D	0000	4
		_EUSART_Initialize		CODE           	17A3	0000	46
		_EUSART_RxCompleteCallbackRegister		CODE           	13E8	0000	15
		_EUSART_DefaultFramingErrorCallback		CODE           	126A	0000	1
		_EUSART_ReceiveISR		CODE           	0775	0000	134

mcc_generated_files/uart/src/eusart.c estimated size: 239

/opt/microchip/xc8/v2.46/pic/sources/c99/common/putch.c
		_putch         		CODE           	1271	0000	1

/opt/microchip/xc8/v2.46/pic/sources/c99/common/putch.c estimated size: 1

mcc_generated_files/system/src/clock.c
		_CLOCK_Initialize		CODE           	1320	0000	8

mcc_generated_files/system/src/clock.c estimated size: 8

mcc_generated_files/i2c_host/src/mssp.c
		_I2C1_EVENT_SEND_WR_ADDR		CODE           	12DE	0000	7
		_I2C1_NackSend 		CODE           	12A5	0000	4
		_I2C1_ErrorEventHandler		CODE           	16E0	0000	35
		_I2C1_CallbackRegister		CODE           	13F7	0000	15
		_I2C1_EVENT_RESET		CODE           	12E5	0000	7
		_I2C1_EVENT_ERROR		CODE           	12CC	0000	6
		_I2C1_ErrorInterruptClear		CODE           	1278	0000	3
		_I2C1_StatusFlagsClear		CODE           	1299	0000	4
		_I2C1_InterruptClear		CODE           	127B	0000	3
		_I2C1_EVENT_RX 		CODE           	0882	0000	64
		_I2C1_EVENT_TX 		CODE           	17D1	0000	47
		_I2C1_ReceiveEnable		CODE           	1284	0000	3
		_I2C1_RestartEnable		CODE           	128A	0000	3
		_I2C1_ISR      		CODE           	12B1	0000	4
		_I2C1_EventHandler		CODE           	0904	0000	67
		_I2C1_DataReceive		CODE           	1281	0000	3
		_I2C1_IsData   		CODE           	07FB	0000	5
		_I2C1_IsNack   		CODE           	12D2	0000	6
		_I2C1_IsAddr   		CODE           	12EC	0000	7
		_I2C1_EVENT_IDLE		CODE           	12A9	0000	4
		_I2C1_EVENT_NACK		CODE           	12C6	0000	6
		_I2C1_EVENT_SEND_RD_ADDR		CODE           	1308	0000	8
		_I2C1_EVENT_STOP		CODE           	1310	0000	8
		_I2C1_BusReset 		CODE           	1295	0000	4
		_I2C1_Initialize		CODE           	1484	0000	20
		_I2C1_Close    		CODE           	14D6	0000	21
		_I2C1_ERROR_ISR		CODE           	12AD	0000	4
		_I2C1_IsRxBufFull		CODE           	12A1	0000	4
		_I2C1_StopSend 		CODE           	127E	0000	3
		_I2C1_RestartDisable		CODE           	1287	0000	3
		_I2C1_DataTransmit		CODE           	12B5	0000	5
		_I2C1_AckSend  		CODE           	129D	0000	4
		_I2C1_DefaultCallback		CODE           	126C	0000	1

mcc_generated_files/i2c_host/src/mssp.c estimated size: 388

mcc_generated_files/timer/src/tmr0.c
		_Timer0_Initialize		CODE           	152B	0000	22
		_Timer0_OverflowCallbackRegister		CODE           	1355	0000	9
		_Timer0_OverflowISR		CODE           	16BE	0000	34
		_Timer0_DefaultOverflowCallback		CODE           	126D	0000	1

mcc_generated_files/timer/src/tmr0.c estimated size: 66

mcc_generated_files/pwm/src/ccp1.c
		_CCP1_LoadDutyValue		CODE           	1571	0000	25
		_CCP1_Initialize		CODE           	1370	0000	10

mcc_generated_files/pwm/src/ccp1.c estimated size: 35

main.c
		_main          		CODE           	0C39	0000	99
		_auto_drive    		CODE           	03E4	0000	260
		_print_distance		CODE           	0843	0000	63
		_control_speed 		CODE           	15BC	0000	27
		_UART_Custom_ISR		CODE           	098D	0000	78
		_control_servo 		CODE           	1775	0000	46
		_verify_password		CODE           	1681	0000	30
		_shift_out_to_motors		CODE           	0947	0000	70
		_control_motors_with_uart		CODE           	0ED9	0000	125
		_get_distance_from_supersonic		CODE           	0DEF	0000	116

main.c estimated size: 914

mcc_generated_files/system/src/system.c
		_SYSTEM_Initialize		CODE           	1703	0000	37

mcc_generated_files/system/src/system.c estimated size: 37

