Microchip MPLAB XC8 Compiler V2.46

Linker command line:

-W-3 \
  --edf=C:\Program Files\Microchip\xc8\v2.46\pic\dat\20240104201356_en.msgs \
  -cn -h+dist/default/production\Test_Curiosity.X.production.sym \
  --cmf=dist/default/production\Test_Curiosity.X.production.cmf -z \
  -Q16F1619 -oC:\Users\baptc\AppData\Local\Temp\xcAs51s.\driver_tmp_3.o \
  --defsym=__MPLAB_BUILD=1 --fixupoverflow=error \
  -Mdist/default/production/Test_Curiosity.X.production.map \
  --md=C:\Users\baptc\AppData\Local\Temp\xcAs51s.\driver_tmp_0.dat -E1 \
  -ver=XC8 Compiler --acfsm=1493 -ACODE=00h-07FFhx4 -ASTRCODE=00h-01FFFh \
  -ASTRING=00h-0FFhx32 -ACONST=00h-0FFhx32 -AENTRY=00h-0FFhx32 \
  -ACOMMON=070h-07Fh -ABANK0=020h-06Fh -ABANK1=0A0h-0EFh \
  -ABANK2=0120h-016Fh -ABANK3=01A0h-01EFh -ABANK4=0220h-026Fh \
  -ABANK5=02A0h-02EFh -ABANK6=0320h-036Fh -ABANK7=03A0h-03EFh \
  -ABANK8=0420h-046Fh -ABANK9=04A0h-04EFh -ABANK10=0520h-056Fh \
  -ABANK11=05A0h-05EFh -ABANK12=0620h-064Fh -ABIGRAM=02000h-023EFh \
  -ARAM=020h-06Fh,0A0h-0EFh,0120h-016Fh,01A0h-01EFh,0220h-026Fh,02A0h-02EFh,0320h-036Fh,03A0h-03EFh,0420h-046Fh,04A0h-04EFh,0520h-056Fh,05A0h-05EFh,0620h-064Fh \
  -AABS1=020h-07Fh,0A0h-0EFh,0120h-016Fh,01A0h-01EFh,0220h-026Fh,02A0h-02EFh,0320h-036Fh,03A0h-03EFh,0420h-046Fh,04A0h-04EFh,0520h-056Fh,05A0h-05EFh,0620h-064Fh \
  -ASFR0=00h-01Fh -ASFR1=080h-09Fh -ASFR2=0100h-011Fh -ASFR3=0180h-019Fh \
  -ASFR4=0200h-021Fh -ASFR5=0280h-029Fh -ASFR6=0300h-031Fh \
  -ASFR7=0380h-039Fh -ASFR8=0400h-041Fh -ASFR9=0480h-049Fh \
  -ASFR10=0500h-051Fh -ASFR11=0580h-059Fh -ASFR12=0600h-061Fh \
  -ASFR13=0680h-06EFh -ASFR14=0700h-076Fh -ASFR15=0780h-07EFh \
  -ASFR16=0800h-086Fh -ASFR17=0880h-08EFh -ASFR18=0900h-096Fh \
  -ASFR19=0980h-09EFh -ASFR20=0A00h-0A6Fh -ASFR21=0A80h-0AEFh \
  -ASFR22=0B00h-0B6Fh -ASFR23=0B80h-0BEFh -ASFR24=0C00h-0C6Fh \
  -ASFR25=0C80h-0CEFh -ASFR26=0D00h-0D6Fh -ASFR27=0D80h-0DEFh \
  -ASFR28=0E00h-0E6Fh -ASFR29=0E80h-0EEFh -ASFR30=0F00h-0F6Fh \
  -ASFR31=0F80h-0FEFh -ACONFIG=08007h-08009h -DCONFIG=2 \
  -AIDLOC=08000h-08003h -DIDLOC=2 -DCODE=2 -DSTRCODE=2 -DSTRING=2 -DCONST=2 \
  -DENTRY=2 -preset_vec=00h,intentry=04h,sivt,init,end_init -ppowerup=CODE \
  -pcinit=CODE -pfunctab=ENTRY -k \
  C:\Users\baptc\AppData\Local\Temp\xcAs51s.\driver_tmp_17.o \
  dist/default/production\Test_Curiosity.X.production.o 

Object code version is 3.11

Machine type is 16F1619



                Name                               Link     Load   Length Selector   Space Scale
C:\Users\baptc\AppData\Local\Temp\xcAs51s.\driver_tmp_17.o
                end_init                             41       41        2        8       0
                reset_vec                             0        0        2        0       0
                config                             8007     8007        3        0       4
dist/default/production\Test_Curiosity.X.production.o
                cinit                                43       43       58        8       0
                intentry                              4        4       3D        8       0
                config                             8007     8007        3        0       4
                text105                             915      915        1     122A       0
                text104                             935      935        4     126A       0
                text103                             AC8      AC8       13     1590       0
                text102                             DD9      DD9       42     1BB2       0
                text101                             586      586       7D        8       0
                text100                             ADB      ADB       13     15B6       0
                text99                              7C2      7C2       38        8       0
                text98                              A47      A47        F     148E       0
                text97                              A92      A92       12     1524       0
                text96                              C13      C13       1D     1826       0
                text95                              D98      D98       41     1B30       0
                text94                              603      603       79        8       0
                text93                              916      916        1     122C       0
                text92                              939      939        4     1272       0
                text91                              91A      91A        3     1234       0
                text90                              91D      91D        3     123A       0
                text89                              93D      93D        4     127A       0
                text88                              B3D      B3D       15     167A       0
                text87                              920      920        3     1240       0
                text86                              941      941        4     1282       0
                text85                              923      923        3     1246       0
                text84                              945      945        4     128A       0
                text83                              949      949        4     1292       0
                text82                              926      926        3     124C       0
                text81                              929      929        3     1252       0
                text80                              961      961        5     12C2       0
                text79                              92C      92C        3     1258       0
                text78                              D29      D29       2F     1A52       0
                text77                              94D      94D        4     129A       0
                text76                              9A2      9A2        8     1344       0
                text75                              98D      98D        7     131A       0
                text74                              D58      D58       40     1AB0       0
                text73                              975      975        6     12EA       0
                text72                              97B      97B        6     12F6       0
                text71                              9AA      9AA        8     1354       0
                text70                              994      994        7     1328       0
                text69                              C8D      C8D       22     191A       0
                text68                              951      951        4     12A2       0
                text67                              99B      99B        7     1336       0
                text66                              966      966        5     12CC       0
                text65                              981      981        6     1302       0
                text64                              E1B      E1B       43     1C36       0
                text63                              955      955        4     12AA       0
                text62                              917      917        1     122E       0
                text61                              959      959        4     12B2       0
                text60                              918      918        1     1230       0
                text59                              919      919        1     1232       0
                text58                                2        2        1        0       0
                text57                              C6C      C6C       21     18D8       0
                text55                              A23      A23        C     1446       0
                text54                              987      987        6     130E       0
                text53                              7FA      7FA        6        8       0
                text52                              AA4      AA4       12     1548       0
                text51                              B01      B01       14     1602       0
                text50                              9B2      9B2        8     1364       0
                text49                              A02      A02        B     1404       0
                text48                              B67      B67       16     16CE       0
                text47                              B7D      B7D       16     16FA       0
                text46                              67C      67C       75        8       0
                text45                              A0D      A0D        B     141A       0
                text44                              9F8      9F8        A     13F0       0
                text43                              A18      A18        B     1430       0
                text42                              9BA      9BA        8     1374       0
                text41                              A56      A56        F     14AC       0
                text40                              A65      A65        F     14CA       0
                text39                              A74      A74        F     14E8       0
                text38                              CFB      CFB       2E     19F6       0
                text37                              A83      A83        F     1506       0
                text36                              B15      B15       14     162A       0
                text35                              9C2      9C2        9     1384       0
                text34                              A2F      A2F        C     145E       0
                text33                              F4A      F4A       56     1E94       0
                text32                              9CB      9CB        9     1396       0
                text31                              BDC      BDC       1B     17B8       0
                text30                              9D4      9D4        9     13A8       0
                text29                              AEE      AEE       13     15DC       0
                text28                              9DD      9DD        9     13BA       0
                text27                              B52      B52       15     16A4       0
                text26                              9E6      9E6        9     13CC       0
                text25                              B29      B29       14     1652       0
                text24                              CAF      CAF       25     195E       0
                text23                              BAA      BAA       19     1754       0
                text22                              BC3      BC3       19     1786       0
                text21                              96B      96B        5     12D6       0
                text20                              9EF      9EF        9     13DE       0
                text19                              CD4      CD4       27     19A8       0
                text18                              B93      B93       17     1726       0
                text17                              C4D      C4D       1F     189A       0
                text16                              92F      92F        3     125E       0
                text15                              932      932        3     1264       0
                text14                               9B       9B      1AA        8       0
                text13                              6F1      6F1       71        8       0
                text12                              4DB      4DB       AB        8       0
                text11                              FA0      FA0       60     1F40       0
                text10                              EF6      EF6       54     1DEC       0
                text9                               AB6      AB6       12     156C       0
                text8                                 3        3        1        6       0
                text7                               EA4      EA4       52     1D48       0
                text6                               245      245       F4        8       0
                text5                               BF7      BF7       1C     17EE       0
                text4                               C30      C30       1D     1860       0
                text3                               429      429       B2        8       0
                text2                               E5E      E5E       46     1CBC       0
                text1                               339      339       F0        8       0
                maintext                            762      762       60        8       0
                cstackBANK0                          20       20       3F       20       1
                cstackCOMMON                         70       70        D       70       1
                cstackBANK1                          CC       CC       18       A0       1
                clrtext                             A3B      A3B        C     1476       0
                bssBANK3                            1A0      1A0       40      1A0       1
                bssBANK2                            120      120       20      120       1
                dataBANK1                            E4       E4        5       A0       1
                bssBANK1                             A0       A0       2C       A0       1
                dataBANK0                            66       66        4       20       1
                bssBANK0                             5F       5F        7       20       1
                bssCOMMON                            7D       7D        1       70       1
                stringtext9                        1080     1080        D     2000       0
                stringtext8                        1073     1073        D     2000       0
                stringtext7                        1030     1030       1D     2000       0
                stringtext6                        10A5     10A5        C     2000       0
                stringtext5                        1099     1099        C     2000       0
                stringtext4                        108D     108D        C     2000       0
                stringtext3                        1061     1061       12     2000       0
                stringtext2                        104D     104D       14     2000       0
                stringtext1                        1000     1000       30     2000       0
                idataBANK1                          970      970        5     12E0       0
                idataBANK0                          95D      95D        4     12BA       0

TOTAL           Name                               Link     Load   Length     Space
        CLASS   CODE           
                end_init                             41       41        2         0
                cinit                                43       43       58         0
                intentry                              4        4       3D         0
                reset_vec                             0        0        2         0
                text105                             915      915        1         0
                text104                             935      935        4         0
                text103                             AC8      AC8       13         0
                text102                             DD9      DD9       42         0
                text101                             586      586       7D         0
                text100                             ADB      ADB       13         0
                text99                              7C2      7C2       38         0
                text98                              A47      A47        F         0
                text97                              A92      A92       12         0
                text96                              C13      C13       1D         0
                text95                              D98      D98       41         0
                text94                              603      603       79         0
                text93                              916      916        1         0
                text92                              939      939        4         0
                text91                              91A      91A        3         0
                text90                              91D      91D        3         0
                text89                              93D      93D        4         0
                text88                              B3D      B3D       15         0
                text87                              920      920        3         0
                text86                              941      941        4         0
                text85                              923      923        3         0
                text84                              945      945        4         0
                text83                              949      949        4         0
                text82                              926      926        3         0
                text81                              929      929        3         0
                text80                              961      961        5         0
                text79                              92C      92C        3         0
                text78                              D29      D29       2F         0
                text77                              94D      94D        4         0
                text76                              9A2      9A2        8         0
                text75                              98D      98D        7         0
                text74                              D58      D58       40         0
                text73                              975      975        6         0
                text72                              97B      97B        6         0
                text71                              9AA      9AA        8         0
                text70                              994      994        7         0
                text69                              C8D      C8D       22         0
                text68                              951      951        4         0
                text67                              99B      99B        7         0
                text66                              966      966        5         0
                text65                              981      981        6         0
                text64                              E1B      E1B       43         0
                text63                              955      955        4         0
                text62                              917      917        1         0
                text61                              959      959        4         0
                text60                              918      918        1         0
                text59                              919      919        1         0
                text58                                2        2        1         0
                text57                              C6C      C6C       21         0
                text55                              A23      A23        C         0
                text54                              987      987        6         0
                text53                              7FA      7FA        6         0
                text52                              AA4      AA4       12         0
                text51                              B01      B01       14         0
                text50                              9B2      9B2        8         0
                text49                              A02      A02        B         0
                text48                              B67      B67       16         0
                text47                              B7D      B7D       16         0
                text46                              67C      67C       75         0
                text45                              A0D      A0D        B         0
                text44                              9F8      9F8        A         0
                text43                              A18      A18        B         0
                text42                              9BA      9BA        8         0
                text41                              A56      A56        F         0
                text40                              A65      A65        F         0
                text39                              A74      A74        F         0
                text38                              CFB      CFB       2E         0
                text37                              A83      A83        F         0
                text36                              B15      B15       14         0
                text35                              9C2      9C2        9         0
                text34                              A2F      A2F        C         0
                text33                              F4A      F4A       56         0
                text32                              9CB      9CB        9         0
                text31                              BDC      BDC       1B         0
                text30                              9D4      9D4        9         0
                text29                              AEE      AEE       13         0
                text28                              9DD      9DD        9         0
                text27                              B52      B52       15         0
                text26                              9E6      9E6        9         0
                text25                              B29      B29       14         0
                text24                              CAF      CAF       25         0
                text23                              BAA      BAA       19         0
                text22                              BC3      BC3       19         0
                text21                              96B      96B        5         0
                text20                              9EF      9EF        9         0
                text19                              CD4      CD4       27         0
                text18                              B93      B93       17         0
                text17                              C4D      C4D       1F         0
                text16                              92F      92F        3         0
                text15                              932      932        3         0
                text14                               9B       9B      1AA         0
                text13                              6F1      6F1       71         0
                text12                              4DB      4DB       AB         0
                text11                              FA0      FA0       60         0
                text10                              EF6      EF6       54         0
                text9                               AB6      AB6       12         0
                text8                                 3        3        1         0
                text7                               EA4      EA4       52         0
                text6                               245      245       F4         0
                text5                               BF7      BF7       1C         0
                text4                               C30      C30       1D         0
                text3                               429      429       B2         0
                text2                               E5E      E5E       46         0
                text1                               339      339       F0         0
                maintext                            762      762       60         0
                clrtext                             A3B      A3B        C         0
                idataBANK1                          970      970        5         0
                idataBANK0                          95D      95D        4         0

        CLASS   STRCODE        
                stringtext9                        1080     1080        D         0
                stringtext8                        1073     1073        D         0
                stringtext7                        1030     1030       1D         0
                stringtext6                        10A5     10A5        C         0
                stringtext5                        1099     1099        C         0
                stringtext4                        108D     108D        C         0
                stringtext3                        1061     1061       12         0
                stringtext2                        104D     104D       14         0
                stringtext1                        1000     1000       30         0

        CLASS   STRING         

        CLASS   CONST          

        CLASS   ENTRY          

        CLASS   COMMON         
                cstackCOMMON                         70       70        D         1
                bssCOMMON                            7D       7D        1         1

        CLASS   BANK0          
                cstackBANK0                          20       20       3F         1
                dataBANK0                            66       66        4         1
                bssBANK0                             5F       5F        7         1

        CLASS   BANK1          
                cstackBANK1                          CC       CC       18         1
                dataBANK1                            E4       E4        5         1
                bssBANK1                             A0       A0       2C         1

        CLASS   BANK2          
                bssBANK2                            120      120       20         1

        CLASS   BANK3          
                bssBANK3                            1A0      1A0       40         1

        CLASS   BANK4          

        CLASS   BANK5          

        CLASS   BANK6          

        CLASS   BANK7          

        CLASS   BANK8          

        CLASS   BANK9          

        CLASS   BANK10         

        CLASS   BANK11         

        CLASS   BANK12         

        CLASS   BIGRAM         

        CLASS   RAM            

        CLASS   ABS1           
                abs_s1                               7E       7E        2         1
                abs_s1                              5A0      5A0       50         1
                abs_s1                              620      620       30         1
                abs_s1                             2370     2370        0         1

        CLASS   SFR0           

        CLASS   SFR1           

        CLASS   SFR2           

        CLASS   SFR3           

        CLASS   SFR4           

        CLASS   SFR5           

        CLASS   SFR6           

        CLASS   SFR7           

        CLASS   SFR8           

        CLASS   SFR9           

        CLASS   SFR10          

        CLASS   SFR11          

        CLASS   SFR12          

        CLASS   SFR13          

        CLASS   SFR14          

        CLASS   SFR15          

        CLASS   SFR16          

        CLASS   SFR17          

        CLASS   SFR18          

        CLASS   SFR19          

        CLASS   SFR20          

        CLASS   SFR21          

        CLASS   SFR22          

        CLASS   SFR23          

        CLASS   SFR24          

        CLASS   SFR25          

        CLASS   SFR26          

        CLASS   SFR27          

        CLASS   SFR28          

        CLASS   SFR29          

        CLASS   SFR30          

        CLASS   SFR31          

        CLASS   CONFIG         
                config                             8007     8007        3         4

        CLASS   IDLOC          

        CLASS   BANK31         

        CLASS   BANK30         

        CLASS   BANK29         

        CLASS   BANK28         

        CLASS   BANK27         

        CLASS   BANK26         

        CLASS   BANK25         

        CLASS   BANK24         

        CLASS   BANK23         

        CLASS   BANK22         

        CLASS   BANK21         

        CLASS   BANK20         

        CLASS   BANK19         

        CLASS   BANK18         

        CLASS   BANK17         

        CLASS   BANK16         

        CLASS   BANK15         

        CLASS   BANK14         

        CLASS   BANK13         

        CLASS   HEAP           

        CLASS   STACK          

        CLASS   EEDATA         



SEGMENTS        Name                           Load    Length   Top    Selector   Space  Class     Delta

                reset_vec                      000000  000003  000003         0       0  CODE        2
                text8                          000003  000001  000004         6       0  CODE        2
                intentry                       000004  0007FC  000800         8       0  CODE        2
                cstackBANK0                    000020  00004A  00006A        20       1  BANK0       1
                cstackCOMMON                   000070  00000E  00007E        70       1  COMMON      1
                bssBANK1                       0000A0  000049  0000E9        A0       1  BANK1       1
                bssBANK2                       000120  000020  000140       120       1  BANK2       1
                bssBANK3                       0001A0  000040  0001E0       1A0       1  BANK3       1
                text105                        000915  000001  000916      122A       0  CODE        2
                text93                         000916  000001  000917      122C       0  CODE        2
                text62                         000917  000001  000918      122E       0  CODE        2
                text60                         000918  000001  000919      1230       0  CODE        2
                text59                         000919  000001  00091A      1232       0  CODE        2
                text91                         00091A  000003  00091D      1234       0  CODE        2
                text90                         00091D  000003  000920      123A       0  CODE        2
                text87                         000920  000003  000923      1240       0  CODE        2
                text85                         000923  000003  000926      1246       0  CODE        2
                text82                         000926  000003  000929      124C       0  CODE        2
                text81                         000929  000003  00092C      1252       0  CODE        2
                text79                         00092C  000003  00092F      1258       0  CODE        2
                text16                         00092F  000003  000932      125E       0  CODE        2
                text15                         000932  000003  000935      1264       0  CODE        2
                text104                        000935  000004  000939      126A       0  CODE        2
                text92                         000939  000004  00093D      1272       0  CODE        2
                text89                         00093D  000004  000941      127A       0  CODE        2
                text86                         000941  000004  000945      1282       0  CODE        2
                text84                         000945  000004  000949      128A       0  CODE        2
                text83                         000949  000004  00094D      1292       0  CODE        2
                text77                         00094D  000004  000951      129A       0  CODE        2
                text68                         000951  000004  000955      12A2       0  CODE        2
                text63                         000955  000004  000959      12AA       0  CODE        2
                text61                         000959  000004  00095D      12B2       0  CODE        2
                idataBANK0                     00095D  000004  000961      12BA       0  CODE        2
                text80                         000961  000005  000966      12C2       0  CODE        2
                text66                         000966  000005  00096B      12CC       0  CODE        2
                text21                         00096B  000005  000970      12D6       0  CODE        2
                idataBANK1                     000970  000005  000975      12E0       0  CODE        2
                text73                         000975  000006  00097B      12EA       0  CODE        2
                text72                         00097B  000006  000981      12F6       0  CODE        2
                text65                         000981  000006  000987      1302       0  CODE        2
                text54                         000987  000006  00098D      130E       0  CODE        2
                text75                         00098D  000007  000994      131A       0  CODE        2
                text70                         000994  000007  00099B      1328       0  CODE        2
                text67                         00099B  000007  0009A2      1336       0  CODE        2
                text76                         0009A2  000008  0009AA      1344       0  CODE        2
                text71                         0009AA  000008  0009B2      1354       0  CODE        2
                text50                         0009B2  000008  0009BA      1364       0  CODE        2
                text42                         0009BA  000008  0009C2      1374       0  CODE        2
                text35                         0009C2  000009  0009CB      1384       0  CODE        2
                text32                         0009CB  000009  0009D4      1396       0  CODE        2
                text30                         0009D4  000009  0009DD      13A8       0  CODE        2
                text28                         0009DD  000009  0009E6      13BA       0  CODE        2
                text26                         0009E6  000009  0009EF      13CC       0  CODE        2
                text20                         0009EF  000009  0009F8      13DE       0  CODE        2
                text44                         0009F8  00000A  000A02      13F0       0  CODE        2
                text49                         000A02  00000B  000A0D      1404       0  CODE        2
                text45                         000A0D  00000B  000A18      141A       0  CODE        2
                text43                         000A18  00000B  000A23      1430       0  CODE        2
                text55                         000A23  00000C  000A2F      1446       0  CODE        2
                text34                         000A2F  00000C  000A3B      145E       0  CODE        2
                clrtext                        000A3B  00000C  000A47      1476       0  CODE        2
                text98                         000A47  00000F  000A56      148E       0  CODE        2
                text41                         000A56  00000F  000A65      14AC       0  CODE        2
                text40                         000A65  00000F  000A74      14CA       0  CODE        2
                text39                         000A74  00000F  000A83      14E8       0  CODE        2
                text37                         000A83  00000F  000A92      1506       0  CODE        2
                text97                         000A92  000012  000AA4      1524       0  CODE        2
                text52                         000AA4  000012  000AB6      1548       0  CODE        2
                text9                          000AB6  000012  000AC8      156C       0  CODE        2
                text103                        000AC8  000013  000ADB      1590       0  CODE        2
                text100                        000ADB  000013  000AEE      15B6       0  CODE        2
                text29                         000AEE  000013  000B01      15DC       0  CODE        2
                text51                         000B01  000014  000B15      1602       0  CODE        2
                text36                         000B15  000014  000B29      162A       0  CODE        2
                text25                         000B29  000014  000B3D      1652       0  CODE        2
                text88                         000B3D  000015  000B52      167A       0  CODE        2
                text27                         000B52  000015  000B67      16A4       0  CODE        2
                text48                         000B67  000016  000B7D      16CE       0  CODE        2
                text47                         000B7D  000016  000B93      16FA       0  CODE        2
                text18                         000B93  000017  000BAA      1726       0  CODE        2
                text23                         000BAA  000019  000BC3      1754       0  CODE        2
                text22                         000BC3  000019  000BDC      1786       0  CODE        2
                text31                         000BDC  00001B  000BF7      17B8       0  CODE        2
                text5                          000BF7  00001C  000C13      17EE       0  CODE        2
                text96                         000C13  00001D  000C30      1826       0  CODE        2
                text4                          000C30  00001D  000C4D      1860       0  CODE        2
                text17                         000C4D  00001F  000C6C      189A       0  CODE        2
                text57                         000C6C  000021  000C8D      18D8       0  CODE        2
                text69                         000C8D  000022  000CAF      191A       0  CODE        2
                text24                         000CAF  000025  000CD4      195E       0  CODE        2
                text19                         000CD4  000027  000CFB      19A8       0  CODE        2
                text38                         000CFB  00002E  000D29      19F6       0  CODE        2
                text78                         000D29  00002F  000D58      1A52       0  CODE        2
                text74                         000D58  000040  000D98      1AB0       0  CODE        2
                text95                         000D98  000041  000DD9      1B30       0  CODE        2
                text102                        000DD9  000042  000E1B      1BB2       0  CODE        2
                text64                         000E1B  000043  000E5E      1C36       0  CODE        2
                text2                          000E5E  000046  000EA4      1CBC       0  CODE        2
                text7                          000EA4  000052  000EF6      1D48       0  CODE        2
                text10                         000EF6  000054  000F4A      1DEC       0  CODE        2
                text33                         000F4A  000056  000FA0      1E94       0  CODE        2
                text11                         000FA0  000060  001000      1F40       0  CODE        2
                stringtext1                    001000  0000B1  0010B1      2000       0  STRCODE     2


UNUSED ADDRESS RANGES

        Name                Unused          Largest block    Delta
        BANK0            0006A-0006F               6           1
        BANK1            000E9-000EF               7           1
        BANK10           00520-0056F              50           1
        BANK2            00140-0016F              30           1
        BANK3            001E0-001EF              10           1
        BANK4            00220-0026F              50           1
        BANK5            002A0-002EF              50           1
        BANK6            00320-0036F              50           1
        BANK7            003A0-003EF              50           1
        BANK8            00420-0046F              50           1
        BANK9            004A0-004EF              50           1
        BIGRAM           02000-023EF             3F0           1
        CODE             00800-00914             115           2
                         010B1-01FFF             74F
        CONST            00800-00914             100           2
                         010B1-01FFF             100
        ENTRY            00800-00914             100           2
                         010B1-01FFF             100
        IDLOC            08000-08003               4           2
        RAM              0006A-0006F               6           1
                         000E9-000EF               7
                         00140-0016F              30
                         001E0-001EF              10
                         00220-0026F              50
                         002A0-002EF              50
                         00320-0036F              50
                         003A0-003EF              50
                         00420-0046F              50
                         004A0-004EF              50
                         00520-0056F              50
        SFR0             00000-0001F              20           1
        SFR1             00080-0009F              20           1
        SFR10            00500-0051F              20           1
        SFR11            00580-0059F              20           1
        SFR12            00600-0061F              20           1
        SFR13            00680-006EF              70           1
        SFR14            00700-0076F              70           1
        SFR15            00780-007EF              70           1
        SFR16            00800-0086F              70           1
        SFR17            00880-008EF              70           1
        SFR18            00900-0096F              70           1
        SFR19            00980-009EF              70           1
        SFR2             00100-0011F              20           1
        SFR20            00A00-00A6F              70           1
        SFR21            00A80-00AEF              70           1
        SFR22            00B00-00B6F              70           1
        SFR23            00B80-00BEF              70           1
        SFR24            00C00-00C6F              70           1
        SFR25            00C80-00CEF              70           1
        SFR26            00D00-00D6F              70           1
        SFR27            00D80-00DEF              70           1
        SFR28            00E00-00E6F              70           1
        SFR29            00E80-00EEF              70           1
        SFR3             00180-0019F              20           1
        SFR30            00F00-00F6F              70           1
        SFR31            00F80-00FEF              70           1
        SFR4             00200-0021F              20           1
        SFR5             00280-0029F              20           1
        SFR6             00300-0031F              20           1
        SFR7             00380-0039F              20           1
        SFR8             00400-0041F              20           1
        SFR9             00480-0049F              20           1
        STRCODE          00800-00914             115           2
                         010B1-01FFF             F4F
        STRING           00800-00914             100           2
                         010B1-01FFF             100

                                  Symbol Table

?___awdiv                                           cstackBANK0  00024
?___awmod                                           cstackBANK0  00024
?___fldiv                                           cstackBANK0  00032
?___fltol                                           cstackBANK0  0004C
?___xxtofl                                          cstackBANK0  00024
?_abs                                               cstackBANK0  0002B
?_sprintf                                           cstackBANK0  00045
?_vfprintf                                          cstackBANK0  0003E
CCP1_LoadDutyValue@dutyValue                        cstackBANK0  00024
CCP2_LoadDutyValue@dutyValue                        cstackBANK0  00024
EUSART_FramingErrorCallbackRegister@callbackHandler cstackBANK0  00024
EUSART_OverrunErrorCallbackRegister@callbackHandler cstackBANK0  00024
EUSART_ReceiveISR@regValue                          cstackCOMMON 0007B
EUSART_ReceiveISR@tempRxHead                        cstackCOMMON 0007C
EUSART_RxCompleteCallbackRegister@callbackHandler   cstackBANK0  00024
EUSART_Write@txData                                 cstackBANK0  00024
I2C1_CallbackRegister@callbackHandler               cstackBANK0  00024
I2C1_DataTransmit@data                              cstackCOMMON 00070
I2C1_EVENT_ERROR@retEventState                      cstackCOMMON 00070
I2C1_EVENT_NACK@retEventState                       cstackCOMMON 00070
I2C1_EVENT_RX@retEventState                         cstackCOMMON 00071
I2C1_EVENT_TX@retEventState                         cstackCOMMON 00073
I2C_Master_Write@data                               cstackBANK0  00024
INT_SetInterruptHandler@InterruptHandler            cstackBANK0  00024
IO_Expander_Write@Data                              cstackBANK0  00025
LCD_CMD@CMD                                         cstackBANK0  00029
LCD_Init@I2C_Add                                    cstackBANK0  0002B
LCD_Set_Cursor@COL                                  cstackBANK0  0002A
LCD_Set_Cursor@ROW                                  cstackBANK0  0002B
LCD_Write_4Bit@Nibble                               cstackBANK0  00027
LCD_Write_Char@Data                                 cstackBANK0  00029
LCD_Write_String@Str                                cstackBANK0  0002A
LCD_Write_String@i                                  cstackBANK0  0002D
TMR1_OverflowCallbackRegister@CallbackHandler       cstackBANK0  00024
TMR2_OverflowCallbackRegister@InterruptHandler      cstackBANK0  00024
TMR4_OverflowCallbackRegister@InterruptHandler      cstackBANK0  00024
Timer0_OverflowCallbackRegister@CallbackHandler     cstackBANK0  00024
Timer0_OverflowISR@CountCallBack                    bssBANK1     000C0
UART_Custom_ISR@Rx_Code                             cstackCOMMON 0007A
_ADCON0                                             (abs)        0009D
_ADCON0bits                                         (abs)        0009D
_ADCON1                                             (abs)        0009E
_ADCON2                                             (abs)        0009F
_ADC_Initialize                                     text45       00A0D
_ADRESH                                             (abs)        0009C
_ADRESL                                             (abs)        0009B
_ANSELA                                             (abs)        0018C
_ANSELB                                             (abs)        0018D
_ANSELC                                             (abs)        0018E
_BAUD1CON                                           (abs)        0019F
_BAUD1CONbits                                       (abs)        0019F
_BORCON                                             (abs)        00116
_BackLight_State                                    dataBANK0    00069
_Backlight                                          text50       009B2
_CCP1CON                                            (abs)        00293
_CCP1CONbits                                        (abs)        00293
_CCP1PPS                                            (abs)        00E14
_CCP1_Initialize                                    text44       009F8
_CCP1_LoadDutyValue                                 text23       00BAA
_CCP2CON                                            (abs)        0029A
_CCP2CONbits                                        (abs)        0029A
_CCP2PPS                                            (abs)        00E15
_CCP2_Initialize                                    text43       00A18
_CCP2_LoadDutyValue                                 text22       00BC3
_CCPR1H                                             (abs)        00292
_CCPR1L                                             (abs)        00291
_CCPR2H                                             (abs)        00299
_CCPR2L                                             (abs)        00298
_CCPTMRSbits                                        (abs)        0029E
_CLOCK_Initialize                                   text42       009BA
_EUSART_AutoBaudQuery                               (abs)        00000
_EUSART_AutoBaudSet                                 (abs)        00000
_EUSART_DefaultFramingErrorCallback                 text105      00915
_EUSART_DefaultOverrunErrorCallback                 text104      00935
_EUSART_Deinitialize                                (abs)        00000
_EUSART_ErrorGet                                    (abs)        00000
_EUSART_FramingErrorCallbackRegister                text41       00A56
_EUSART_FramingErrorHandler                         bssBANK1     000B4
_EUSART_Initialize                                  text38       00CFB
_EUSART_IsRxReady                                   (abs)        00000
_EUSART_IsTxDone                                    (abs)        00000
_EUSART_IsTxReady                                   (abs)        00000
_EUSART_OverrunErrorCallbackRegister                text40       00A65
_EUSART_OverrunErrorHandler                         bssBANK1     000B2
_EUSART_Read                                        (abs)        00000
_EUSART_ReceiveISR                                  text94       00603
_EUSART_RxCompleteCallbackRegister                  text39       00A74
_EUSART_RxInterruptHandler                          bssBANK1     000C8
_EUSART_TransmitDisable                             (abs)        00000
_EUSART_TransmitEnable                              (abs)        00000
_EUSART_Write                                       text21       0096B
_I2C1_AckSend                                       text86       00941
_I2C1_BusReset                                      text92       00939
_I2C1_Callback                                      bssBANK1     000CA
_I2C1_CallbackRegister                              text37       00A83
_I2C1_Close                                         text88       00B3D
_I2C1_DataReceive                                   text85       00923
_I2C1_DataTransmit                                  text80       00961
_I2C1_DefaultCallback                               text93       00916
_I2C1_Deinitialize                                  (abs)        00000
_I2C1_ERROR_ISR                                     text68       00951
_I2C1_EVENT_ERROR                                   text72       0097B
_I2C1_EVENT_IDLE                                    text77       0094D
_I2C1_EVENT_NACK                                    text73       00975
_I2C1_EVENT_RESET                                   text70       00994
_I2C1_EVENT_RX                                      text74       00D58
_I2C1_EVENT_SEND_RD_ADDR                            text76       009A2
_I2C1_EVENT_SEND_WR_ADDR                            text75       0098D
_I2C1_EVENT_STOP                                    text71       009AA
_I2C1_EVENT_TX                                      text78       00D29
_I2C1_ErrorEventHandler                             text69       00C8D
_I2C1_ErrorGet                                      (abs)        00000
_I2C1_ErrorInterruptClear                           text91       0091A
_I2C1_EventHandler                                  text64       00E1B
_I2C1_ISR                                           text63       00955
_I2C1_Initialize                                    text36       00B15
_I2C1_InterruptClear                                text90       0091D
_I2C1_IsAddr                                        text67       0099B
_I2C1_IsBusy                                        (abs)        00000
_I2C1_IsData                                        text66       00966
_I2C1_IsNack                                        text65       00981
_I2C1_IsRxBufFull                                   text84       00945
_I2C1_NackSend                                      text83       00949
_I2C1_Read                                          (abs)        00000
_I2C1_ReceiveEnable                                 text82       00926
_I2C1_RestartDisable                                text81       00929
_I2C1_RestartEnable                                 text79       0092C
_I2C1_StatusFlagsClear                              text89       0093D
_I2C1_StopSend                                      text87       00920
_I2C1_Write                                         (abs)        00000
_I2C1_WriteRead                                     (abs)        00000
_I2C_Master_Init                                    text49       00A02
_I2C_Master_Start                                   text54       00987
_I2C_Master_Stop                                    text53       007FA
_I2C_Master_Wait                                    text55       00A23
_I2C_Master_Write                                   text52       00AA4
_INLVLA                                             (abs)        0038C
_INLVLB                                             (abs)        0038D
_INLVLC                                             (abs)        0038E
_INTCONbits                                         (abs)        0000B
_INTERRUPT_Initialize                               text34       00A2F
_INTERRUPT_InterruptManager                         intentry     00004
_INT_DefaultInterruptHandler                        (abs)        00000
_INT_InterruptHandler                               bssBANK1     000C6
_INT_SetInterruptHandler                            text35       009C2
_IOCAF                                              (abs)        00393
_IOCAN                                              (abs)        00392
_IOCAP                                              (abs)        00391
_IOCBF                                              (abs)        00396
_IOCBN                                              (abs)        00395
_IOCBP                                              (abs)        00394
_IOCCF                                              (abs)        00399
_IOCCN                                              (abs)        00398
_IOCCP                                              (abs)        00397
_IO_Expander_Write                                  text51       00B01
_LATA                                               (abs)        0010C
_LATB                                               (abs)        0010D
_LATBbits                                           (abs)        0010D
_LATC                                               (abs)        0010E
_LATCbits                                           (abs)        0010E
_LCD_CMD                                            text47       00B7D
_LCD_Clear                                          text20       009EF
_LCD_Init                                           text46       0067C
_LCD_Set_Cursor                                     text19       00CD4
_LCD_Write_4Bit                                     text48       00B67
_LCD_Write_Char                                     text18       00B93
_LCD_Write_String                                   text17       00C4D
_ODCONA                                             (abs)        0028C
_ODCONB                                             (abs)        0028D
_ODCONC                                             (abs)        0028E
_OPTION_REG                                         (abs)        00095
_OPTION_REGbits                                     (abs)        00095
_OSCCON                                             (abs)        00099
_OSCTUNE                                            (abs)        00098
_PIE1bits                                           (abs)        00090
_PIE2bits                                           (abs)        00091
_PIN_MANAGER_Initialize                             text33       00F4A
_PIR1bits                                           (abs)        00010
_PIR2bits                                           (abs)        00011
_PORTCbits                                          (abs)        0000E
_PR2                                                (abs)        0001B
_PR4                                                (abs)        00414
_RA2PPS                                             (abs)        00E92
_RC1REG                                             (abs)        00199
_RC1STA                                             (abs)        0019D
_RC1STAbits                                         (abs)        0019D
_RC3PPS                                             (abs)        00EA3
_RC4PPS                                             (abs)        00EA4
_RC5PPS                                             (abs)        00EA5
_RC6PPS                                             (abs)        00EA6
_RS                                                 bssBANK0     00062
_RXPPS                                              (abs)        00E24
_SLRCONA                                            (abs)        0030C
_SLRCONB                                            (abs)        0030D
_SLRCONC                                            (abs)        0030E
_SPBRGH                                             (abs)        0019C
_SPBRGL                                             (abs)        0019B
_SPEED                                              dataBANK0    00066
_SSP1ADD                                            (abs)        00212
_SSP1BUF                                            (abs)        00211
_SSP1CON1                                           (abs)        00215
_SSP1CON1bits                                       (abs)        00215
_SSP1CON2                                           (abs)        00216
_SSP1CON2bits                                       (abs)        00216
_SSP1CON3                                           (abs)        00217
_SSP1STAT                                           (abs)        00214
_SSP1STATbits                                       (abs)        00214
_SSPCLKPPS                                          (abs)        00E20
_SSPDATPPS                                          (abs)        00E21
_SYSTEM_Initialize                                  text24       00CAF
_T1CON                                              (abs)        00018
_T1CONbits                                          (abs)        00018
_T1GCON                                             (abs)        00019
_T1GCONbits                                         (abs)        00019
_T2CLKCON                                           (abs)        0001E
_T2CON                                              (abs)        0001C
_T2CONbits                                          (abs)        0001C
_T2HLT                                              (abs)        0001D
_T2HLTbits                                          (abs)        0001D
_T2PR                                               (abs)        0001B
_T2RST                                              (abs)        0001F
_T2RSTbits                                          (abs)        0001F
_T2TMR                                              (abs)        0001A
_T4CLKCON                                           (abs)        00417
_T4CON                                              (abs)        00415
_T4CONbits                                          (abs)        00415
_T4HLT                                              (abs)        00416
_T4HLTbits                                          (abs)        00416
_T4PR                                               (abs)        00414
_T4RST                                              (abs)        00418
_T4RSTbits                                          (abs)        00418
_T4TMR                                              (abs)        00413
_TMR0                                               (abs)        00015
_TMR0_Custom_ISR                                    text62       00917
_TMR1H                                              (abs)        00017
_TMR1L                                              (abs)        00016
_TMR1_DefaultOverflowCallback                       text59       00919
_TMR1_Initialize                                    text31       00BDC
_TMR1_OverflowCallback                              bssBANK1     000BA
_TMR1_OverflowCallbackRegister                      text32       009CB
_TMR1_Start                                         text16       0092F
_TMR1_Stop                                          text15       00932
_TMR1_Tasks                                         (abs)        00000
_TMR1_Write                                         (abs)        00000
_TMR2                                               (abs)        0001A
_TMR2_DefaultOverflowCallback                       text60       00918
_TMR2_Initialize                                    text29       00AEE
_TMR2_OverflowCallback                              bssBANK1     000C4
_TMR2_OverflowCallbackRegister                      text30       009D4
_TMR2_PeriodCountSet                                (abs)        00000
_TMR2_Start                                         (abs)        00000
_TMR2_Stop                                          (abs)        00000
_TMR2_Tasks                                         (abs)        00000
_TMR4                                               (abs)        00413
_TMR4_DefaultOverflowCallback                       text58       00002
_TMR4_Initialize                                    text27       00B52
_TMR4_OverflowCallback                              bssBANK1     000B8
_TMR4_OverflowCallbackRegister                      text28       009DD
_TMR4_PeriodCountSet                                (abs)        00000
_TMR4_Start                                         (abs)        00000
_TMR4_Stop                                          (abs)        00000
_TMR4_Tasks                                         (abs)        00000
_TRISA                                              (abs)        0008C
_TRISB                                              (abs)        0008D
_TRISC                                              (abs)        0008E
_TRISC3                                             (abs)        00473
_TRISC4                                             (abs)        00474
_TX1REG                                             (abs)        0019A
_TX1STA                                             (abs)        0019E
_TX1STAbits                                         (abs)        0019E
_Timer0_DefaultOverflowCallback                     text61       00959
_Timer0_Initialize                                  text25       00B29
_Timer0_OverflowCallback                            bssBANK1     000C2
_Timer0_OverflowCallbackRegister                    text26       009E6
_Timer0_OverflowISR                                 text57       00C6C
_Timer0_PeriodCountSet                              (abs)        00000
_UART_Custom_ISR                                    text95       00D98
_WPUA                                               (abs)        0020C
_WPUB                                               (abs)        0020D
_WPUC                                               (abs)        0020E
__H__absolute__                                     __absolute__ 00000
__Habs1                                             abs1         00000
__Hbank0                                            bank0        00000
__Hbank1                                            bank1        00000
__Hbank10                                           bank10       00000
__Hbank11                                           bank11       00000
__Hbank12                                           bank12       00000
__Hbank13                                           bank13       00000
__Hbank14                                           bank14       00000
__Hbank15                                           bank15       00000
__Hbank16                                           bank16       00000
__Hbank17                                           bank17       00000
__Hbank18                                           bank18       00000
__Hbank19                                           bank19       00000
__Hbank2                                            bank2        00000
__Hbank20                                           bank20       00000
__Hbank21                                           bank21       00000
__Hbank22                                           bank22       00000
__Hbank23                                           bank23       00000
__Hbank24                                           bank24       00000
__Hbank25                                           bank25       00000
__Hbank26                                           bank26       00000
__Hbank27                                           bank27       00000
__Hbank28                                           bank28       00000
__Hbank29                                           bank29       00000
__Hbank3                                            bank3        00000
__Hbank30                                           bank30       00000
__Hbank31                                           bank31       00000
__Hbank4                                            bank4        00000
__Hbank5                                            bank5        00000
__Hbank6                                            bank6        00000
__Hbank7                                            bank7        00000
__Hbank8                                            bank8        00000
__Hbank9                                            bank9        00000
__Hbigram                                           bigram       00000
__HbssBANK0                                         bssBANK0     00000
__HbssBANK1                                         bssBANK1     00000
__HbssBANK2                                         bssBANK2     00000
__HbssBANK3                                         bssBANK3     00000
__HbssCOMMON                                        bssCOMMON    00000
__Hcinit                                            cinit        0009B
__Hclrtext                                          clrtext      00000
__Hcode                                             code         00000
__Hcommon                                           common       00000
__Hconfig                                           config       0800A
__HcstackBANK0                                      cstackBANK0  00000
__HcstackBANK1                                      cstackBANK1  00000
__HcstackCOMMON                                     cstackCOMMON 00000
__HdataBANK0                                        dataBANK0    00000
__HdataBANK1                                        dataBANK1    00000
__Heeprom_data                                      eeprom_data  00000
__Hend_init                                         end_init     00043
__Hfunctab                                          functab      00000
__Hheap                                             heap         00000
__HidataBANK0                                       idataBANK0   00000
__HidataBANK1                                       idataBANK1   00000
__Hinit                                             init         00041
__Hintentry                                         intentry     00041
__Hmaintext                                         maintext     00000
__Hpowerup                                          powerup      00000
__Hram                                              ram          00000
__Hreset_vec                                        reset_vec    00002
__Hsfr0                                             sfr0         00000
__Hsfr1                                             sfr1         00000
__Hsfr10                                            sfr10        00000
__Hsfr11                                            sfr11        00000
__Hsfr12                                            sfr12        00000
__Hsfr13                                            sfr13        00000
__Hsfr14                                            sfr14        00000
__Hsfr15                                            sfr15        00000
__Hsfr16                                            sfr16        00000
__Hsfr17                                            sfr17        00000
__Hsfr18                                            sfr18        00000
__Hsfr19                                            sfr19        00000
__Hsfr2                                             sfr2         00000
__Hsfr20                                            sfr20        00000
__Hsfr21                                            sfr21        00000
__Hsfr22                                            sfr22        00000
__Hsfr23                                            sfr23        00000
__Hsfr24                                            sfr24        00000
__Hsfr25                                            sfr25        00000
__Hsfr26                                            sfr26        00000
__Hsfr27                                            sfr27        00000
__Hsfr28                                            sfr28        00000
__Hsfr29                                            sfr29        00000
__Hsfr3                                             sfr3         00000
__Hsfr30                                            sfr30        00000
__Hsfr31                                            sfr31        00000
__Hsfr4                                             sfr4         00000
__Hsfr5                                             sfr5         00000
__Hsfr6                                             sfr6         00000
__Hsfr7                                             sfr7         00000
__Hsfr8                                             sfr8         00000
__Hsfr9                                             sfr9         00000
__Hsivt                                             sivt         00041
__Hspace_0                                          (abs)        010B1
__Hspace_1                                          (abs)        001E0
__Hspace_2                                          (abs)        00000
__Hspace_3                                          (abs)        00000
__Hspace_4                                          (abs)        10011
__Hstack                                            stack        00000
__Hstrings                                          strings      00000
__Hstringtext1                                      stringtext1  00000
__Hstringtext10                                     stringtext10 00000
__Hstringtext2                                      stringtext2  00000
__Hstringtext3                                      stringtext3  00000
__Hstringtext4                                      stringtext4  00000
__Hstringtext5                                      stringtext5  00000
__Hstringtext6                                      stringtext6  00000
__Hstringtext7                                      stringtext7  00000
__Hstringtext8                                      stringtext8  00000
__Hstringtext9                                      stringtext9  00000
__Htext                                             text         00000
__L__absolute__                                     __absolute__ 00000
__Labs1                                             abs1         00000
__Lbank0                                            bank0        00000
__Lbank1                                            bank1        00000
__Lbank10                                           bank10       00000
__Lbank11                                           bank11       00000
__Lbank12                                           bank12       00000
__Lbank13                                           bank13       00000
__Lbank14                                           bank14       00000
__Lbank15                                           bank15       00000
__Lbank16                                           bank16       00000
__Lbank17                                           bank17       00000
__Lbank18                                           bank18       00000
__Lbank19                                           bank19       00000
__Lbank2                                            bank2        00000
__Lbank20                                           bank20       00000
__Lbank21                                           bank21       00000
__Lbank22                                           bank22       00000
__Lbank23                                           bank23       00000
__Lbank24                                           bank24       00000
__Lbank25                                           bank25       00000
__Lbank26                                           bank26       00000
__Lbank27                                           bank27       00000
__Lbank28                                           bank28       00000
__Lbank29                                           bank29       00000
__Lbank3                                            bank3        00000
__Lbank30                                           bank30       00000
__Lbank31                                           bank31       00000
__Lbank4                                            bank4        00000
__Lbank5                                            bank5        00000
__Lbank6                                            bank6        00000
__Lbank7                                            bank7        00000
__Lbank8                                            bank8        00000
__Lbank9                                            bank9        00000
__Lbigram                                           bigram       00000
__LbssBANK0                                         bssBANK0     00000
__LbssBANK1                                         bssBANK1     00000
__LbssBANK2                                         bssBANK2     00000
__LbssBANK3                                         bssBANK3     00000
__LbssCOMMON                                        bssCOMMON    00000
__Lcinit                                            cinit        00043
__Lclrtext                                          clrtext      00000
__Lcode                                             code         00000
__Lcommon                                           common       00000
__Lconfig                                           config       00000
__LcstackBANK0                                      cstackBANK0  00000
__LcstackBANK1                                      cstackBANK1  00000
__LcstackCOMMON                                     cstackCOMMON 00000
__LdataBANK0                                        dataBANK0    00000
__LdataBANK1                                        dataBANK1    00000
__Leeprom_data                                      eeprom_data  00000
__Lend_init                                         end_init     00041
__Lfunctab                                          functab      00000
__Lheap                                             heap         00000
__LidataBANK0                                       idataBANK0   00000
__LidataBANK1                                       idataBANK1   00000
__Linit                                             init         00041
__Lintentry                                         intentry     00004
__Lmaintext                                         maintext     00000
__Lpowerup                                          powerup      00000
__Lram                                              ram          00000
__Lreset_vec                                        reset_vec    00000
__Lsfr0                                             sfr0         00000
__Lsfr1                                             sfr1         00000
__Lsfr10                                            sfr10        00000
__Lsfr11                                            sfr11        00000
__Lsfr12                                            sfr12        00000
__Lsfr13                                            sfr13        00000
__Lsfr14                                            sfr14        00000
__Lsfr15                                            sfr15        00000
__Lsfr16                                            sfr16        00000
__Lsfr17                                            sfr17        00000
__Lsfr18                                            sfr18        00000
__Lsfr19                                            sfr19        00000
__Lsfr2                                             sfr2         00000
__Lsfr20                                            sfr20        00000
__Lsfr21                                            sfr21        00000
__Lsfr22                                            sfr22        00000
__Lsfr23                                            sfr23        00000
__Lsfr24                                            sfr24        00000
__Lsfr25                                            sfr25        00000
__Lsfr26                                            sfr26        00000
__Lsfr27                                            sfr27        00000
__Lsfr28                                            sfr28        00000
__Lsfr29                                            sfr29        00000
__Lsfr3                                             sfr3         00000
__Lsfr30                                            sfr30        00000
__Lsfr31                                            sfr31        00000
__Lsfr4                                             sfr4         00000
__Lsfr5                                             sfr5         00000
__Lsfr6                                             sfr6         00000
__Lsfr7                                             sfr7         00000
__Lsfr8                                             sfr8         00000
__Lsfr9                                             sfr9         00000
__Lsivt                                             sivt         00041
__Lspace_0                                          (abs)        00000
__Lspace_1                                          (abs)        00000
__Lspace_2                                          (abs)        00000
__Lspace_3                                          (abs)        00000
__Lspace_4                                          (abs)        00000
__Lstack                                            stack        00000
[...]
__ptext40                                           text40       00A65
__ptext41                                           text41       00A56
__ptext42                                           text42       009BA
__ptext43                                           text43       00A18
__ptext44                                           text44       009F8
__ptext45                                           text45       00A0D
__ptext46                                           text46       0067C
__ptext47                                           text47       00B7D
__ptext48                                           text48       00B67
__ptext49                                           text49       00A02
__ptext5                                            text5        00BF7
__ptext50                                           text50       009B2
__ptext51                                           text51       00B01
__ptext52                                           text52       00AA4
__ptext53                                           text53       007FA
__ptext54                                           text54       00987
__ptext55                                           text55       00A23
__ptext57                                           text57       00C6C
__ptext58                                           text58       00002
__ptext59                                           text59       00919
__ptext6                                            text6        00245
__ptext60                                           text60       00918
__ptext61                                           text61       00959
__ptext62                                           text62       00917
__ptext63                                           text63       00955
__ptext64                                           text64       00E1B
__ptext65                                           text65       00981
__ptext66                                           text66       00966
__ptext67                                           text67       0099B
__ptext68                                           text68       00951
__ptext69                                           text69       00C8D
__ptext7                                            text7        00EA4
__ptext70                                           text70       00994
__ptext71                                           text71       009AA
__ptext72                                           text72       0097B
__ptext73                                           text73       00975
__ptext74                                           text74       00D58
__ptext75                                           text75       0098D
__ptext76                                           text76       009A2
__ptext77                                           text77       0094D
__ptext78                                           text78       00D29
__ptext79                                           text79       0092C
__ptext8                                            text8        00003
__ptext80                                           text80       00961
__ptext81                                           text81       00929
__ptext82                                           text82       00926
__ptext83                                           text83       00949
__ptext84                                           text84       00945
__ptext85                                           text85       00923
__ptext86                                           text86       00941
__ptext87                                           text87       00920
__ptext88                                           text88       00B3D
__ptext89                                           text89       0093D
__ptext9                                            text9        00AB6
__ptext90                                           text90       0091D
__ptext91                                           text91       0091A
__ptext92                                           text92       00939
__ptext93                                           text93       00916
__ptext94                                           text94       00603
__ptext95                                           text95       00D98
__ptext96                                           text96       00C13
__ptext97                                           text97       00A92
__ptext98                                           text98       00A47
__ptext99                                           text99       007C2
_abs                                                text9        00AB6
_auto_drive                                         text1        00339
_auto_mode                                          dataBANK0    00068
_control_motors_with_uart                           text101      00586
_control_servo                                      text99       007C2
_control_speed                                      text97       00A92
_dbuf                                               bssBANK2     00120
_eusartRxBuffer                                     bssBANK3     001A0
_eusartRxCount                                      bssBANK0     00063
_eusartRxHead                                       bssCOMMON    0007D
_eusartRxLastError                                  bssBANK1     000B6
_eusartRxStatusBuffer                               (abs)        02370
_eusartRxTail                                       bssBANK0     00064
_flags                                              bssBANK0     0005F
_fputc                                              text7        00EA4
_get_distance_from_supersonic                       text3        00429
_i2c1Status                                         bssBANK1     000A0
_i2c1_eventTable                                    stringtext3  01061
_i2c_add                                            bssBANK0     00061
_main                                               maintext     00762
_password                                           dataBANK1    000E4
_password_validation_index                          bssBANK0     00060
_prec                                               bssBANK1     000B0
_putch                                              text8        00003
_shift_out_to_motors                                text2        00E5E
_speed_motor                                        text98       00A47
_sprintf                                            text4        00C30
_timer0ReloadVal                                    bssBANK0     00065
_timer1ReloadVal                                    bssBANK1     000BE
_verify_password                                    text96       00C13
_vfpfcnvrt                                          text6        00245
_vfprintf                                           text5        00BF7
_width                                              bssBANK1     000AE
abs@a                                               cstackBANK0  0002B
auto_drive@distance                                 cstackBANK1  000DE
auto_drive@distance_l                               cstackBANK1  000E0
auto_drive@distance_r                               cstackBANK1  000E2
btemp                                               (abs)        0007E
clear_ram0                                          clrtext      00A3B
control_motors_with_uart@code                       cstackCOMMON 00077
control_motors_with_uart@dir                        cstackCOMMON 00078
control_servo@angle                                 cstackCOMMON 00075
control_servo@code                                  cstackCOMMON 00077
control_speed@code                                  cstackCOMMON 00074
control_speed@speed                                 cstackCOMMON 00075
end_of_initialization                               cinit        00097
fputc@c                                             cstackBANK0  00024
fputc@fp                                            cstackBANK0  00026
get_distance_from_supersonic@buffer                 cstackBANK1  000CC
get_distance_from_supersonic@distance_in_cm         cstackBANK1  000DC
i1CCP1_LoadDutyValue@dutyValue                      cstackCOMMON 00070
i1CCP2_LoadDutyValue@dutyValue                      cstackCOMMON 00070
i1_CCP1_LoadDutyValue                               text100      00ADB
i1_CCP2_LoadDutyValue                               text103      00AC8
i1_shift_out_to_motors                              text102      00DD9
i1shift_out_to_motors@byte                          cstackCOMMON 00073
i1shift_out_to_motors@i                             cstackCOMMON 00074
int$flags                                           (abs)        0007E
intlevel0                                           functab      00000
intlevel1                                           functab      00000
intlevel2                                           functab      00000
intlevel3                                           functab      00000
intlevel4                                           functab      00000
intlevel5                                           functab      00000
reset_vec                                           reset_vec    00000
shift_out_to_motors@byte                            cstackBANK0  00027
shift_out_to_motors@i                               cstackBANK0  00028
speed_motor@speed                                   cstackCOMMON 00072
sprintf@ap                                          cstackBANK0  0004A
sprintf@f                                           cstackBANK0  0004C
sprintf@fmt                                         cstackBANK0  00045
sprintf@s                                           cstackBANK0  0004B
start                                               init         00041
start_initialization                                cinit        00043
verify_password@password_part                       cstackCOMMON 00071
vfpfcnvrt@ap                                        cstackBANK0  00030
vfpfcnvrt@c                                         cstackBANK0  0003D
vfpfcnvrt@convarg                                   cstackBANK0  00039
vfpfcnvrt@cp                                        cstackBANK0  00037
vfpfcnvrt@done                                      cstackBANK0  00035
vfpfcnvrt@fmt                                       cstackBANK0  0002F
vfpfcnvrt@fp                                        cstackBANK0  00036
vfprintf@ap                                         cstackBANK0  00040
vfprintf@cfmt                                       cstackBANK0  00043
vfprintf@fmt                                        cstackBANK0  0003E
vfprintf@fp                                         cstackBANK0  00042
wtemp0                                              (abs)        0007E


MODULE INFORMATION

Module		Function		Class		Link	Load	Size
C:\Program Files\Microchip\xc8\v2.46\pic\sources\c99\common\fltol.c
		___fltol       		CODE           	06F1	0000	113

C:\Program Files\Microchip\xc8\v2.46\pic\sources\c99\common\fltol.c estimated size: 113

C:\Program Files\Microchip\xc8\v2.46\pic\sources\c99\common\nf_fputc.c
		_fputc         		CODE           	0EA4	0000	82

C:\Program Files\Microchip\xc8\v2.46\pic\sources\c99\common\nf_fputc.c estimated size: 82

C:\Program Files\Microchip\xc8\v2.46\pic\sources\c99\common\awdiv.c
		___awdiv       		CODE           	0FA0	0000	96

C:\Program Files\Microchip\xc8\v2.46\pic\sources\c99\common\awdiv.c estimated size: 96

C:\Program Files\Microchip\xc8\v2.46\pic\sources\c99\common\xxtofl.c
		___xxtofl      		CODE           	04DB	0000	171

C:\Program Files\Microchip\xc8\v2.46\pic\sources\c99\common\xxtofl.c estimated size: 171

mcc_generated_files/timer/src/tmr1.c
		_TMR1_Initialize		CODE           	0BDC	0000	27
		_TMR1_Stop     		CODE           	0932	0000	3
		_TMR1_Start    		CODE           	092F	0000	3
		_TMR1_OverflowCallbackRegister		CODE           	09CB	0000	9
		_TMR1_DefaultOverflowCallback		CODE           	0919	0000	1

mcc_generated_files/timer/src/tmr1.c estimated size: 43

mcc_generated_files/system/src/interrupt.c
		_INT_SetInterruptHandler		CODE           	09C2	0000	9
		_INTERRUPT_Initialize		CODE           	0A2F	0000	12
		_INTERRUPT_InterruptManager		CODE           	0004	0000	61

mcc_generated_files/system/src/interrupt.c estimated size: 82

mcc_generated_files/pwm/src/ccp2.c
		_CCP2_LoadDutyValue		CODE           	0BC3	0000	25
		_CCP2_Initialize		CODE           	0A18	0000	11

mcc_generated_files/pwm/src/ccp2.c estimated size: 36

C:\Program Files\Microchip\xc8\v2.46\pic\sources\c99\common\sprcdiv.c
		___fldiv       		CODE           	009B	0000	426

C:\Program Files\Microchip\xc8\v2.46\pic\sources\c99\common\sprcdiv.c estimated size: 426

mcc_generated_files/adc/src/adc.c
		_ADC_Initialize		CODE           	0A0D	0000	11

mcc_generated_files/adc/src/adc.c estimated size: 11

C:\Program Files\Microchip\xc8\v2.46\pic\sources\c99\common\doprnt.c
		_vfpfcnvrt     		CODE           	0245	0000	244
		_vfprintf      		CODE           	0BF7	0000	28

C:\Program Files\Microchip\xc8\v2.46\pic\sources\c99\common\doprnt.c estimated size: 272

C:\Program Files\Microchip\xc8\v2.46\pic\sources\c99\common\nf_sprintf.c
		_sprintf       		CODE           	0C30	0000	29

C:\Program Files\Microchip\xc8\v2.46\pic\sources\c99\common\nf_sprintf.c estimated size: 29

mcc_generated_files/system/src/pins.c
		_PIN_MANAGER_Initialize		CODE           	0F4A	0000	86

mcc_generated_files/system/src/pins.c estimated size: 86

shared
		_Timer4        		STRCODE        	0000	0000	0
		_Timer2        		STRCODE        	0000	0000	0
		i1_CCP1_LoadDutyValue		CODE           	0ADB	0000	19
		__initialization		CODE           	0043	0000	84
		_I2C1_Host     		STRCODE        	0000	0000	0
		_i2c1_eventTable		STRCODE        	1061	0000	18
		_UART1         		STRCODE        	0000	0000	0
		i1_shift_out_to_motors		CODE           	0DD9	0000	66
		_Timer0        		STRCODE        	0000	0000	0
		_tmr1          		STRCODE        	0000	0000	0
		i1_CCP2_LoadDutyValue		CODE           	0AC8	0000	19

shared estimated size: 206

I2C_LCD.c
		_LCD_Init      		CODE           	067C	0000	117
		_LCD_Write_4Bit		CODE           	0B67	0000	22
		_LCD_Write_Char		CODE           	0B93	0000	23
		_LCD_CMD       		CODE           	0B7D	0000	22
		_I2C_Master_Wait		CODE           	0A23	0000	12
		_I2C_Master_Init		CODE           	0A02	0000	11
		_I2C_Master_Stop		CODE           	07FA	0000	6
		_LCD_Set_Cursor		CODE           	0CD4	0000	39
		_LCD_Clear     		CODE           	09EF	0000	9
		_IO_Expander_Write		CODE           	0B01	0000	20
		_I2C_Master_Write		CODE           	0AA4	0000	18
		_Backlight     		CODE           	09B2	0000	8
		_I2C_Master_Start		CODE           	0987	0000	6
		_LCD_Write_String		CODE           	0C4D	0000	31

I2C_LCD.c estimated size: 344

C:\Program Files\Microchip\xc8\v2.46\pic\sources\c99\common\putch.c
		_putch         		CODE           	0003	0000	1

C:\Program Files\Microchip\xc8\v2.46\pic\sources\c99\common\putch.c estimated size: 1

mcc_generated_files/timer/src/tmr4.c
		_TMR4_Initialize		CODE           	0B52	0000	21
		_TMR4_OverflowCallbackRegister		CODE           	09DD	0000	9
		_TMR4_DefaultOverflowCallback		CODE           	0002	0000	1

mcc_generated_files/timer/src/tmr4.c estimated size: 31

mcc_generated_files/timer/src/tmr2.c
		_TMR2_Initialize		CODE           	0AEE	0000	19
		_TMR2_OverflowCallbackRegister		CODE           	09D4	0000	9
		_TMR2_DefaultOverflowCallback		CODE           	0918	0000	1

mcc_generated_files/timer/src/tmr2.c estimated size: 29

mcc_generated_files/uart/src/eusart.c
		_EUSART_FramingErrorCallbackRegister		CODE           	0A56	0000	15
		_EUSART_OverrunErrorCallbackRegister		CODE           	0A65	0000	15
		_EUSART_Write  		CODE           	096B	0000	5
		_EUSART_DefaultOverrunErrorCallback		CODE           	0935	0000	4
		_EUSART_Initialize		CODE           	0CFB	0000	46
		_EUSART_RxCompleteCallbackRegister		CODE           	0A74	0000	15
		_EUSART_DefaultFramingErrorCallback		CODE           	0915	0000	1
		_EUSART_ReceiveISR		CODE           	0603	0000	121

mcc_generated_files/uart/src/eusart.c estimated size: 222

mcc_generated_files/system/src/clock.c
		_CLOCK_Initialize		CODE           	09BA	0000	8

mcc_generated_files/system/src/clock.c estimated size: 8

C:\Program Files\Microchip\xc8\v2.46\pic\sources\c99\common\abs.c
		_abs           		CODE           	0AB6	0000	18

C:\Program Files\Microchip\xc8\v2.46\pic\sources\c99\common\abs.c estimated size: 18

C:\Program Files\Microchip\xc8\v2.46\pic\sources\c99\common\awmod.c
		___awmod       		CODE           	0EF6	0000	84

C:\Program Files\Microchip\xc8\v2.46\pic\sources\c99\common\awmod.c estimated size: 84

mcc_generated_files/i2c_host/src/mssp.c
		_I2C1_EVENT_SEND_WR_ADDR		CODE           	098D	0000	7
		_I2C1_NackSend 		CODE           	0949	0000	4
		_I2C1_ErrorEventHandler		CODE           	0C8D	0000	34
		_I2C1_CallbackRegister		CODE           	0A83	0000	15
		_I2C1_EVENT_RESET		CODE           	0994	0000	7
		_I2C1_EVENT_ERROR		CODE           	097B	0000	6
		_I2C1_ErrorInterruptClear		CODE           	091A	0000	3
		_I2C1_StatusFlagsClear		CODE           	093D	0000	4
		_I2C1_InterruptClear		CODE           	091D	0000	3
		_I2C1_EVENT_RX 		CODE           	0D58	0000	64
		_I2C1_EVENT_TX 		CODE           	0D29	0000	47
		_I2C1_ReceiveEnable		CODE           	0926	0000	3
		_I2C1_RestartEnable		CODE           	092C	0000	3
		_I2C1_ISR      		CODE           	0955	0000	4
		_I2C1_EventHandler		CODE           	0E1B	0000	67
		_I2C1_DataReceive		CODE           	0923	0000	3
		_I2C1_IsData   		CODE           	0966	0000	5
		_I2C1_IsNack   		CODE           	0981	0000	6
		_I2C1_IsAddr   		CODE           	099B	0000	7
		_I2C1_EVENT_IDLE		CODE           	094D	0000	4
		_I2C1_EVENT_NACK		CODE           	0975	0000	6
		_I2C1_EVENT_SEND_RD_ADDR		CODE           	09A2	0000	8
		_I2C1_EVENT_STOP		CODE           	09AA	0000	8
		_I2C1_BusReset 		CODE           	0939	0000	4
		_I2C1_Initialize		CODE           	0B15	0000	20
		_I2C1_Close    		CODE           	0B3D	0000	21
		_I2C1_ERROR_ISR		CODE           	0951	0000	4
		_I2C1_IsRxBufFull		CODE           	0945	0000	4
		_I2C1_StopSend 		CODE           	0920	0000	3
		_I2C1_RestartDisable		CODE           	0929	0000	3
		_I2C1_DataTransmit		CODE           	0961	0000	5
		_I2C1_AckSend  		CODE           	0941	0000	4
		_I2C1_DefaultCallback		CODE           	0916	0000	1

mcc_generated_files/i2c_host/src/mssp.c estimated size: 387

mcc_generated_files/timer/src/tmr0.c
		_Timer0_Initialize		CODE           	0B29	0000	20
		_Timer0_OverflowCallbackRegister		CODE           	09E6	0000	9
		_Timer0_OverflowISR		CODE           	0C6C	0000	33
		_Timer0_DefaultOverflowCallback		CODE           	0959	0000	4

mcc_generated_files/timer/src/tmr0.c estimated size: 66

mcc_generated_files/pwm/src/ccp1.c
		_CCP1_LoadDutyValue		CODE           	0BAA	0000	25
		_CCP1_Initialize		CODE           	09F8	0000	10

mcc_generated_files/pwm/src/ccp1.c estimated size: 35

main.c
		_main          		CODE           	0762	0000	96
		_auto_drive    		CODE           	0339	0000	240
		_control_speed 		CODE           	0A92	0000	18
		_UART_Custom_ISR		CODE           	0D98	0000	65
		_control_servo 		CODE           	07C2	0000	56
		_verify_password		CODE           	0C13	0000	29
		_TMR0_Custom_ISR		CODE           	0917	0000	1
		_shift_out_to_motors		CODE           	0E5E	0000	70
		_speed_motor   		CODE           	0A47	0000	15
		_control_motors_with_uart		CODE           	0586	0000	125
		_get_distance_from_supersonic		CODE           	0429	0000	178

main.c estimated size: 893

mcc_generated_files/system/src/system.c
		_SYSTEM_Initialize		CODE           	0CAF	0000	37

mcc_generated_files/system/src/system.c estimated size: 37

