Microchip MPLAB XC8 Compiler V2.46

Linker command line:

-W-3 \
  --edf=C:\Program Files\Microchip\xc8\v2.46\pic\dat\20240104201356_en.msgs \
  -cn -h+dist/default/production\Test_Curiosity.X.production.sym \
  --cmf=dist/default/production\Test_Curiosity.X.production.cmf -z \
  -Q16F1619 -oC:\Users\baptc\AppData\Local\Temp\xcAs4q4.\driver_tmp_3.o \
  --defsym=__MPLAB_BUILD=1 --fixupoverflow=error \
  -Mdist/default/production/Test_Curiosity.X.production.map \
  --md=C:\Users\baptc\AppData\Local\Temp\xcAs4q4.\driver_tmp_0.dat -E1 \
  -ver=XC8 Compiler --acfsm=1493 -ACODE=00h-07FFhx4 -ASTRCODE=00h-01FFFh \
  -ASTRING=00h-0FFhx32 -ACONST=00h-0FFhx32 -AENTRY=00h-0FFhx32 \
  -ACOMMON=070h-07Fh -ABANK0=020h-06Fh -ABANK1=0A0h-0EFh \
  -ABANK2=0120h-016Fh -ABANK3=01A0h-01EFh -ABANK4=0220h-026Fh \
  -ABANK5=02A0h-02EFh -ABANK6=0320h-036Fh -ABANK7=03A0h-03EFh \
  -ABANK8=0420h-046Fh -ABANK9=04A0h-04EFh -ABANK10=0520h-056Fh \
  -ABANK11=05A0h-05EFh -ABANK12=0620h-064Fh -ABIGRAM=02000h-023EFh \
  -ARAM=020h-06Fh,0A0h-0EFh,0120h-016Fh,01A0h-01EFh,0220h-026Fh,02A0h-02EFh,0320h-036Fh,03A0h-03EFh,0420h-046Fh,04A0h-04EFh,0520h-056Fh,05A0h-05EFh,0620h-064Fh \
  -AABS1=020h-07Fh,0A0h-0EFh,0120h-016Fh,01A0h-01EFh,0220h-026Fh,02A0h-02EFh,0320h-036Fh,03A0h-03EFh,0420h-046Fh,04A0h-04EFh,0520h-056Fh,05A0h-05EFh,0620h-064Fh \
  -ASFR0=00h-01Fh -ASFR1=080h-09Fh -ASFR2=0100h-011Fh -ASFR3=0180h-019Fh \
  -ASFR4=0200h-021Fh -ASFR5=0280h-029Fh -ASFR6=0300h-031Fh \
  -ASFR7=0380h-039Fh -ASFR8=0400h-041Fh -ASFR9=0480h-049Fh \
  -ASFR10=0500h-051Fh -ASFR11=0580h-059Fh -ASFR12=0600h-061Fh \
  -ASFR13=0680h-06EFh -ASFR14=0700h-076Fh -ASFR15=0780h-07EFh \
  -ASFR16=0800h-086Fh -ASFR17=0880h-08EFh -ASFR18=0900h-096Fh \
  -ASFR19=0980h-09EFh -ASFR20=0A00h-0A6Fh -ASFR21=0A80h-0AEFh \
  -ASFR22=0B00h-0B6Fh -ASFR23=0B80h-0BEFh -ASFR24=0C00h-0C6Fh \
  -ASFR25=0C80h-0CEFh -ASFR26=0D00h-0D6Fh -ASFR27=0D80h-0DEFh \
  -ASFR28=0E00h-0E6Fh -ASFR29=0E80h-0EEFh -ASFR30=0F00h-0F6Fh \
  -ASFR31=0F80h-0FEFh -ACONFIG=08007h-08009h -DCONFIG=2 \
  -AIDLOC=08000h-08003h -DIDLOC=2 -DCODE=2 -DSTRCODE=2 -DSTRING=2 -DCONST=2 \
  -DENTRY=2 -preset_vec=00h,intentry=04h,sivt,init,end_init -ppowerup=CODE \
  -pcinit=CODE -pfunctab=ENTRY -k \
  C:\Users\baptc\AppData\Local\Temp\xcAs4q4.\driver_tmp_17.o \
  dist/default/production\Test_Curiosity.X.production.o 

Object code version is 3.11

Machine type is 16F1619



                Name                               Link     Load   Length Selector   Space Scale
C:\Users\baptc\AppData\Local\Temp\xcAs4q4.\driver_tmp_17.o
                end_init                             41       41        2        8       0
                reset_vec                             0        0        2        0       0
                config                             8007     8007        3        0       4
dist/default/production\Test_Curiosity.X.production.o
                cinit                                43       43       40        8       0
                intentry                              4        4       3D        8       0
                config                             8007     8007        3        0       4
                text116                            1B22     1B22        1     3644       0
                text115                            1B41     1B41        4     3682       0
                text114                            1C2A     1C2A        C     3854       0
                text113                            1B73     1B73        6     36E6       0
                text112                            1B79     1B79        6     36F2       0
                text111                            1C90     1C90       10     3920       0
                text110                            1CB2     1CB2       13     3964       0
                text109                            1BC4     1BC4        8     3788       0
                text108                            1CED     1CED       15     39DA       0
                text107                            1D02     1D02       15     3A04       0
                text106                            1BE4     1BE4        9     37C8       0
                text105                            1F7E     1F7E       26     3EFC       0
                text104                            1D6B     1D6B       16     3AD6       0
                text103                            1E30     1E30       1D     3C60       0
                text102                             857      857      1AA     10AE       0
                text101                            1122     1122       4E     2244       0
                text100                            1485     1485       8B     290A       0
                text99                             1EEE     1EEE       23     3DDC       0
                text98                              DC5      DC5      23B     1B8A       0
                text97                             1C09     1C09        B     3812       0
                text96                              BB9      BB9      20C     1772       0
                text95                             1E6C     1E6C       20     3CD8       0
                text94                             1227     1227       70     244E       0
                text93                             1385     1385       7F     270A       0
                text92                              6A9      6A9       EB        8       0
                text91                             1D17     1D17       15     3A2E       0
                text90                             1001     1001       27     2002       0
                text89                             1B23     1B23        1     3646       0
                text88                              800      800       57     1000       0
                text87                             1F34     1F34       25     3E68       0
                text86                             1028     1028       30     2050       0
                text85                             1DFA     1DFA       1B     3BF4       0
                text84                               83       83      626        8       0
                text83                             1E4D     1E4D       1F     3C9A       0
                text82                             11C6     11C6       61     238C       0
                text81                             1404     1404       81     2808       0
                text80                             1670     1670      190     2CE0       0
                text79                             1E8C     1E8C       20     3D18       0
                text78                             1EAC     1EAC       20     3D58       0
                text77                              794      794       61        8       0
                text76                             130D     130D       78     261A       0
                text75                             1B24     1B24        1     3648       0
                text74                             1B45     1B45        4     368A       0
                text73                             1B26     1B26        3     364C       0
                text72                             1B29     1B29        3     3652       0
                text71                             1B49     1B49        4     3692       0
                text70                             1D2C     1D2C       15     3A58       0
                text69                             1B2C     1B2C        3     3658       0
                text68                             1B4D     1B4D        4     369A       0
                text67                             1B2F     1B2F        3     365E       0
                text66                             1B51     1B51        4     36A2       0
                text65                             1B55     1B55        4     36AA       0
                text64                             1B32     1B32        3     3664       0
                text63                             1B35     1B35        3     366A       0
                text62                             1B69     1B69        5     36D2       0
                text61                             1B38     1B38        3     3670       0
                text60                             1FD1     1FD1       2F     3FA2       0
                text59                             1B59     1B59        4     36B2       0
                text58                             1BCC     1BCC        8     3798       0
                text57                             1BAF     1BAF        7     375E       0
                text56                             1058     1058       41     20B0       0
                text55                             1B7F     1B7F        6     36FE       0
                text54                             1B85     1B85        6     370A       0
                text53                             1BD4     1BD4        8     37A8       0
                text52                             1BB6     1BB6        7     376C       0
                text51                             1F11     1F11       23     3E22       0
                text50                             1B5D     1B5D        4     36BA       0
                text49                             1BBD     1BBD        7     377A       0
                text48                             1B6E     1B6E        5     36DC       0
                text47                             1B8B     1B8B        6     3716       0
                text46                             1099     1099       43     2132       0
                text45                             1B61     1B61        4     36C2       0
                text44                             1DE0     1DE0       1A     3BC0       0
                text43                             1B3B     1B3B        3     3676       0
                text42                             1B3E     1B3E        3     367C       0
                text41                             1510     1510       AB     2A20       0
                text40                              A01      A01      1B8     1402       0
                text39                             1B65     1B65        4     36CA       0
                text38                             1B25     1B25        1     364A       0
                text37                             1000     1000        1     1B8A       0
                text36                                2        2        1        0       0
                text35                             1ECC     1ECC       22     3D98       0
                text33                             1DC7     1DC7       19     3B8E       0
                text32                             1C14     1C14        B     3828       0
                text31                             1C36     1C36        C     386C       0
                text30                             1B91     1B91        6     3722       0
                text29                             1B97     1B97        6     372E       0
                text28                             1CA0     1CA0       12     3940       0
                text27                             1D41     1D41       15     3A82       0
                text26                             1D97     1D97       18     3B2E       0
                text25                             1DAF     1DAF       18     3B5E       0
                text24                             1297     1297       76     252E       0
                text23                             1C1F     1C1F        B     383E       0
                text22                             1BFF     1BFF        A     37FE       0
                text21                              7F5      7F5        B        8       0
                text20                             1BDC     1BDC        8     37B8       0
                text19                             1C72     1C72        F     38E4       0
                text18                             1C81     1C81        F     3902       0
                text17                             1C42     1C42        C     3884       0
                text16                             1FA4     1FA4       2D     3F48       0
                text15                             1C4E     1C4E        C     389C       0
                text14                             1CC5     1CC5       14     398A       0
                text13                             1BED     1BED        9     37DA       0
                text12                             1C5A     1C5A        C     38B4       0
                text11                             1170     1170       56     22E0       0
                text10                             1B9D     1B9D        6     373A       0
                text9                              1E15     1E15       1B     3C2A       0
                text8                              1BA3     1BA3        6     3746       0
                text7                              1CD9     1CD9       14     39B2       0
                text6                              1BA9     1BA9        6     3752       0
                text5                              1D56     1D56       15     3AAC       0
                text4                              1BF6     1BF6        9     37EC       0
                text3                              1D81     1D81       16     3B02       0
                text2                              1F59     1F59       25     3EB2       0
                text1                              10DC     10DC       46     21B8       0
                maintext                           15BB     15BB       B5     2B76       0
                cstackBANK0                          20       20       50       20       1
                cstackCOMMON                         70       70        E       70       1
                cstackBANK1                          A0       A0       50       A0       1
                cstackBANK2                         120      120       27      120       1
                cstackBANK3                         1BE      1BE        A      1A0       1
                clrtext                            1C66     1C66        C     38CC       0
                bssBANK5                            2A0      2A0       40      2A0       1
                bssBANK4                            220      220       50      220       1
                bssBANK3                            1A0      1A0       1E      1A0       1
                dataBANK2                           16C      16C        1      120       1
                bssBANK2                            147      147       25      120       1
                stringtext15                       18E4     18E4        4     3000       0
                stringtext14                       18E0     18E0        4     3000       0
                stringtext13                       18D7     18D7        9     3000       0
                stringtext12                       18CE     18CE        9     3000       0
                stringtext11                       189D     189D        D     3000       0
                stringtext10                       188F     188F        E     3000       0
                stringtext9                        1881     1881        E     3000       0
                stringtext8                        1872     1872        F     3000       0
                stringtext7                        1830     1830       1C     3000       0
                stringtext6                        18C2     18C2        C     3000       0
                stringtext5                        18B6     18B6        C     3000       0
                stringtext4                        18AA     18AA        C     3000       0
                stringtext3                        1860     1860       12     3000       0
                stringtext2                        184C     184C       14     3000       0
                stringtext1                        1800     1800       30     3000       0
                idataBANK2                            3        3        1        6       0

TOTAL           Name                               Link     Load   Length     Space
        CLASS   CODE           
                end_init                             41       41        2         0
                cinit                                43       43       40         0
                intentry                              4        4       3D         0
                reset_vec                             0        0        2         0
                text116                            1B22     1B22        1         0
                text115                            1B41     1B41        4         0
                text114                            1C2A     1C2A        C         0
                text113                            1B73     1B73        6         0
                text112                            1B79     1B79        6         0
                text111                            1C90     1C90       10         0
                text110                            1CB2     1CB2       13         0
                text109                            1BC4     1BC4        8         0
                text108                            1CED     1CED       15         0
                text107                            1D02     1D02       15         0
                text106                            1BE4     1BE4        9         0
                text105                            1F7E     1F7E       26         0
                text104                            1D6B     1D6B       16         0
                text103                            1E30     1E30       1D         0
                text102                             857      857      1AA         0
                text101                            1122     1122       4E         0
                text100                            1485     1485       8B         0
                text99                             1EEE     1EEE       23         0
                text98                              DC5      DC5      23B         0
                text97                             1C09     1C09        B         0
                text96                              BB9      BB9      20C         0
                text95                             1E6C     1E6C       20         0
                text94                             1227     1227       70         0
                text93                             1385     1385       7F         0
                text92                              6A9      6A9       EB         0
                text91                             1D17     1D17       15         0
                text90                             1001     1001       27         0
                text89                             1B23     1B23        1         0
                text88                              800      800       57         0
                text87                             1F34     1F34       25         0
                text86                             1028     1028       30         0
                text85                             1DFA     1DFA       1B         0
                text84                               83       83      626         0
                text83                             1E4D     1E4D       1F         0
                text82                             11C6     11C6       61         0
                text81                             1404     1404       81         0
                text80                             1670     1670      190         0
                text79                             1E8C     1E8C       20         0
                text78                             1EAC     1EAC       20         0
                text77                              794      794       61         0
                text76                             130D     130D       78         0
                text75                             1B24     1B24        1         0
                text74                             1B45     1B45        4         0
                text73                             1B26     1B26        3         0
                text72                             1B29     1B29        3         0
                text71                             1B49     1B49        4         0
                text70                             1D2C     1D2C       15         0
                text69                             1B2C     1B2C        3         0
                text68                             1B4D     1B4D        4         0
                text67                             1B2F     1B2F        3         0
                text66                             1B51     1B51        4         0
                text65                             1B55     1B55        4         0
                text64                             1B32     1B32        3         0
                text63                             1B35     1B35        3         0
                text62                             1B69     1B69        5         0
                text61                             1B38     1B38        3         0
                text60                             1FD1     1FD1       2F         0
                text59                             1B59     1B59        4         0
                text58                             1BCC     1BCC        8         0
                text57                             1BAF     1BAF        7         0
                text56                             1058     1058       41         0
                text55                             1B7F     1B7F        6         0
                text54                             1B85     1B85        6         0
                text53                             1BD4     1BD4        8         0
                text52                             1BB6     1BB6        7         0
                text51                             1F11     1F11       23         0
                text50                             1B5D     1B5D        4         0
                text49                             1BBD     1BBD        7         0
                text48                             1B6E     1B6E        5         0
                text47                             1B8B     1B8B        6         0
                text46                             1099     1099       43         0
                text45                             1B61     1B61        4         0
                text44                             1DE0     1DE0       1A         0
                text43                             1B3B     1B3B        3         0
                text42                             1B3E     1B3E        3         0
                text41                             1510     1510       AB         0
                text40                              A01      A01      1B8         0
                text39                             1B65     1B65        4         0
                text38                             1B25     1B25        1         0
                text37                             1000     1000        1         0
                text36                                2        2        1         0
                text35                             1ECC     1ECC       22         0
                text33                             1DC7     1DC7       19         0
                text32                             1C14     1C14        B         0
                text31                             1C36     1C36        C         0
                text30                             1B91     1B91        6         0
                text29                             1B97     1B97        6         0
                text28                             1CA0     1CA0       12         0
                text27                             1D41     1D41       15         0
                text26                             1D97     1D97       18         0
                text25                             1DAF     1DAF       18         0
                text24                             1297     1297       76         0
                text23                             1C1F     1C1F        B         0
                text22                             1BFF     1BFF        A         0
                text21                              7F5      7F5        B         0
                text20                             1BDC     1BDC        8         0
                text19                             1C72     1C72        F         0
                text18                             1C81     1C81        F         0
                text17                             1C42     1C42        C         0
                text16                             1FA4     1FA4       2D         0
                text15                             1C4E     1C4E        C         0
                text14                             1CC5     1CC5       14         0
                text13                             1BED     1BED        9         0
                text12                             1C5A     1C5A        C         0
                text11                             1170     1170       56         0
                text10                             1B9D     1B9D        6         0
                text9                              1E15     1E15       1B         0
                text8                              1BA3     1BA3        6         0
                text7                              1CD9     1CD9       14         0
                text6                              1BA9     1BA9        6         0
                text5                              1D56     1D56       15         0
                text4                              1BF6     1BF6        9         0
                text3                              1D81     1D81       16         0
                text2                              1F59     1F59       25         0
                text1                              10DC     10DC       46         0
                maintext                           15BB     15BB       B5         0
                clrtext                            1C66     1C66        C         0
                idataBANK2                            3        3        1         0

        CLASS   STRCODE        
                stringtext15                       18E4     18E4        4         0
                stringtext14                       18E0     18E0        4         0
                stringtext13                       18D7     18D7        9         0
                stringtext12                       18CE     18CE        9         0
                stringtext11                       189D     189D        D         0
                stringtext10                       188F     188F        E         0
                stringtext9                        1881     1881        E         0
                stringtext8                        1872     1872        F         0
                stringtext7                        1830     1830       1C         0
                stringtext6                        18C2     18C2        C         0
                stringtext5                        18B6     18B6        C         0
                stringtext4                        18AA     18AA        C         0
                stringtext3                        1860     1860       12         0
                stringtext2                        184C     184C       14         0
                stringtext1                        1800     1800       30         0

        CLASS   STRING         

        CLASS   CONST          

        CLASS   ENTRY          

        CLASS   COMMON         
                cstackCOMMON                         70       70        E         1

        CLASS   BANK0          
                cstackBANK0                          20       20       50         1

        CLASS   BANK1          
                cstackBANK1                          A0       A0       50         1

        CLASS   BANK2          
                cstackBANK2                         120      120       27         1
                dataBANK2                           16C      16C        1         1
                bssBANK2                            147      147       25         1

        CLASS   BANK3          
                cstackBANK3                         1BE      1BE        A         1
                bssBANK3                            1A0      1A0       1E         1

        CLASS   BANK4          
                bssBANK4                            220      220       50         1

        CLASS   BANK5          
                bssBANK5                            2A0      2A0       40         1

        CLASS   BANK6          

        CLASS   BANK7          

        CLASS   BANK8          

        CLASS   BANK9          

        CLASS   BANK10         

        CLASS   BANK11         

        CLASS   BANK12         

        CLASS   BIGRAM         

        CLASS   RAM            

        CLASS   ABS1           
                abs_s1                               7E       7E        2         1
                abs_s1                              5A0      5A0       50         1
                abs_s1                              620      620       30         1
                abs_s1                             2370     2370        0         1

        CLASS   SFR0           

        CLASS   SFR1           

        CLASS   SFR2           

        CLASS   SFR3           

        CLASS   SFR4           

        CLASS   SFR5           

        CLASS   SFR6           

        CLASS   SFR7           

        CLASS   SFR8           

        CLASS   SFR9           

        CLASS   SFR10          

        CLASS   SFR11          

        CLASS   SFR12          

        CLASS   SFR13          

        CLASS   SFR14          

        CLASS   SFR15          

        CLASS   SFR16          

        CLASS   SFR17          

        CLASS   SFR18          

        CLASS   SFR19          

        CLASS   SFR20          

        CLASS   SFR21          

        CLASS   SFR22          

        CLASS   SFR23          

        CLASS   SFR24          

        CLASS   SFR25          

        CLASS   SFR26          

        CLASS   SFR27          

        CLASS   SFR28          

        CLASS   SFR29          

        CLASS   SFR30          

        CLASS   SFR31          

        CLASS   CONFIG         
                config                             8007     8007        3         4

        CLASS   IDLOC          

        CLASS   BANK31         

        CLASS   BANK30         

        CLASS   BANK29         

        CLASS   BANK28         

        CLASS   BANK27         

        CLASS   BANK26         

        CLASS   BANK25         

        CLASS   BANK24         

        CLASS   BANK23         

        CLASS   BANK22         

        CLASS   BANK21         

        CLASS   BANK20         

        CLASS   BANK19         

        CLASS   BANK18         

        CLASS   BANK17         

        CLASS   BANK16         

        CLASS   BANK15         

        CLASS   BANK14         

        CLASS   BANK13         

        CLASS   HEAP           

        CLASS   STACK          

        CLASS   EEDATA         



SEGMENTS        Name                           Load    Length   Top    Selector   Space  Class     Delta

                reset_vec                      000000  000003  000003         0       0  CODE        2
                idataBANK2                     000003  000001  000004         6       0  CODE        2
                intentry                       000004  0007FC  000800         8       0  CODE        2
                cstackBANK0                    000020  000050  000070        20       1  BANK0       1
                cstackCOMMON                   000070  00000E  00007E        70       1  COMMON      1
                cstackBANK1                    0000A0  000050  0000F0        A0       1  BANK1       1
                cstackBANK2                    000120  00004D  00016D       120       1  BANK2       1
                bssBANK3                       0001A0  000028  0001C8       1A0       1  BANK3       1
                bssBANK4                       000220  000050  000270       220       1  BANK4       1
                bssBANK5                       0002A0  000040  0002E0       2A0       1  BANK5       1
                text88                         000800  000057  000857      1000       0  CODE        2
                text102                        000857  0001AA  000A01      10AE       0  CODE        2
                text40                         000A01  0001B8  000BB9      1402       0  CODE        2
                text96                         000BB9  00020C  000DC5      1772       0  CODE        2
                text98                         000DC5  00023C  001001      1B8A       0  CODE        2
                text90                         001001  000027  001028      2002       0  CODE        2
                text86                         001028  000030  001058      2050       0  CODE        2
                text56                         001058  000041  001099      20B0       0  CODE        2
                text46                         001099  000043  0010DC      2132       0  CODE        2
                text1                          0010DC  000046  001122      21B8       0  CODE        2
                text101                        001122  00004E  001170      2244       0  CODE        2
                text11                         001170  000056  0011C6      22E0       0  CODE        2
                text82                         0011C6  000061  001227      238C       0  CODE        2
                text94                         001227  000070  001297      244E       0  CODE        2
                text24                         001297  000076  00130D      252E       0  CODE        2
                text76                         00130D  000078  001385      261A       0  CODE        2
                text93                         001385  00007F  001404      270A       0  CODE        2
                text81                         001404  000081  001485      2808       0  CODE        2
                text100                        001485  00008B  001510      290A       0  CODE        2
                text41                         001510  0000AB  0015BB      2A20       0  CODE        2
                maintext                       0015BB  0000B5  001670      2B76       0  CODE        2
                text80                         001670  000190  001800      2CE0       0  CODE        2
                stringtext1                    001800  0000E8  0018E8      3000       0  STRCODE     2
                text116                        001B22  000001  001B23      3644       0  CODE        2
                text89                         001B23  000001  001B24      3646       0  CODE        2
                text75                         001B24  000001  001B25      3648       0  CODE        2
                text38                         001B25  000001  001B26      364A       0  CODE        2
                text73                         001B26  000003  001B29      364C       0  CODE        2
                text72                         001B29  000003  001B2C      3652       0  CODE        2
                text69                         001B2C  000003  001B2F      3658       0  CODE        2
                text67                         001B2F  000003  001B32      365E       0  CODE        2
                text64                         001B32  000003  001B35      3664       0  CODE        2
                text63                         001B35  000003  001B38      366A       0  CODE        2
                text61                         001B38  000003  001B3B      3670       0  CODE        2
                text43                         001B3B  000003  001B3E      3676       0  CODE        2
                text42                         001B3E  000003  001B41      367C       0  CODE        2
                text115                        001B41  000004  001B45      3682       0  CODE        2
                text74                         001B45  000004  001B49      368A       0  CODE        2
                text71                         001B49  000004  001B4D      3692       0  CODE        2
                text68                         001B4D  000004  001B51      369A       0  CODE        2
                text66                         001B51  000004  001B55      36A2       0  CODE        2
                text65                         001B55  000004  001B59      36AA       0  CODE        2
                text59                         001B59  000004  001B5D      36B2       0  CODE        2
                text50                         001B5D  000004  001B61      36BA       0  CODE        2
                text45                         001B61  000004  001B65      36C2       0  CODE        2
                text39                         001B65  000004  001B69      36CA       0  CODE        2
                text62                         001B69  000005  001B6E      36D2       0  CODE        2
                text48                         001B6E  000005  001B73      36DC       0  CODE        2
                text113                        001B73  000006  001B79      36E6       0  CODE        2
                text112                        001B79  000006  001B7F      36F2       0  CODE        2
                text55                         001B7F  000006  001B85      36FE       0  CODE        2
                text54                         001B85  000006  001B8B      370A       0  CODE        2
                text47                         001B8B  000006  001B91      3716       0  CODE        2
                text30                         001B91  000006  001B97      3722       0  CODE        2
                text29                         001B97  000006  001B9D      372E       0  CODE        2
                text10                         001B9D  000006  001BA3      373A       0  CODE        2
                text8                          001BA3  000006  001BA9      3746       0  CODE        2
                text6                          001BA9  000006  001BAF      3752       0  CODE        2
                text57                         001BAF  000007  001BB6      375E       0  CODE        2
                text52                         001BB6  000007  001BBD      376C       0  CODE        2
                text49                         001BBD  000007  001BC4      377A       0  CODE        2
                text109                        001BC4  000008  001BCC      3788       0  CODE        2
                text58                         001BCC  000008  001BD4      3798       0  CODE        2
                text53                         001BD4  000008  001BDC      37A8       0  CODE        2
                text20                         001BDC  000008  001BE4      37B8       0  CODE        2
                text106                        001BE4  000009  001BED      37C8       0  CODE        2
                text13                         001BED  000009  001BF6      37DA       0  CODE        2
                text4                          001BF6  000009  001BFF      37EC       0  CODE        2
                text22                         001BFF  00000A  001C09      37FE       0  CODE        2
                text97                         001C09  00000B  001C14      3812       0  CODE        2
                text32                         001C14  00000B  001C1F      3828       0  CODE        2
                text23                         001C1F  00000B  001C2A      383E       0  CODE        2
                text114                        001C2A  00000C  001C36      3854       0  CODE        2
                text31                         001C36  00000C  001C42      386C       0  CODE        2
                text17                         001C42  00000C  001C4E      3884       0  CODE        2
                text15                         001C4E  00000C  001C5A      389C       0  CODE        2
                text12                         001C5A  00000C  001C66      38B4       0  CODE        2
                clrtext                        001C66  00000C  001C72      38CC       0  CODE        2
                text19                         001C72  00000F  001C81      38E4       0  CODE        2
                text18                         001C81  00000F  001C90      3902       0  CODE        2
                text111                        001C90  000010  001CA0      3920       0  CODE        2
                text28                         001CA0  000012  001CB2      3940       0  CODE        2
                text110                        001CB2  000013  001CC5      3964       0  CODE        2
                text14                         001CC5  000014  001CD9      398A       0  CODE        2
                text7                          001CD9  000014  001CED      39B2       0  CODE        2
                text108                        001CED  000015  001D02      39DA       0  CODE        2
                text107                        001D02  000015  001D17      3A04       0  CODE        2
                text91                         001D17  000015  001D2C      3A2E       0  CODE        2
                text70                         001D2C  000015  001D41      3A58       0  CODE        2
                text27                         001D41  000015  001D56      3A82       0  CODE        2
                text5                          001D56  000015  001D6B      3AAC       0  CODE        2
                text104                        001D6B  000016  001D81      3AD6       0  CODE        2
                text3                          001D81  000016  001D97      3B02       0  CODE        2
                text26                         001D97  000018  001DAF      3B2E       0  CODE        2
                text25                         001DAF  000018  001DC7      3B5E       0  CODE        2
                text33                         001DC7  000019  001DE0      3B8E       0  CODE        2
                text44                         001DE0  00001A  001DFA      3BC0       0  CODE        2
                text85                         001DFA  00001B  001E15      3BF4       0  CODE        2
                text9                          001E15  00001B  001E30      3C2A       0  CODE        2
                text103                        001E30  00001D  001E4D      3C60       0  CODE        2
                text83                         001E4D  00001F  001E6C      3C9A       0  CODE        2
                text95                         001E6C  000020  001E8C      3CD8       0  CODE        2
                text79                         001E8C  000020  001EAC      3D18       0  CODE        2
                text78                         001EAC  000020  001ECC      3D58       0  CODE        2
                text35                         001ECC  000022  001EEE      3D98       0  CODE        2
                text99                         001EEE  000023  001F11      3DDC       0  CODE        2
                text51                         001F11  000023  001F34      3E22       0  CODE        2
                text87                         001F34  000025  001F59      3E68       0  CODE        2
                text2                          001F59  000025  001F7E      3EB2       0  CODE        2
                text105                        001F7E  000026  001FA4      3EFC       0  CODE        2
                text16                         001FA4  00002D  001FD1      3F48       0  CODE        2
                text60                         001FD1  00002F  002000      3FA2       0  CODE        2


UNUSED ADDRESS RANGES

        Name                Unused          Largest block    Delta
        BANK10           00520-0056F              50           1
        BANK2            0016D-0016F               3           1
        BANK3            001C8-001EF              28           1
        BANK5            002E0-002EF              10           1
        BANK6            00320-0036F              50           1
        BANK7            003A0-003EF              50           1
        BANK8            00420-0046F              50           1
        BANK9            004A0-004EF              50           1
        BIGRAM           02000-023EF             3F0           1
        CODE             018E8-01B21             23A           2
        CONST            018E8-01B21             100           2
        ENTRY            018E8-01B21             100           2
        IDLOC            08000-08003               4           2
        RAM              0016D-0016F               3           1
                         001C8-001EF              28
                         002E0-002EF              10
                         00320-0036F              50
                         003A0-003EF              50
                         00420-0046F              50
                         004A0-004EF              50
                         00520-0056F              50
        SFR0             00000-0001F              20           1
        SFR1             00080-0009F              20           1
        SFR10            00500-0051F              20           1
        SFR11            00580-0059F              20           1
        SFR12            00600-0061F              20           1
        SFR13            00680-006EF              70           1
        SFR14            00700-0076F              70           1
        SFR15            00780-007EF              70           1
        SFR16            00800-0086F              70           1
        SFR17            00880-008EF              70           1
        SFR18            00900-0096F              70           1
        SFR19            00980-009EF              70           1
        SFR2             00100-0011F              20           1
        SFR20            00A00-00A6F              70           1
        SFR21            00A80-00AEF              70           1
        SFR22            00B00-00B6F              70           1
        SFR23            00B80-00BEF              70           1
        SFR24            00C00-00C6F              70           1
        SFR25            00C80-00CEF              70           1
        SFR26            00D00-00D6F              70           1
        SFR27            00D80-00DEF              70           1
        SFR28            00E00-00E6F              70           1
        SFR29            00E80-00EEF              70           1
        SFR3             00180-0019F              20           1
        SFR30            00F00-00F6F              70           1
        SFR31            00F80-00FEF              70           1
        SFR4             00200-0021F              20           1
        SFR5             00280-0029F              20           1
        SFR6             00300-0031F              20           1
        SFR7             00380-0039F              20           1
        SFR8             00400-0041F              20           1
        SFR9             00480-0049F              20           1
        STRCODE          018E8-01B21             23A           2
        STRING           018E8-01B21             100           2

                                  Symbol Table

?_ADC_GetConversion                                 cstackCOMMON 00070
?__Umul8_16                                         cstackCOMMON 00070
?___fladd                                           cstackCOMMON 00070
?___fldiv                                           cstackBANK0  00040
?___flmul                                           cstackBANK0  00026
?___flneg                                           cstackCOMMON 00070
?___flsub                                           cstackBANK0  00040
?___fltol                                           cstackCOMMON 00070
?___fpclassifyf                                     cstackCOMMON 00070
?___wmul                                            cstackCOMMON 00070
?___xxtofl                                          cstackCOMMON 00074
?_floorf                                            cstackBANK0  0005A
?_labs                                              cstackCOMMON 00070
?_read_prec_or_width                                cstackCOMMON 00076
?_sprintf                                           cstackBANK1  000E9
?_vfprintf                                          cstackBANK1  000E2
ADC_GetConversion@channel                           cstackCOMMON 00073
CCP2_LoadDutyValue@dutyValue                        cstackBANK3  001BE
EUSART_FramingErrorCallbackRegister@callbackHandler cstackBANK3  001BE
EUSART_OverrunErrorCallbackRegister@callbackHandler cstackBANK3  001BE
EUSART_ReceiveISR@regValue                          cstackBANK2  00144
EUSART_ReceiveISR@tempRxHead                        cstackBANK2  00145
EUSART_RxCompleteCallbackRegister@callbackHandler   cstackBANK3  001BE
I2C1_CallbackRegister@callbackHandler               cstackBANK3  001BE
I2C1_DataTransmit@data                              cstackCOMMON 00070
I2C1_EVENT_ERROR@retEventState                      cstackCOMMON 00070
I2C1_EVENT_NACK@retEventState                       cstackCOMMON 00070
I2C1_EVENT_RX@retEventState                         cstackCOMMON 00071
I2C1_EVENT_TX@retEventState                         cstackCOMMON 00073
I2C_Master_Write@data                               cstackBANK3  001BE
INT_SetInterruptHandler@InterruptHandler            cstackBANK3  001BE
IO_Expander_Write@Data                              cstackBANK3  001BF
LCD_CMD@CMD                                         cstackBANK3  001C3
LCD_Init@I2C_Add                                    cstackBANK3  001C5
LCD_Set_Cursor@COL                                  cstackCOMMON 00076
LCD_Set_Cursor@ROW                                  cstackCOMMON 00077
LCD_Write_4Bit@Nibble                               cstackBANK3  001C1
LCD_Write_Char@Data                                 cstackCOMMON 00075
LCD_Write_String@Str                                cstackCOMMON 00076
LCD_Write_String@i                                  cstackCOMMON 00079
TMR0_Custom_ISR@buffer                              cstackBANK2  00133
TMR1_OverflowCallbackRegister@CallbackHandler       cstackBANK3  001BE
TMR2_OverflowCallbackRegister@InterruptHandler      cstackBANK3  001BE
TMR4_OverflowCallbackRegister@InterruptHandler      cstackBANK3  001BE
Timer0_OverflowCallbackRegister@CallbackHandler     cstackBANK3  001BE
Timer0_OverflowISR@CountCallBack                    bssBANK2     0015F
UART_Custom_ISR@Rx_Code                             cstackBANK2  0013F
UART_Custom_ISR@buffer                              cstackBANK2  0012F
_ADCON0                                             (abs)        0009D
_ADCON0bits                                         (abs)        0009D
_ADCON1                                             (abs)        0009E
_ADCON2                                             (abs)        0009F
_ADC_GetConversion                                  text44       01DE0
_ADC_Initialize                                     text23       01C1F
_ADRESH                                             (abs)        0009C
_ADRESL                                             (abs)        0009B
_ANSELA                                             (abs)        0018C
_ANSELB                                             (abs)        0018D
_ANSELC                                             (abs)        0018E
_BAUD1CON                                           (abs)        0019F
_BAUD1CONbits                                       (abs)        0019F
_BORCON                                             (abs)        00116
_BackLight_State                                    dataBANK2    0016C
_Backlight                                          text109      01BC4
_CCP1CON                                            (abs)        00293
_CCP1CONbits                                        (abs)        00293
_CCP1PPS                                            (abs)        00E14
_CCP1_Initialize                                    text22       01BFF
_CCP2CON                                            (abs)        0029A
_CCP2CONbits                                        (abs)        0029A
_CCP2PPS                                            (abs)        00E15
_CCP2_Initialize                                    text21       007F5
_CCP2_LoadDutyValue                                 text33       01DC7
_CCPR1H                                             (abs)        00292
_CCPR1L                                             (abs)        00291
_CCPR2H                                             (abs)        00299
_CCPR2L                                             (abs)        00298
_CCPTMRSbits                                        (abs)        0029E
_CLOCK_Initialize                                   text20       01BDC
_EUSART_AutoBaudQuery                               (abs)        00000
_EUSART_AutoBaudSet                                 (abs)        00000
_EUSART_DefaultFramingErrorCallback                 text116      01B22
_EUSART_DefaultOverrunErrorCallback                 text115      01B41
_EUSART_Deinitialize                                (abs)        00000
_EUSART_ErrorGet                                    (abs)        00000
_EUSART_FramingErrorCallbackRegister                text19       01C72
_EUSART_FramingErrorHandler                         bssBANK2     0015B
_EUSART_Initialize                                  text16       01FA4
_EUSART_IsRxReady                                   (abs)        00000
_EUSART_IsTxDone                                    (abs)        00000
_EUSART_IsTxReady                                   (abs)        00000
_EUSART_OverrunErrorCallbackRegister                text18       01C81
_EUSART_OverrunErrorHandler                         bssBANK2     00159
_EUSART_Read                                        (abs)        00000
_EUSART_ReceiveISR                                  text76       0130D
_EUSART_RxCompleteCallbackRegister                  text17       01C42
_EUSART_RxInterruptHandler                          bssBANK3     001BA
_EUSART_TransmitDisable                             (abs)        00000
_EUSART_TransmitEnable                              (abs)        00000
_EUSART_Write                                       (abs)        00000
_I2C1_AckSend                                       text68       01B4D
_I2C1_BusReset                                      text74       01B45
_I2C1_Callback                                      bssBANK3     001BC
_I2C1_CallbackRegister                              text15       01C4E
_I2C1_Close                                         text70       01D2C
_I2C1_DataReceive                                   text67       01B2F
_I2C1_DataTransmit                                  text62       01B69
_I2C1_DefaultCallback                               text75       01B24
_I2C1_Deinitialize                                  (abs)        00000
_I2C1_ERROR_ISR                                     text50       01B5D
_I2C1_EVENT_ERROR                                   text54       01B85
_I2C1_EVENT_IDLE                                    text59       01B59
_I2C1_EVENT_NACK                                    text55       01B7F
_I2C1_EVENT_RESET                                   text52       01BB6
_I2C1_EVENT_RX                                      text56       01058
_I2C1_EVENT_SEND_RD_ADDR                            text58       01BCC
_I2C1_EVENT_SEND_WR_ADDR                            text57       01BAF
_I2C1_EVENT_STOP                                    text53       01BD4
_I2C1_EVENT_TX                                      text60       01FD1
_I2C1_ErrorEventHandler                             text51       01F11
_I2C1_ErrorGet                                      (abs)        00000
_I2C1_ErrorInterruptClear                           text73       01B26
_I2C1_EventHandler                                  text46       01099
_I2C1_ISR                                           text45       01B61
_I2C1_Initialize                                    text14       01CC5
_I2C1_InterruptClear                                text72       01B29
_I2C1_IsAddr                                        text49       01BBD
_I2C1_IsBusy                                        (abs)        00000
_I2C1_IsData                                        text48       01B6E
_I2C1_IsNack                                        text47       01B8B
_I2C1_IsRxBufFull                                   text66       01B51
_I2C1_NackSend                                      text65       01B55
_I2C1_Read                                          (abs)        00000
_I2C1_ReceiveEnable                                 text64       01B32
_I2C1_RestartDisable                                text63       01B35
_I2C1_RestartEnable                                 text61       01B38
_I2C1_StatusFlagsClear                              text71       01B49
_I2C1_StopSend                                      text69       01B2C
_I2C1_Write                                         (abs)        00000
_I2C1_WriteRead                                     (abs)        00000
_I2C_Master_Init                                    text32       01C14
_I2C_Master_Start                                   text30       01B91
_I2C_Master_Stop                                    text29       01B97
_I2C_Master_Wait                                    text31       01C36
_I2C_Master_Write                                   text28       01CA0
_INLVLA                                             (abs)        0038C
_INLVLB                                             (abs)        0038D
_INLVLC                                             (abs)        0038E
_INTCONbits                                         (abs)        0000B
_INTERRUPT_Initialize                               text12       01C5A
_INTERRUPT_InterruptManager                         intentry     00004
_INT_DefaultInterruptHandler                        (abs)        00000
_INT_InterruptHandler                               bssBANK2     00163
_INT_SetInterruptHandler                            text13       01BED
_IOCAF                                              (abs)        00393
_IOCAN                                              (abs)        00392
_IOCAP                                              (abs)        00391
_IOCBF                                              (abs)        00396
_IOCBN                                              (abs)        00395
_IOCBP                                              (abs)        00394
_IOCCF                                              (abs)        00399
_IOCCN                                              (abs)        00398
_IOCCP                                              (abs)        00397
_IO_Expander_Write                                  text27       01D41
_LATA                                               (abs)        0010C
_LATB                                               (abs)        0010D
_LATBbits                                           (abs)        0010D
_LATC                                               (abs)        0010E
_LATCbits                                           (abs)        0010E
_LCD_CMD                                            text25       01DAF
_LCD_Clear                                          text106      01BE4
_LCD_Init                                           text24       01297
_LCD_Set_Cursor                                     text105      01F7E
_LCD_Write_4Bit                                     text26       01D97
_LCD_Write_Char                                     text104      01D6B
_LCD_Write_String                                   text103      01E30
_ODCONA                                             (abs)        0028C
_ODCONB                                             (abs)        0028D
_ODCONC                                             (abs)        0028E
_OPTION_REG                                         (abs)        00095
_OPTION_REGbits                                     (abs)        00095
_OSCCON                                             (abs)        00099
_OSCTUNE                                            (abs)        00098
_PIE1bits                                           (abs)        00090
_PIE2bits                                           (abs)        00091
_PIN_MANAGER_Initialize                             text11       01170
_PIR1bits                                           (abs)        00010
_PIR2bits                                           (abs)        00011
_PORTCbits                                          (abs)        0000E
_PR2                                                (abs)        0001B
_PR4                                                (abs)        00414
_RA2PPS                                             (abs)        00E92
_RC1REG                                             (abs)        00199
_RC1STA                                             (abs)        0019D
_RC1STAbits                                         (abs)        0019D
_RC3PPS                                             (abs)        00EA3
_RC4PPS                                             (abs)        00EA4
_RC5PPS                                             (abs)        00EA5
_RC6PPS                                             (abs)        00EA6
_RS                                                 bssBANK2     00167
_RXPPS                                              (abs)        00E24
_SLRCONA                                            (abs)        0030C
_SLRCONB                                            (abs)        0030D
_SLRCONC                                            (abs)        0030E
_SPBRGH                                             (abs)        0019C
_SPBRGL                                             (abs)        0019B
_SSP1ADD                                            (abs)        00212
_SSP1BUF                                            (abs)        00211
_SSP1CON1                                           (abs)        00215
_SSP1CON1bits                                       (abs)        00215
_SSP1CON2                                           (abs)        00216
_SSP1CON2bits                                       (abs)        00216
_SSP1CON3                                           (abs)        00217
_SSP1STAT                                           (abs)        00214
_SSP1STATbits                                       (abs)        00214
_SSPCLKPPS                                          (abs)        00E20
_SSPDATPPS                                          (abs)        00E21
_SYSTEM_Initialize                                  text2        01F59
_T1CON                                              (abs)        00018
_T1CONbits                                          (abs)        00018
_T1GCON                                             (abs)        00019
_T1GCONbits                                         (abs)        00019
_T2CLKCON                                           (abs)        0001E
_T2CON                                              (abs)        0001C
_T2CONbits                                          (abs)        0001C
_T2HLT                                              (abs)        0001D
_T2HLTbits                                          (abs)        0001D
_T2PR                                               (abs)        0001B
_T2RST                                              (abs)        0001F
_T2RSTbits                                          (abs)        0001F
_T2TMR                                              (abs)        0001A
_T4CLKCON                                           (abs)        00417
_T4CON                                              (abs)        00415
_T4CONbits                                          (abs)        00415
_T4HLT                                              (abs)        00416
_T4HLTbits                                          (abs)        00416
_T4PR                                               (abs)        00414
_T4RST                                              (abs)        00418
_T4RSTbits                                          (abs)        00418
_T4TMR                                              (abs)        00413
_TMR0                                               (abs)        00015
_TMR0_Custom_ISR                                    text40       00A01
_TMR0_Custom_ISR$3583                               cstackBANK2  00143
_TMR1H                                              (abs)        00017
_TMR1L                                              (abs)        00016
_TMR1_DefaultOverflowCallback                       text37       01000
_TMR1_Initialize                                    text9        01E15
_TMR1_OverflowCallback                              bssBANK3     001B4
_TMR1_OverflowCallbackRegister                      text10       01B9D
_TMR1_Start                                         text43       01B3B
_TMR1_Stop                                          text42       01B3E
_TMR1_Tasks                                         (abs)        00000
_TMR1_Write                                         (abs)        00000
_TMR2                                               (abs)        0001A
_TMR2_DefaultOverflowCallback                       text38       01B25
_TMR2_Initialize                                    text7        01CD9
_TMR2_OverflowCallback                              bssBANK3     001B8
_TMR2_OverflowCallbackRegister                      text8        01BA3
_TMR2_PeriodCountSet                                (abs)        00000
_TMR2_Start                                         (abs)        00000
_TMR2_Stop                                          (abs)        00000
_TMR2_Tasks                                         (abs)        00000
_TMR4                                               (abs)        00413
_TMR4_DefaultOverflowCallback                       text36       00002
_TMR4_Initialize                                    text5        01D56
_TMR4_OverflowCallback                              bssBANK3     001B2
_TMR4_OverflowCallbackRegister                      text6        01BA9
_TMR4_PeriodCountSet                                (abs)        00000
_TMR4_Start                                         (abs)        00000
_TMR4_Stop                                          (abs)        00000
_TMR4_Tasks                                         (abs)        00000
_TRISA                                              (abs)        0008C
_TRISB                                              (abs)        0008D
_TRISC                                              (abs)        0008E
_TRISC3                                             (abs)        00473
_TRISC4                                             (abs)        00474
_TX1REG                                             (abs)        0019A
_TX1STA                                             (abs)        0019E
_TX1STAbits                                         (abs)        0019E
_Timer0_DefaultOverflowCallback                     text39       01B65
_Timer0_Initialize                                  text3        01D81
_Timer0_OverflowCallback                            bssBANK2     00161
_Timer0_OverflowCallbackRegister                    text4        01BF6
_Timer0_OverflowISR                                 text35       01ECC
_Timer0_PeriodCountSet                              (abs)        00000
_UART_Custom_ISR                                    text77       00794
_WPUA                                               (abs)        0020C
_WPUB                                               (abs)        0020D
_WPUC                                               (abs)        0020E
__H__absolute__                                     __absolute__ 00000
__Habs1                                             abs1         00000
__Hbank0                                            bank0        00000
__Hbank1                                            bank1        00000
__Hbank10                                           bank10       00000
__Hbank11                                           bank11       00000
__Hbank12                                           bank12       00000
__Hbank13                                           bank13       00000
__Hbank14                                           bank14       00000
__Hbank15                                           bank15       00000
__Hbank16                                           bank16       00000
__Hbank17                                           bank17       00000
__Hbank18                                           bank18       00000
__Hbank19                                           bank19       00000
__Hbank2                                            bank2        00000
__Hbank20                                           bank20       00000
__Hbank21                                           bank21       00000
__Hbank22                                           bank22       00000
__Hbank23                                           bank23       00000
__Hbank24                                           bank24       00000
__Hbank25                                           bank25       00000
__Hbank26                                           bank26       00000
__Hbank27                                           bank27       00000
__Hbank28                                           bank28       00000
__Hbank29                                           bank29       00000
__Hbank3                                            bank3        00000
__Hbank30                                           bank30       00000
__Hbank31                                           bank31       00000
__Hbank4                                            bank4        00000
__Hbank5                                            bank5        00000
__Hbank6                                            bank6        00000
__Hbank7                                            bank7        00000
__Hbank8                                            bank8        00000
__Hbank9                                            bank9        00000
__Hbigram                                           bigram       00000
__HbssBANK2                                         bssBANK2     00000
__HbssBANK3                                         bssBANK3     00000
__HbssBANK4                                         bssBANK4     00000
__HbssBANK5                                         bssBANK5     00000
__Hcinit                                            cinit        00083
__Hclrtext                                          clrtext      00000
__Hcode                                             code         00000
__Hcommon                                           common       00000
__Hconfig                                           config       0800A
__HcstackBANK0                                      cstackBANK0  00000
__HcstackBANK1                                      cstackBANK1  00000
__HcstackBANK2                                      cstackBANK2  00000
__HcstackBANK3                                      cstackBANK3  00000
__HcstackCOMMON                                     cstackCOMMON 00000
__HdataBANK2                                        dataBANK2    00000
__Heeprom_data                                      eeprom_data  00000
__Hend_init                                         end_init     00043
__Hfunctab                                          functab      00000
__Hheap                                             heap         00000
__HidataBANK2                                       idataBANK2   00000
__Hinit                                             init         00041
__Hintentry                                         intentry     00041
__Hmaintext                                         maintext     00000
__Hpowerup                                          powerup      00000
__Hram                                              ram          00000
__Hreset_vec                                        reset_vec    00002
__Hsfr0                                             sfr0         00000
__Hsfr1                                             sfr1         00000
__Hsfr10                                            sfr10        00000
__Hsfr11                                            sfr11        00000
__Hsfr12                                            sfr12        00000
__Hsfr13                                            sfr13        00000
__Hsfr14                                            sfr14        00000
__Hsfr15                                            sfr15        00000
__Hsfr16                                            sfr16        00000
__Hsfr17                                            sfr17        00000
__Hsfr18                                            sfr18        00000
__Hsfr19                                            sfr19        00000
__Hsfr2                                             sfr2         00000
__Hsfr20                                            sfr20        00000
__Hsfr21                                            sfr21        00000
__Hsfr22                                            sfr22        00000
__Hsfr23                                            sfr23        00000
__Hsfr24                                            sfr24        00000
__Hsfr25                                            sfr25        00000
__Hsfr26                                            sfr26        00000
__Hsfr27                                            sfr27        00000
__Hsfr28                                            sfr28        00000
__Hsfr29                                            sfr29        00000
__Hsfr3                                             sfr3         00000
__Hsfr30                                            sfr30        00000
__Hsfr31                                            sfr31        00000
__Hsfr4                                             sfr4         00000
__Hsfr5                                             sfr5         00000
__Hsfr6                                             sfr6         00000
__Hsfr7                                             sfr7         00000
__Hsfr8                                             sfr8         00000
__Hsfr9                                             sfr9         00000
__Hsivt                                             sivt         00041
__Hspace_0                                          (abs)        02000
__Hspace_1                                          (abs)        002E0
__Hspace_2                                          (abs)        00000
__Hspace_3                                          (abs)        00000
__Hspace_4                                          (abs)        10011
__Hstack                                            stack        00000
__Hstrings                                          strings      00000
__Hstringtext1                                      stringtext1  00000
__Hstringtext10                                     stringtext10 00000
__Hstringtext11                                     stringtext11 00000
__Hstringtext12                                     stringtext12 00000
__Hstringtext13                                     stringtext13 00000
__Hstringtext14                                     stringtext14 00000
__Hstringtext15                                     stringtext15 00000
__Hstringtext16                                     stringtext16 00000
__Hstringtext2                                      stringtext2  00000
__Hstringtext3                                      stringtext3  00000
__Hstringtext4                                      stringtext4  00000
__Hstringtext5                                      stringtext5  00000
__Hstringtext6                                      stringtext6  00000
__Hstringtext7                                      stringtext7  00000
__Hstringtext8                                      stringtext8  00000
__Hstringtext9                                      stringtext9  00000
__Htext                                             text         00000
__L__absolute__                                     __absolute__ 00000
__Labs1                                             abs1         00000
__Lbank0                                            bank0        00000
__Lbank1                                            bank1        00000
__Lbank10                                           bank10       00000
__Lbank11                                           bank11       00000
__Lbank12                                           bank12       00000
__Lbank13                                           bank13       00000
__Lbank14                                           bank14       00000
__Lbank15                                           bank15       00000
__Lbank16                                           bank16       00000
__Lbank17                                           bank17       00000
__Lbank18                                           bank18       00000
__Lbank19                                           bank19       00000
__Lbank2                                            bank2        00000
__Lbank20                                           bank20       00000
__Lbank21                                           bank21       00000
__Lbank22                                           bank22       00000
__Lbank23                                           bank23       00000
__Lbank24                                           bank24       00000
__Lbank25                                           bank25       00000
__Lbank26                                           bank26       00000
__Lbank27                                           bank27       00000
__Lbank28                                           bank28       00000
__Lbank29                                           bank29       00000
__Lbank3                                            bank3        00000
__Lbank30                                           bank30       00000
__Lbank31                                           bank31       00000
__Lbank4                                            bank4        00000
[...]
_floorf                                             text92       006A9
_fputc                                              text88       00800
_fputs                                              text87       01F34
_i2c1Status                                         bssBANK2     00147
_i2c1_eventTable                                    stringtext3  01860
_i2c_add                                            bssBANK2     00166
_labs                                               text91       01D17
_main                                               maintext     015BB
_memcpy                                             text90       01001
_pad                                                text86       01028
_prec                                               bssBANK2     00157
_putch                                              text89       01B23
_read_prec_or_width                                 text82       011C6
_shift_out_to_motors                                text1        010DC
_sprintf                                            text78       01EAC
_strcpy                                             text85       01DFA
_temperature                                        bssBANK3     001A8
_timer0ReloadVal                                    bssBANK2     0016B
_timer1ReloadVal                                    bssBANK2     0015D
_vfpfcnvrt                                          text80       01670
_vfprintf                                           text79       01E8C
_width                                              bssBANK2     00155
_xtoa                                               text81       01404
btemp                                               (abs)        0007E
clear_ram0                                          clrtext      01C66
efgtoa@c                                            cstackBANK1  000A4
efgtoa@d                                            cstackBANK1  000B4
efgtoa@e                                            cstackBANK1  000B9
efgtoa@f                                            cstackBANK1  000A0
efgtoa@fp                                           cstackBANK1  000B8
efgtoa@g                                            cstackBANK1  000CE
efgtoa@h                                            cstackBANK1  000C3
efgtoa@i                                            cstackBANK1  000C1
efgtoa@l                                            cstackBANK1  000C7
efgtoa@m                                            cstackBANK1  000B6
efgtoa@mode                                         cstackBANK1  000B2
efgtoa@n                                            cstackBANK1  000CC
efgtoa@ne                                           cstackBANK1  000A9
efgtoa@nmode                                        cstackBANK1  000B3
efgtoa@ou                                           cstackBANK1  000BD
efgtoa@p                                            cstackBANK1  000AB
efgtoa@pp                                           cstackBANK1  000B1
efgtoa@sign                                         cstackBANK1  000CB
efgtoa@t                                            cstackBANK1  000AD
efgtoa@u                                            cstackBANK1  000D2
efgtoa@w                                            cstackBANK1  000BB
end_of_initialization                               cinit        0007F
floorf@F521                                         bssBANK3     001A0
floorf@e                                            cstackBANK0  00068
floorf@m                                            cstackBANK0  00064
floorf@u                                            cstackBANK0  0006A
floorf@x                                            cstackBANK0  0005A
fputc@c                                             cstackCOMMON 00070
fputc@fp                                            cstackCOMMON 00072
fputs@c                                             cstackBANK0  00020
fputs@fp                                            cstackCOMMON 00078
fputs@i                                             cstackBANK0  00021
fputs@s                                             cstackBANK0  00023
i1I2C_Master_Write@data                             cstackCOMMON 00070
i1IO_Expander_Write@Data                            cstackCOMMON 00071
i1LCD_CMD@CMD                                       cstackCOMMON 00075
i1LCD_Write_4Bit@Nibble                             cstackCOMMON 00073
i1_I2C_Master_Start                                 text113      01B73
i1_I2C_Master_Stop                                  text112      01B79
i1_I2C_Master_Wait                                  text114      01C2A
i1_I2C_Master_Write                                 text111      01C90
i1_IO_Expander_Write                                text110      01CB2
i1_LCD_CMD                                          text107      01D02
i1_LCD_Write_4Bit                                   text108      01CED
int$flags                                           (abs)        0007E
intlevel0                                           functab      00000
intlevel1                                           functab      00000
intlevel2                                           functab      00000
intlevel3                                           functab      00000
intlevel4                                           functab      00000
intlevel5                                           functab      00000
labs@a                                              cstackCOMMON 00070
memcpy@d                                            cstackCOMMON 00076
memcpy@d1                                           cstackCOMMON 00075
memcpy@n                                            cstackCOMMON 00071
memcpy@s                                            cstackCOMMON 00077
memcpy@s1                                           cstackCOMMON 00070
memcpy@tmp                                          cstackCOMMON 00074
pad@buf                                             cstackCOMMON 0007B
pad@fp                                              cstackBANK0  00027
pad@i                                               cstackBANK0  00025
pad@p                                               cstackCOMMON 0007C
read_prec_or_width@ap                               cstackCOMMON 00076
read_prec_or_width@c                                cstackBANK0  00020
read_prec_or_width@fmt                              cstackBANK0  00023
read_prec_or_width@n                                cstackBANK0  00021
reset_vec                                           reset_vec    00000
shift_out_to_motors@byte                            cstackBANK3  001C1
shift_out_to_motors@i                               cstackBANK3  001C2
sprintf@ap                                          cstackBANK2  00121
sprintf@f                                           cstackBANK2  00122
sprintf@fmt                                         cstackBANK1  000E9
sprintf@s                                           cstackBANK2  00120
start                                               init         00041
start_initialization                                cinit        00043
strcpy@d                                            cstackCOMMON 00074
strcpy@dest                                         cstackCOMMON 00075
strcpy@src                                          cstackCOMMON 00070
vfpfcnvrt@ap                                        cstackBANK0  0006F
vfpfcnvrt@c                                         cstackBANK1  000DF
vfpfcnvrt@convarg                                   cstackBANK1  000DA
vfpfcnvrt@cp                                        cstackBANK1  000E0
vfpfcnvrt@fmt                                       cstackBANK0  0006E
vfpfcnvrt@fp                                        cstackBANK1  000DE
vfprintf@ap                                         cstackBANK1  000E4
vfprintf@cfmt                                       cstackBANK1  000E7
vfprintf@fmt                                        cstackBANK1  000E2
vfprintf@fp                                         cstackBANK1  000E6
wtemp0                                              (abs)        0007E
xtoa@c                                              cstackBANK0  00030
xtoa@d                                              cstackBANK0  00028
xtoa@fp                                             cstackBANK0  0002D
xtoa@i                                              cstackBANK0  00031
xtoa@p                                              cstackBANK0  0002E
xtoa@w                                              cstackBANK0  0002B


MODULE INFORMATION

Module		Function		Class		Link	Load	Size
C:\Program Files\Microchip\xc8\v2.46\pic\sources\c99\common\fltol.c
		___fltol       		CODE           	1227	0000	112

C:\Program Files\Microchip\xc8\v2.46\pic\sources\c99\common\fltol.c estimated size: 112

C:\Program Files\Microchip\xc8\v2.46\pic\sources\c99\common\Umul8_16.c
		__Umul8_16     		CODE           	1EEE	0000	35

C:\Program Files\Microchip\xc8\v2.46\pic\sources\c99\common\Umul8_16.c estimated size: 35

C:\Program Files\Microchip\xc8\v2.46\pic\sources\c99\common\floorf.c
		_floorf        		CODE           	06A9	0000	235

C:\Program Files\Microchip\xc8\v2.46\pic\sources\c99\common\floorf.c estimated size: 235

C:\Program Files\Microchip\xc8\v2.46\pic\sources\c99\common\nf_fputc.c
		_fputc         		CODE           	0800	0000	87

C:\Program Files\Microchip\xc8\v2.46\pic\sources\c99\common\nf_fputc.c estimated size: 87

C:\Program Files\Microchip\xc8\v2.46\pic\sources\c99\common\xxtofl.c
		___xxtofl      		CODE           	1510	0000	171

C:\Program Files\Microchip\xc8\v2.46\pic\sources\c99\common\xxtofl.c estimated size: 171

mcc_generated_files/timer/src/tmr1.c
		_TMR1_Initialize		CODE           	1E15	0000	27
		_TMR1_Stop     		CODE           	1B3E	0000	3
		_TMR1_Start    		CODE           	1B3B	0000	3
		_TMR1_OverflowCallbackRegister		CODE           	1B9D	0000	6
		_TMR1_DefaultOverflowCallback		CODE           	1000	0000	1

mcc_generated_files/timer/src/tmr1.c estimated size: 40

C:\Program Files\Microchip\xc8\v2.46\pic\sources\c99\common\flneg.c
		___flneg       		CODE           	1C09	0000	11

C:\Program Files\Microchip\xc8\v2.46\pic\sources\c99\common\flneg.c estimated size: 11

mcc_generated_files/system/src/interrupt.c
		_INT_SetInterruptHandler		CODE           	1BED	0000	9
		_INTERRUPT_Initialize		CODE           	1C5A	0000	12
		_INTERRUPT_InterruptManager		CODE           	0004	0000	61

mcc_generated_files/system/src/interrupt.c estimated size: 82

mcc_generated_files/pwm/src/ccp2.c
		_CCP2_LoadDutyValue		CODE           	1DC7	0000	25
		_CCP2_Initialize		CODE           	07F5	0000	11

mcc_generated_files/pwm/src/ccp2.c estimated size: 36

C:\Program Files\Microchip\xc8\v2.46\pic\sources\c99\common\__fpclassifyf.c
		___fpclassifyf 		CODE           	1385	0000	127

C:\Program Files\Microchip\xc8\v2.46\pic\sources\c99\common\__fpclassifyf.c estimated size: 127

C:\Program Files\Microchip\xc8\v2.46\pic\sources\c99\common\sprcmul.c
		___flmul       		CODE           	0DC5	0000	571

C:\Program Files\Microchip\xc8\v2.46\pic\sources\c99\common\sprcmul.c estimated size: 571

C:\Program Files\Microchip\xc8\v2.46\pic\sources\c99\common\strcpy.c
		_strcpy        		CODE           	1DFA	0000	27

C:\Program Files\Microchip\xc8\v2.46\pic\sources\c99\common\strcpy.c estimated size: 27

C:\Program Files\Microchip\xc8\v2.46\pic\sources\c99\common\sprcdiv.c
		___fldiv       		CODE           	0857	0000	426

C:\Program Files\Microchip\xc8\v2.46\pic\sources\c99\common\sprcdiv.c estimated size: 426

mcc_generated_files/adc/src/adc.c
		_ADC_Initialize		CODE           	1C1F	0000	11
		_ADC_GetConversion		CODE           	1DE0	0000	26

mcc_generated_files/adc/src/adc.c estimated size: 37

C:\Program Files\Microchip\xc8\v2.46\pic\sources\c99\common\fleq.c
		___fleq        		CODE           	1122	0000	78

C:\Program Files\Microchip\xc8\v2.46\pic\sources\c99\common\fleq.c estimated size: 78

C:\Program Files\Microchip\xc8\v2.46\pic\sources\c99\common\doprnt.c
		_read_prec_or_width		CODE           	11C6	0000	97
		_vfpfcnvrt     		CODE           	1670	0000	400
		_efgtoa        		CODE           	0083	0000	1574
		_pad           		CODE           	1028	0000	48
		_vfprintf      		CODE           	1E8C	0000	32
		_xtoa          		CODE           	1404	0000	129

C:\Program Files\Microchip\xc8\v2.46\pic\sources\c99\common\doprnt.c estimated size: 2280

C:\Program Files\Microchip\xc8\v2.46\pic\sources\c99\common\nf_sprintf.c
		_sprintf       		CODE           	1EAC	0000	32

C:\Program Files\Microchip\xc8\v2.46\pic\sources\c99\common\nf_sprintf.c estimated size: 32

mcc_generated_files/system/src/pins.c
		_PIN_MANAGER_Initialize		CODE           	1170	0000	86

mcc_generated_files/system/src/pins.c estimated size: 86

shared
		i1_LCD_Write_4Bit		CODE           	1CED	0000	21
		_Timer4        		STRCODE        	0000	0000	0
		i1_I2C_Master_Start		CODE           	1B73	0000	6
		i1_LCD_CMD     		CODE           	1D02	0000	21
		i1_IO_Expander_Write		CODE           	1CB2	0000	19
		_Timer2        		STRCODE        	0000	0000	0
		__initialization		CODE           	0043	0000	60
		_I2C1_Host     		STRCODE        	0000	0000	0
		_i2c1_eventTable		STRCODE        	1860	0000	18
		_UART1         		STRCODE        	0000	0000	0
		i1_I2C_Master_Wait		CODE           	1C2A	0000	12
		i1_I2C_Master_Stop		CODE           	1B79	0000	6
		_Timer0        		STRCODE        	0000	0000	0
		_tmr1          		STRCODE        	0000	0000	0
		i1_I2C_Master_Write		CODE           	1C90	0000	16

shared estimated size: 179

I2C_LCD.c
		_LCD_Init      		CODE           	1297	0000	118
		_LCD_Write_4Bit		CODE           	1D97	0000	24
		_LCD_Write_Char		CODE           	1D6B	0000	22
		_LCD_CMD       		CODE           	1DAF	0000	24
		_I2C_Master_Wait		CODE           	1C36	0000	12
		_I2C_Master_Init		CODE           	1C14	0000	11
		_I2C_Master_Stop		CODE           	1B97	0000	6
		_LCD_Set_Cursor		CODE           	1F7E	0000	38
		_LCD_Clear     		CODE           	1BE4	0000	9
		_IO_Expander_Write		CODE           	1D41	0000	21
		_I2C_Master_Write		CODE           	1CA0	0000	18
		_Backlight     		CODE           	1BC4	0000	8
		_I2C_Master_Start		CODE           	1B91	0000	6
		_LCD_Write_String		CODE           	1E30	0000	29

I2C_LCD.c estimated size: 346

C:\Program Files\Microchip\xc8\v2.46\pic\sources\c99\common\putch.c
		_putch         		CODE           	1B23	0000	1

C:\Program Files\Microchip\xc8\v2.46\pic\sources\c99\common\putch.c estimated size: 1

C:\Program Files\Microchip\xc8\v2.46\pic\sources\c99\common\Umul16.c
		___wmul        		CODE           	1E4D	0000	31

C:\Program Files\Microchip\xc8\v2.46\pic\sources\c99\common\Umul16.c estimated size: 31

C:\Program Files\Microchip\xc8\v2.46\pic\sources\c99\common\nf_fputs.c
		_fputs         		CODE           	1F34	0000	37

C:\Program Files\Microchip\xc8\v2.46\pic\sources\c99\common\nf_fputs.c estimated size: 37

mcc_generated_files/timer/src/tmr4.c
		_TMR4_Initialize		CODE           	1D56	0000	21
		_TMR4_OverflowCallbackRegister		CODE           	1BA9	0000	6
		_TMR4_DefaultOverflowCallback		CODE           	0002	0000	1

mcc_generated_files/timer/src/tmr4.c estimated size: 28

C:\Program Files\Microchip\xc8\v2.46\pic\sources\c99\common\sprcadd.c
		___flsub       		CODE           	1E6C	0000	32
		___fladd       		CODE           	0BB9	0000	524

C:\Program Files\Microchip\xc8\v2.46\pic\sources\c99\common\sprcadd.c estimated size: 556

C:\Program Files\Microchip\xc8\v2.46\pic\sources\c99\common\memcpy.c
		_memcpy        		CODE           	1001	0000	39

C:\Program Files\Microchip\xc8\v2.46\pic\sources\c99\common\memcpy.c estimated size: 39

mcc_generated_files/timer/src/tmr2.c
		_TMR2_Initialize		CODE           	1CD9	0000	20
		_TMR2_OverflowCallbackRegister		CODE           	1BA3	0000	6
		_TMR2_DefaultOverflowCallback		CODE           	1B25	0000	1

mcc_generated_files/timer/src/tmr2.c estimated size: 27

mcc_generated_files/uart/src/eusart.c
		_EUSART_FramingErrorCallbackRegister		CODE           	1C72	0000	15
		_EUSART_OverrunErrorCallbackRegister		CODE           	1C81	0000	15
		_EUSART_DefaultOverrunErrorCallback		CODE           	1B41	0000	4
		_EUSART_Initialize		CODE           	1FA4	0000	45
		_EUSART_RxCompleteCallbackRegister		CODE           	1C42	0000	12
		_EUSART_DefaultFramingErrorCallback		CODE           	1B22	0000	1
		_EUSART_ReceiveISR		CODE           	130D	0000	120

mcc_generated_files/uart/src/eusart.c estimated size: 212

mcc_generated_files/system/src/clock.c
		_CLOCK_Initialize		CODE           	1BDC	0000	8

mcc_generated_files/system/src/clock.c estimated size: 8

C:\Program Files\Microchip\xc8\v2.46\pic\sources\c99\common\labs.c
		_labs          		CODE           	1D17	0000	21

C:\Program Files\Microchip\xc8\v2.46\pic\sources\c99\common\labs.c estimated size: 21

mcc_generated_files/i2c_host/src/mssp.c
		_I2C1_EVENT_SEND_WR_ADDR		CODE           	1BAF	0000	7
		_I2C1_NackSend 		CODE           	1B55	0000	4
		_I2C1_ErrorEventHandler		CODE           	1F11	0000	35
		_I2C1_CallbackRegister		CODE           	1C4E	0000	12
		_I2C1_EVENT_RESET		CODE           	1BB6	0000	7
		_I2C1_EVENT_ERROR		CODE           	1B85	0000	6
		_I2C1_ErrorInterruptClear		CODE           	1B26	0000	3
		_I2C1_StatusFlagsClear		CODE           	1B49	0000	4
		_I2C1_InterruptClear		CODE           	1B29	0000	3
		_I2C1_EVENT_RX 		CODE           	1058	0000	65
		_I2C1_EVENT_TX 		CODE           	1FD1	0000	47
		_I2C1_ReceiveEnable		CODE           	1B32	0000	3
		_I2C1_RestartEnable		CODE           	1B38	0000	3
		_I2C1_ISR      		CODE           	1B61	0000	4
		_I2C1_EventHandler		CODE           	1099	0000	67
		_I2C1_DataReceive		CODE           	1B2F	0000	3
		_I2C1_IsData   		CODE           	1B6E	0000	5
		_I2C1_IsNack   		CODE           	1B8B	0000	6
		_I2C1_IsAddr   		CODE           	1BBD	0000	7
		_I2C1_EVENT_IDLE		CODE           	1B59	0000	4
		_I2C1_EVENT_NACK		CODE           	1B7F	0000	6
		_I2C1_EVENT_SEND_RD_ADDR		CODE           	1BCC	0000	8
		_I2C1_EVENT_STOP		CODE           	1BD4	0000	8
		_I2C1_BusReset 		CODE           	1B45	0000	4
		_I2C1_Initialize		CODE           	1CC5	0000	20
		_I2C1_Close    		CODE           	1D2C	0000	21
		_I2C1_ERROR_ISR		CODE           	1B5D	0000	4
		_I2C1_IsRxBufFull		CODE           	1B51	0000	4
		_I2C1_StopSend 		CODE           	1B2C	0000	3
		_I2C1_RestartDisable		CODE           	1B35	0000	3
		_I2C1_DataTransmit		CODE           	1B69	0000	5
		_I2C1_AckSend  		CODE           	1B4D	0000	4
		_I2C1_DefaultCallback		CODE           	1B24	0000	1

mcc_generated_files/i2c_host/src/mssp.c estimated size: 386

mcc_generated_files/timer/src/tmr0.c
		_Timer0_Initialize		CODE           	1D81	0000	22
		_Timer0_OverflowCallbackRegister		CODE           	1BF6	0000	9
		_Timer0_OverflowISR		CODE           	1ECC	0000	34
		_Timer0_DefaultOverflowCallback		CODE           	1B65	0000	4

mcc_generated_files/timer/src/tmr0.c estimated size: 69

mcc_generated_files/pwm/src/ccp1.c
		_CCP1_Initialize		CODE           	1BFF	0000	10

mcc_generated_files/pwm/src/ccp1.c estimated size: 10

main.c
		_main          		CODE           	15BB	0000	181
		_UART_Custom_ISR		CODE           	0794	0000	97
		_TMR0_Custom_ISR		CODE           	0A01	0000	440
		_shift_out_to_motors		CODE           	10DC	0000	70

main.c estimated size: 788

mcc_generated_files/system/src/system.c
		_SYSTEM_Initialize		CODE           	1F59	0000	37

mcc_generated_files/system/src/system.c estimated size: 37

C:\Program Files\Microchip\xc8\v2.46\pic\sources\c99\common\flge.c
		___flge        		CODE           	1485	0000	139

C:\Program Files\Microchip\xc8\v2.46\pic\sources\c99\common\flge.c estimated size: 139

