Microchip MPLAB XC8 Compiler V2.46

Linker command line:

-W-3 \
  --edf=C:\Program Files\Microchip\xc8\v2.46\pic\dat\20240104201356_en.msgs \
  -cn -h+dist/default/production\Test_Curiosity.X.production.sym \
  --cmf=dist/default/production\Test_Curiosity.X.production.cmf -z \
  -Q16F1619 -oC:\Users\baptc\AppData\Local\Temp\xcAs26k.\driver_tmp_3.o \
  --defsym=__MPLAB_BUILD=1 --fixupoverflow=error \
  -Mdist/default/production/Test_Curiosity.X.production.map \
  --md=C:\Users\baptc\AppData\Local\Temp\xcAs26k.\driver_tmp_0.dat -E1 \
  -ver=XC8 Compiler --acfsm=1493 -ACODE=00h-07FFhx4 -ASTRCODE=00h-01FFFh \
  -ASTRING=00h-0FFhx32 -ACONST=00h-0FFhx32 -AENTRY=00h-0FFhx32 \
  -ACOMMON=070h-07Fh -ABANK0=020h-06Fh -ABANK1=0A0h-0EFh \
  -ABANK2=0120h-016Fh -ABANK3=01A0h-01EFh -ABANK4=0220h-026Fh \
  -ABANK5=02A0h-02EFh -ABANK6=0320h-036Fh -ABANK7=03A0h-03EFh \
  -ABANK8=0420h-046Fh -ABANK9=04A0h-04EFh -ABANK10=0520h-056Fh \
  -ABANK11=05A0h-05EFh -ABANK12=0620h-064Fh -ABIGRAM=02000h-023EFh \
  -ARAM=020h-06Fh,0A0h-0EFh,0120h-016Fh,01A0h-01EFh,0220h-026Fh,02A0h-02EFh,0320h-036Fh,03A0h-03EFh,0420h-046Fh,04A0h-04EFh,0520h-056Fh,05A0h-05EFh,0620h-064Fh \
  -AABS1=020h-07Fh,0A0h-0EFh,0120h-016Fh,01A0h-01EFh,0220h-026Fh,02A0h-02EFh,0320h-036Fh,03A0h-03EFh,0420h-046Fh,04A0h-04EFh,0520h-056Fh,05A0h-05EFh,0620h-064Fh \
  -ASFR0=00h-01Fh -ASFR1=080h-09Fh -ASFR2=0100h-011Fh -ASFR3=0180h-019Fh \
  -ASFR4=0200h-021Fh -ASFR5=0280h-029Fh -ASFR6=0300h-031Fh \
  -ASFR7=0380h-039Fh -ASFR8=0400h-041Fh -ASFR9=0480h-049Fh \
  -ASFR10=0500h-051Fh -ASFR11=0580h-059Fh -ASFR12=0600h-061Fh \
  -ASFR13=0680h-06EFh -ASFR14=0700h-076Fh -ASFR15=0780h-07EFh \
  -ASFR16=0800h-086Fh -ASFR17=0880h-08EFh -ASFR18=0900h-096Fh \
  -ASFR19=0980h-09EFh -ASFR20=0A00h-0A6Fh -ASFR21=0A80h-0AEFh \
  -ASFR22=0B00h-0B6Fh -ASFR23=0B80h-0BEFh -ASFR24=0C00h-0C6Fh \
  -ASFR25=0C80h-0CEFh -ASFR26=0D00h-0D6Fh -ASFR27=0D80h-0DEFh \
  -ASFR28=0E00h-0E6Fh -ASFR29=0E80h-0EEFh -ASFR30=0F00h-0F6Fh \
  -ASFR31=0F80h-0FEFh -ACONFIG=08007h-08009h -DCONFIG=2 \
  -AIDLOC=08000h-08003h -DIDLOC=2 -DCODE=2 -DSTRCODE=2 -DSTRING=2 -DCONST=2 \
  -DENTRY=2 -preset_vec=00h,intentry=04h,sivt,init,end_init -ppowerup=CODE \
  -pcinit=CODE -pfunctab=ENTRY -k \
  C:\Users\baptc\AppData\Local\Temp\xcAs26k.\driver_tmp_17.o \
  dist/default/production\Test_Curiosity.X.production.o 

Object code version is 3.11

Machine type is 16F1619



                Name                               Link     Load   Length Selector   Space Scale
C:\Users\baptc\AppData\Local\Temp\xcAs26k.\driver_tmp_17.o
                end_init                             41       41        2        8       0
                reset_vec                             0        0        2        0       0
                config                             8007     8007        3        0       4
dist/default/production\Test_Curiosity.X.production.o
                cinit                                43       43       40        8       0
                intentry                              4        4       3D        8       0
                config                             8007     8007        3        0       4
                text107                            1C19     1C19        1     3832       0
                text106                            1C39     1C39        4     3872       0
                text105                            1D0B     1D0B        C     3A16       0
                text104                            1C6B     1C6B        6     38D6       0
                text103                            1C71     1C71        6     38E2       0
                text102                            1D65     1D65       10     3ACA       0
                text101                            1D75     1D75       13     3AEA       0
                text100                            1CB0     1CB0        8     3960       0
                text99                             1DB0     1DB0       15     3B60       0
                text98                             1DC5     1DC5       15     3B8A       0
                text97                             1CD0     1CD0        9     39A0       0
                text96                             1FDA     1FDA       26     3FB4       0
                text95                             1E19     1E19       16     3C32       0
                text94                             1EAE     1EAE       1D     3D5C       0
                text93                              857      857      1AA     10AE       0
                text92                             119F     119F       4E     233E       0
                text91                             148C     148C       8B     2918       0
                text90                             1F4A     1F4A       23     3E94       0
                text89                              DC5      DC5      23B     1B8A       0
                text88                             1CF5     1CF5        B     39EA       0
                text87                              BB9      BB9      20C     1772       0
                text86                             1EEA     1EEA       20     3DD4       0
                text85                             12A4     12A4       70     2548       0
                text84                             138C     138C       7F     2718       0
                text83                              6A9      6A9       EB        8       0
                text82                             1DDA     1DDA       15     3BB4       0
                text81                             1022     1022       27     2044       0
                text80                             1C1A     1C1A        1     3834       0
                text79                              800      800       57     1000       0
                text78                             1F90     1F90       25     3F20       0
                text77                             10A5     10A5       30     214A       0
                text76                             1E78     1E78       1B     3CF0       0
                text75                               83       83      626        8       0
                text74                             1ECB     1ECB       1F     3D96       0
                text73                             1243     1243       61     2486       0
                text72                             140B     140B       81     2816       0
                text71                             1670     1670      190     2CE0       0
                text70                             1F0A     1F0A       20     3E14       0
                text69                             1F2A     1F2A       20     3E54       0
                text68                              794      794       61        8       0
                text67                             1314     1314       78     2628       0
                text66                             1C1B     1C1B        1     3836       0
                text65                             1C3D     1C3D        4     387A       0
                text64                             1C1E     1C1E        3     383C       0
                text63                             1C21     1C21        3     3842       0
                text62                             1C41     1C41        4     3882       0
                text61                             1DEF     1DEF       15     3BDE       0
                text60                             1C24     1C24        3     3848       0
                text59                             1C45     1C45        4     388A       0
                text58                             1C27     1C27        3     384E       0
                text57                             1C49     1C49        4     3892       0
                text56                             1C4D     1C4D        4     389A       0
                text55                             1C2A     1C2A        3     3854       0
                text54                             1C2D     1C2D        3     385A       0
                text53                             1C61     1C61        5     38C2       0
                text52                             1C30     1C30        3     3860       0
                text51                             1076     1076       2F     20EC       0
                text50                             1C51     1C51        4     38A2       0
                text49                             1CB8     1CB8        8     3970       0
                text48                             1C9B     1C9B        7     3936       0
                text47                             10D5     10D5       41     21AA       0
                text46                             1C77     1C77        6     38EE       0
                text45                             1C7D     1C7D        6     38FA       0
                text44                             1CC0     1CC0        8     3980       0
                text43                             1CA2     1CA2        7     3944       0
                text42                             1F6D     1F6D       23     3EDA       0
                text41                             1C55     1C55        4     38AA       0
                text40                             1CA9     1CA9        7     3952       0
                text39                             1C66     1C66        5     38CC       0
                text38                             1C83     1C83        6     3906       0
                text37                             1116     1116       43     222C       0
                text36                             1C59     1C59        4     38B2       0
                text35                             1E5E     1E5E       1A     3CBC       0
                text34                             1C33     1C33        3     3866       0
                text33                             1C36     1C36        3     386C       0
                text32                             1517     1517       AB     2A2E       0
                text31                              A01      A01      1B8     1402       0
                text30                             1C5D     1C5D        4     38BA       0
                text29                             1C1C     1C1C        1     3838       0
                text28                             1C1D     1C1D        1     383A       0
                text27                                2        2        1        0       0
                text26                             1000     1000       22     1B8A       0
                text24                             1E45     1E45       19     3C8A       0
                text23                             1D00     1D00        B     3A00       0
                text22                             1CEB     1CEB        A     39D6       0
                text21                              7F5      7F5        B        8       0
                text20                             1CC8     1CC8        8     3990       0
                text19                             1D47     1D47        F     3A8E       0
                text18                             1D56     1D56        F     3AAC       0
                text17                             1D17     1D17        C     3A2E       0
                text16                             1049     1049       2D     2092       0
                text15                             1D23     1D23        C     3A46       0
                text14                             1D88     1D88       14     3B10       0
                text13                             1CD9     1CD9        9     39B2       0
                text12                             1D2F     1D2F        C     3A5E       0
                text11                             11ED     11ED       56     23DA       0
                text10                             1C89     1C89        6     3912       0
                text9                              1E93     1E93       1B     3D26       0
                text8                              1C8F     1C8F        6     391E       0
                text7                              1D9C     1D9C       14     3B38       0
                text6                              1C95     1C95        6     392A       0
                text5                              1E04     1E04       15     3C08       0
                text4                              1CE2     1CE2        9     39C4       0
                text3                              1E2F     1E2F       16     3C5E       0
                text2                              1FB5     1FB5       25     3F6A       0
                text1                              1159     1159       46     22B2       0
                maintext                           15C2     15C2       AE     2B84       0
                cstackBANK0                          20       20       50       20       1
                cstackCOMMON                         70       70        E       70       1
                cstackBANK1                          A0       A0       50       A0       1
                cstackBANK2                         120      120       27      120       1
                cstackBANK3                         1BE      1BE        7      1A0       1
                clrtext                            1D3B     1D3B        C     3A76       0
                bssBANK5                            2A0      2A0       40      2A0       1
                bssBANK4                            220      220       50      220       1
                bssBANK3                            1A0      1A0       1E      1A0       1
                dataBANK2                           16C      16C        1      120       1
                bssBANK2                            147      147       25      120       1
                stringtext15                       18E4     18E4        4     3000       0
                stringtext14                       18E0     18E0        4     3000       0
                stringtext13                       18D7     18D7        9     3000       0
                stringtext12                       18CE     18CE        9     3000       0
                stringtext11                       189D     189D        D     3000       0
                stringtext10                       188F     188F        E     3000       0
                stringtext9                        1881     1881        E     3000       0
                stringtext8                        1872     1872        F     3000       0
                stringtext7                        1830     1830       1C     3000       0
                stringtext6                        18C2     18C2        C     3000       0
                stringtext5                        18B6     18B6        C     3000       0
                stringtext4                        18AA     18AA        C     3000       0
                stringtext3                        1860     1860       12     3000       0
                stringtext2                        184C     184C       14     3000       0
                stringtext1                        1800     1800       30     3000       0
                idataBANK2                            3        3        1        6       0

TOTAL           Name                               Link     Load   Length     Space
        CLASS   CODE           
                end_init                             41       41        2         0
                cinit                                43       43       40         0
                intentry                              4        4       3D         0
                reset_vec                             0        0        2         0
                text107                            1C19     1C19        1         0
                text106                            1C39     1C39        4         0
                text105                            1D0B     1D0B        C         0
                text104                            1C6B     1C6B        6         0
                text103                            1C71     1C71        6         0
                text102                            1D65     1D65       10         0
                text101                            1D75     1D75       13         0
                text100                            1CB0     1CB0        8         0
                text99                             1DB0     1DB0       15         0
                text98                             1DC5     1DC5       15         0
                text97                             1CD0     1CD0        9         0
                text96                             1FDA     1FDA       26         0
                text95                             1E19     1E19       16         0
                text94                             1EAE     1EAE       1D         0
                text93                              857      857      1AA         0
                text92                             119F     119F       4E         0
                text91                             148C     148C       8B         0
                text90                             1F4A     1F4A       23         0
                text89                              DC5      DC5      23B         0
                text88                             1CF5     1CF5        B         0
                text87                              BB9      BB9      20C         0
                text86                             1EEA     1EEA       20         0
                text85                             12A4     12A4       70         0
                text84                             138C     138C       7F         0
                text83                              6A9      6A9       EB         0
                text82                             1DDA     1DDA       15         0
                text81                             1022     1022       27         0
                text80                             1C1A     1C1A        1         0
                text79                              800      800       57         0
                text78                             1F90     1F90       25         0
                text77                             10A5     10A5       30         0
                text76                             1E78     1E78       1B         0
                text75                               83       83      626         0
                text74                             1ECB     1ECB       1F         0
                text73                             1243     1243       61         0
                text72                             140B     140B       81         0
                text71                             1670     1670      190         0
                text70                             1F0A     1F0A       20         0
                text69                             1F2A     1F2A       20         0
                text68                              794      794       61         0
                text67                             1314     1314       78         0
                text66                             1C1B     1C1B        1         0
                text65                             1C3D     1C3D        4         0
                text64                             1C1E     1C1E        3         0
                text63                             1C21     1C21        3         0
                text62                             1C41     1C41        4         0
                text61                             1DEF     1DEF       15         0
                text60                             1C24     1C24        3         0
                text59                             1C45     1C45        4         0
                text58                             1C27     1C27        3         0
                text57                             1C49     1C49        4         0
                text56                             1C4D     1C4D        4         0
                text55                             1C2A     1C2A        3         0
                text54                             1C2D     1C2D        3         0
                text53                             1C61     1C61        5         0
                text52                             1C30     1C30        3         0
                text51                             1076     1076       2F         0
                text50                             1C51     1C51        4         0
                text49                             1CB8     1CB8        8         0
                text48                             1C9B     1C9B        7         0
                text47                             10D5     10D5       41         0
                text46                             1C77     1C77        6         0
                text45                             1C7D     1C7D        6         0
                text44                             1CC0     1CC0        8         0
                text43                             1CA2     1CA2        7         0
                text42                             1F6D     1F6D       23         0
                text41                             1C55     1C55        4         0
                text40                             1CA9     1CA9        7         0
                text39                             1C66     1C66        5         0
                text38                             1C83     1C83        6         0
                text37                             1116     1116       43         0
                text36                             1C59     1C59        4         0
                text35                             1E5E     1E5E       1A         0
                text34                             1C33     1C33        3         0
                text33                             1C36     1C36        3         0
                text32                             1517     1517       AB         0
                text31                              A01      A01      1B8         0
                text30                             1C5D     1C5D        4         0
                text29                             1C1C     1C1C        1         0
                text28                             1C1D     1C1D        1         0
                text27                                2        2        1         0
                text26                             1000     1000       22         0
                text24                             1E45     1E45       19         0
                text23                             1D00     1D00        B         0
                text22                             1CEB     1CEB        A         0
                text21                              7F5      7F5        B         0
                text20                             1CC8     1CC8        8         0
                text19                             1D47     1D47        F         0
                text18                             1D56     1D56        F         0
                text17                             1D17     1D17        C         0
                text16                             1049     1049       2D         0
                text15                             1D23     1D23        C         0
                text14                             1D88     1D88       14         0
                text13                             1CD9     1CD9        9         0
                text12                             1D2F     1D2F        C         0
                text11                             11ED     11ED       56         0
                text10                             1C89     1C89        6         0
                text9                              1E93     1E93       1B         0
                text8                              1C8F     1C8F        6         0
                text7                              1D9C     1D9C       14         0
                text6                              1C95     1C95        6         0
                text5                              1E04     1E04       15         0
                text4                              1CE2     1CE2        9         0
                text3                              1E2F     1E2F       16         0
                text2                              1FB5     1FB5       25         0
                text1                              1159     1159       46         0
                maintext                           15C2     15C2       AE         0
                clrtext                            1D3B     1D3B        C         0
                idataBANK2                            3        3        1         0

        CLASS   STRCODE        
                stringtext15                       18E4     18E4        4         0
                stringtext14                       18E0     18E0        4         0
                stringtext13                       18D7     18D7        9         0
                stringtext12                       18CE     18CE        9         0
                stringtext11                       189D     189D        D         0
                stringtext10                       188F     188F        E         0
                stringtext9                        1881     1881        E         0
                stringtext8                        1872     1872        F         0
                stringtext7                        1830     1830       1C         0
                stringtext6                        18C2     18C2        C         0
                stringtext5                        18B6     18B6        C         0
                stringtext4                        18AA     18AA        C         0
                stringtext3                        1860     1860       12         0
                stringtext2                        184C     184C       14         0
                stringtext1                        1800     1800       30         0

        CLASS   STRING         

        CLASS   CONST          

        CLASS   ENTRY          

        CLASS   COMMON         
                cstackCOMMON                         70       70        E         1

        CLASS   BANK0          
                cstackBANK0                          20       20       50         1

        CLASS   BANK1          
                cstackBANK1                          A0       A0       50         1

        CLASS   BANK2          
                cstackBANK2                         120      120       27         1
                dataBANK2                           16C      16C        1         1
                bssBANK2                            147      147       25         1

        CLASS   BANK3          
                cstackBANK3                         1BE      1BE        7         1
                bssBANK3                            1A0      1A0       1E         1

        CLASS   BANK4          
                bssBANK4                            220      220       50         1

        CLASS   BANK5          
                bssBANK5                            2A0      2A0       40         1

        CLASS   BANK6          

        CLASS   BANK7          

        CLASS   BANK8          

        CLASS   BANK9          

        CLASS   BANK10         

        CLASS   BANK11         

        CLASS   BANK12         

        CLASS   BIGRAM         

        CLASS   RAM            

        CLASS   ABS1           
                abs_s1                               7E       7E        2         1
                abs_s1                              5A0      5A0       50         1
                abs_s1                              620      620       30         1
                abs_s1                             2370     2370        0         1

        CLASS   SFR0           

        CLASS   SFR1           

        CLASS   SFR2           

        CLASS   SFR3           

        CLASS   SFR4           

        CLASS   SFR5           

        CLASS   SFR6           

        CLASS   SFR7           

        CLASS   SFR8           

        CLASS   SFR9           

        CLASS   SFR10          

        CLASS   SFR11          

        CLASS   SFR12          

        CLASS   SFR13          

        CLASS   SFR14          

        CLASS   SFR15          

        CLASS   SFR16          

        CLASS   SFR17          

        CLASS   SFR18          

        CLASS   SFR19          

        CLASS   SFR20          

        CLASS   SFR21          

        CLASS   SFR22          

        CLASS   SFR23          

        CLASS   SFR24          

        CLASS   SFR25          

        CLASS   SFR26          

        CLASS   SFR27          

        CLASS   SFR28          

        CLASS   SFR29          

        CLASS   SFR30          

        CLASS   SFR31          

        CLASS   CONFIG         
                config                             8007     8007        3         4

        CLASS   IDLOC          

        CLASS   BANK31         

        CLASS   BANK30         

        CLASS   BANK29         

        CLASS   BANK28         

        CLASS   BANK27         

        CLASS   BANK26         

        CLASS   BANK25         

        CLASS   BANK24         

        CLASS   BANK23         

        CLASS   BANK22         

        CLASS   BANK21         

        CLASS   BANK20         

        CLASS   BANK19         

        CLASS   BANK18         

        CLASS   BANK17         

        CLASS   BANK16         

        CLASS   BANK15         

        CLASS   BANK14         

        CLASS   BANK13         

        CLASS   HEAP           

        CLASS   STACK          

        CLASS   EEDATA         



SEGMENTS        Name                           Load    Length   Top    Selector   Space  Class     Delta

                reset_vec                      000000  000003  000003         0       0  CODE        2
                idataBANK2                     000003  000001  000004         6       0  CODE        2
                intentry                       000004  0007FC  000800         8       0  CODE        2
                cstackBANK0                    000020  000050  000070        20       1  BANK0       1
                cstackCOMMON                   000070  00000E  00007E        70       1  COMMON      1
                cstackBANK1                    0000A0  000050  0000F0        A0       1  BANK1       1
                cstackBANK2                    000120  00004D  00016D       120       1  BANK2       1
                bssBANK3                       0001A0  000025  0001C5       1A0       1  BANK3       1
                bssBANK4                       000220  000050  000270       220       1  BANK4       1
                bssBANK5                       0002A0  000040  0002E0       2A0       1  BANK5       1
                text79                         000800  000057  000857      1000       0  CODE        2
                text93                         000857  0001AA  000A01      10AE       0  CODE        2
                text31                         000A01  0001B8  000BB9      1402       0  CODE        2
                text87                         000BB9  00020C  000DC5      1772       0  CODE        2
                text89                         000DC5  00025D  001022      1B8A       0  CODE        2
                text81                         001022  000027  001049      2044       0  CODE        2
                text16                         001049  00002D  001076      2092       0  CODE        2
                text51                         001076  00002F  0010A5      20EC       0  CODE        2
                text77                         0010A5  000030  0010D5      214A       0  CODE        2
                text47                         0010D5  000041  001116      21AA       0  CODE        2
                text37                         001116  000043  001159      222C       0  CODE        2
                text1                          001159  000046  00119F      22B2       0  CODE        2
                text92                         00119F  00004E  0011ED      233E       0  CODE        2
                text11                         0011ED  000056  001243      23DA       0  CODE        2
                text73                         001243  000061  0012A4      2486       0  CODE        2
                text85                         0012A4  000070  001314      2548       0  CODE        2
                text67                         001314  000078  00138C      2628       0  CODE        2
                text84                         00138C  00007F  00140B      2718       0  CODE        2
                text72                         00140B  000081  00148C      2816       0  CODE        2
                text91                         00148C  00008B  001517      2918       0  CODE        2
                text32                         001517  0000AB  0015C2      2A2E       0  CODE        2
                maintext                       0015C2  0000AE  001670      2B84       0  CODE        2
                text71                         001670  000190  001800      2CE0       0  CODE        2
                stringtext1                    001800  0000E8  0018E8      3000       0  STRCODE     2
                text107                        001C19  000001  001C1A      3832       0  CODE        2
                text80                         001C1A  000001  001C1B      3834       0  CODE        2
                text66                         001C1B  000001  001C1C      3836       0  CODE        2
                text29                         001C1C  000001  001C1D      3838       0  CODE        2
                text28                         001C1D  000001  001C1E      383A       0  CODE        2
                text64                         001C1E  000003  001C21      383C       0  CODE        2
                text63                         001C21  000003  001C24      3842       0  CODE        2
                text60                         001C24  000003  001C27      3848       0  CODE        2
                text58                         001C27  000003  001C2A      384E       0  CODE        2
                text55                         001C2A  000003  001C2D      3854       0  CODE        2
                text54                         001C2D  000003  001C30      385A       0  CODE        2
                text52                         001C30  000003  001C33      3860       0  CODE        2
                text34                         001C33  000003  001C36      3866       0  CODE        2
                text33                         001C36  000003  001C39      386C       0  CODE        2
                text106                        001C39  000004  001C3D      3872       0  CODE        2
                text65                         001C3D  000004  001C41      387A       0  CODE        2
                text62                         001C41  000004  001C45      3882       0  CODE        2
                text59                         001C45  000004  001C49      388A       0  CODE        2
                text57                         001C49  000004  001C4D      3892       0  CODE        2
                text56                         001C4D  000004  001C51      389A       0  CODE        2
                text50                         001C51  000004  001C55      38A2       0  CODE        2
                text41                         001C55  000004  001C59      38AA       0  CODE        2
                text36                         001C59  000004  001C5D      38B2       0  CODE        2
                text30                         001C5D  000004  001C61      38BA       0  CODE        2
                text53                         001C61  000005  001C66      38C2       0  CODE        2
                text39                         001C66  000005  001C6B      38CC       0  CODE        2
                text104                        001C6B  000006  001C71      38D6       0  CODE        2
                text103                        001C71  000006  001C77      38E2       0  CODE        2
                text46                         001C77  000006  001C7D      38EE       0  CODE        2
                text45                         001C7D  000006  001C83      38FA       0  CODE        2
                text38                         001C83  000006  001C89      3906       0  CODE        2
                text10                         001C89  000006  001C8F      3912       0  CODE        2
                text8                          001C8F  000006  001C95      391E       0  CODE        2
                text6                          001C95  000006  001C9B      392A       0  CODE        2
                text48                         001C9B  000007  001CA2      3936       0  CODE        2
                text43                         001CA2  000007  001CA9      3944       0  CODE        2
                text40                         001CA9  000007  001CB0      3952       0  CODE        2
                text100                        001CB0  000008  001CB8      3960       0  CODE        2
                text49                         001CB8  000008  001CC0      3970       0  CODE        2
                text44                         001CC0  000008  001CC8      3980       0  CODE        2
                text20                         001CC8  000008  001CD0      3990       0  CODE        2
                text97                         001CD0  000009  001CD9      39A0       0  CODE        2
                text13                         001CD9  000009  001CE2      39B2       0  CODE        2
                text4                          001CE2  000009  001CEB      39C4       0  CODE        2
                text22                         001CEB  00000A  001CF5      39D6       0  CODE        2
                text88                         001CF5  00000B  001D00      39EA       0  CODE        2
                text23                         001D00  00000B  001D0B      3A00       0  CODE        2
                text105                        001D0B  00000C  001D17      3A16       0  CODE        2
                text17                         001D17  00000C  001D23      3A2E       0  CODE        2
                text15                         001D23  00000C  001D2F      3A46       0  CODE        2
                text12                         001D2F  00000C  001D3B      3A5E       0  CODE        2
                clrtext                        001D3B  00000C  001D47      3A76       0  CODE        2
                text19                         001D47  00000F  001D56      3A8E       0  CODE        2
                text18                         001D56  00000F  001D65      3AAC       0  CODE        2
                text102                        001D65  000010  001D75      3ACA       0  CODE        2
                text101                        001D75  000013  001D88      3AEA       0  CODE        2
                text14                         001D88  000014  001D9C      3B10       0  CODE        2
                text7                          001D9C  000014  001DB0      3B38       0  CODE        2
                text99                         001DB0  000015  001DC5      3B60       0  CODE        2
                text98                         001DC5  000015  001DDA      3B8A       0  CODE        2
                text82                         001DDA  000015  001DEF      3BB4       0  CODE        2
                text61                         001DEF  000015  001E04      3BDE       0  CODE        2
                text5                          001E04  000015  001E19      3C08       0  CODE        2
                text95                         001E19  000016  001E2F      3C32       0  CODE        2
                text3                          001E2F  000016  001E45      3C5E       0  CODE        2
                text24                         001E45  000019  001E5E      3C8A       0  CODE        2
                text35                         001E5E  00001A  001E78      3CBC       0  CODE        2
                text76                         001E78  00001B  001E93      3CF0       0  CODE        2
                text9                          001E93  00001B  001EAE      3D26       0  CODE        2
                text94                         001EAE  00001D  001ECB      3D5C       0  CODE        2
                text74                         001ECB  00001F  001EEA      3D96       0  CODE        2
                text86                         001EEA  000020  001F0A      3DD4       0  CODE        2
                text70                         001F0A  000020  001F2A      3E14       0  CODE        2
                text69                         001F2A  000020  001F4A      3E54       0  CODE        2
                text90                         001F4A  000023  001F6D      3E94       0  CODE        2
                text42                         001F6D  000023  001F90      3EDA       0  CODE        2
                text78                         001F90  000025  001FB5      3F20       0  CODE        2
                text2                          001FB5  000025  001FDA      3F6A       0  CODE        2
                text96                         001FDA  000026  002000      3FB4       0  CODE        2


UNUSED ADDRESS RANGES

        Name                Unused          Largest block    Delta
        BANK10           00520-0056F              50           1
        BANK2            0016D-0016F               3           1
        BANK3            001C5-001EF              2B           1
        BANK5            002E0-002EF              10           1
        BANK6            00320-0036F              50           1
        BANK7            003A0-003EF              50           1
        BANK8            00420-0046F              50           1
        BANK9            004A0-004EF              50           1
        BIGRAM           02000-023EF             3F0           1
        CODE             018E8-01C18             331           2
        CONST            018E8-01C18             100           2
        ENTRY            018E8-01C18             100           2
        IDLOC            08000-08003               4           2
        RAM              0016D-0016F               3           1
                         001C5-001EF              2B
                         002E0-002EF              10
                         00320-0036F              50
                         003A0-003EF              50
                         00420-0046F              50
                         004A0-004EF              50
                         00520-0056F              50
        SFR0             00000-0001F              20           1
        SFR1             00080-0009F              20           1
        SFR10            00500-0051F              20           1
        SFR11            00580-0059F              20           1
        SFR12            00600-0061F              20           1
        SFR13            00680-006EF              70           1
        SFR14            00700-0076F              70           1
        SFR15            00780-007EF              70           1
        SFR16            00800-0086F              70           1
        SFR17            00880-008EF              70           1
        SFR18            00900-0096F              70           1
        SFR19            00980-009EF              70           1
        SFR2             00100-0011F              20           1
        SFR20            00A00-00A6F              70           1
        SFR21            00A80-00AEF              70           1
        SFR22            00B00-00B6F              70           1
        SFR23            00B80-00BEF              70           1
        SFR24            00C00-00C6F              70           1
        SFR25            00C80-00CEF              70           1
        SFR26            00D00-00D6F              70           1
        SFR27            00D80-00DEF              70           1
        SFR28            00E00-00E6F              70           1
        SFR29            00E80-00EEF              70           1
        SFR3             00180-0019F              20           1
        SFR30            00F00-00F6F              70           1
        SFR31            00F80-00FEF              70           1
        SFR4             00200-0021F              20           1
        SFR5             00280-0029F              20           1
        SFR6             00300-0031F              20           1
        SFR7             00380-0039F              20           1
        SFR8             00400-0041F              20           1
        SFR9             00480-0049F              20           1
        STRCODE          018E8-01C18             331           2
        STRING           018E8-01C18             100           2

                                  Symbol Table

?_ADC_GetConversion                                 cstackCOMMON 00070
?__Umul8_16                                         cstackCOMMON 00070
?___fladd                                           cstackCOMMON 00070
?___fldiv                                           cstackBANK0  00040
?___flmul                                           cstackBANK0  00026
?___flneg                                           cstackCOMMON 00070
?___flsub                                           cstackBANK0  00040
?___fltol                                           cstackCOMMON 00070
?___fpclassifyf                                     cstackCOMMON 00070
?___wmul                                            cstackCOMMON 00070
?___xxtofl                                          cstackCOMMON 00074
?_floorf                                            cstackBANK0  0005A
?_labs                                              cstackCOMMON 00070
?_read_prec_or_width                                cstackCOMMON 00076
?_sprintf                                           cstackBANK1  000E9
?_vfprintf                                          cstackBANK1  000E2
ADC_GetConversion@channel                           cstackCOMMON 00073
CCP2_LoadDutyValue@dutyValue                        cstackBANK3  001BE
EUSART_FramingErrorCallbackRegister@callbackHandler cstackBANK3  001BE
EUSART_OverrunErrorCallbackRegister@callbackHandler cstackBANK3  001BE
EUSART_ReceiveISR@regValue                          cstackBANK2  00144
EUSART_ReceiveISR@tempRxHead                        cstackBANK2  00145
EUSART_RxCompleteCallbackRegister@callbackHandler   cstackBANK3  001BE
I2C1_CallbackRegister@callbackHandler               cstackBANK3  001BE
I2C1_DataTransmit@data                              cstackCOMMON 00070
I2C1_EVENT_ERROR@retEventState                      cstackCOMMON 00070
I2C1_EVENT_NACK@retEventState                       cstackCOMMON 00070
I2C1_EVENT_RX@retEventState                         cstackCOMMON 00071
I2C1_EVENT_TX@retEventState                         cstackCOMMON 00073
I2C_Master_Write@data                               cstackCOMMON 00070
INT_SetInterruptHandler@InterruptHandler            cstackBANK3  001BE
IO_Expander_Write@Data                              cstackCOMMON 00071
LCD_CMD@CMD                                         cstackCOMMON 00075
LCD_Set_Cursor@COL                                  cstackCOMMON 00076
LCD_Set_Cursor@ROW                                  cstackCOMMON 00077
LCD_Write_4Bit@Nibble                               cstackCOMMON 00073
LCD_Write_Char@Data                                 cstackCOMMON 00075
LCD_Write_String@Str                                cstackCOMMON 00076
LCD_Write_String@i                                  cstackCOMMON 00079
TMR0_Custom_ISR@buffer                              cstackBANK2  00133
TMR1_OverflowCallbackRegister@CallbackHandler       cstackBANK3  001BE
TMR2_OverflowCallbackRegister@InterruptHandler      cstackBANK3  001BE
TMR4_OverflowCallbackRegister@InterruptHandler      cstackBANK3  001BE
Timer0_OverflowCallbackRegister@CallbackHandler     cstackBANK3  001BE
Timer0_OverflowISR@CountCallBack                    bssBANK2     0015F
UART_Custom_ISR@Rx_Code                             cstackBANK2  0013F
UART_Custom_ISR@buffer                              cstackBANK2  0012F
_ADCON0                                             (abs)        0009D
_ADCON0bits                                         (abs)        0009D
_ADCON1                                             (abs)        0009E
_ADCON2                                             (abs)        0009F
_ADC_GetConversion                                  text35       01E5E
_ADC_Initialize                                     text23       01D00
_ADRESH                                             (abs)        0009C
_ADRESL                                             (abs)        0009B
_ANSELA                                             (abs)        0018C
_ANSELB                                             (abs)        0018D
_ANSELC                                             (abs)        0018E
_BAUD1CON                                           (abs)        0019F
_BAUD1CONbits                                       (abs)        0019F
_BORCON                                             (abs)        00116
_BackLight_State                                    dataBANK2    0016C
_Backlight                                          text100      01CB0
_CCP1CON                                            (abs)        00293
_CCP1CONbits                                        (abs)        00293
_CCP1PPS                                            (abs)        00E14
_CCP1_Initialize                                    text22       01CEB
_CCP2CON                                            (abs)        0029A
_CCP2CONbits                                        (abs)        0029A
_CCP2PPS                                            (abs)        00E15
_CCP2_Initialize                                    text21       007F5
_CCP2_LoadDutyValue                                 text24       01E45
_CCPR1H                                             (abs)        00292
_CCPR1L                                             (abs)        00291
_CCPR2H                                             (abs)        00299
_CCPR2L                                             (abs)        00298
_CCPTMRSbits                                        (abs)        0029E
_CLOCK_Initialize                                   text20       01CC8
_EUSART_AutoBaudQuery                               (abs)        00000
_EUSART_AutoBaudSet                                 (abs)        00000
_EUSART_DefaultFramingErrorCallback                 text107      01C19
_EUSART_DefaultOverrunErrorCallback                 text106      01C39
_EUSART_Deinitialize                                (abs)        00000
_EUSART_ErrorGet                                    (abs)        00000
_EUSART_FramingErrorCallbackRegister                text19       01D47
_EUSART_FramingErrorHandler                         bssBANK2     0015B
_EUSART_Initialize                                  text16       01049
_EUSART_IsRxReady                                   (abs)        00000
_EUSART_IsTxDone                                    (abs)        00000
_EUSART_IsTxReady                                   (abs)        00000
_EUSART_OverrunErrorCallbackRegister                text18       01D56
_EUSART_OverrunErrorHandler                         bssBANK2     00159
_EUSART_Read                                        (abs)        00000
_EUSART_ReceiveISR                                  text67       01314
_EUSART_RxCompleteCallbackRegister                  text17       01D17
_EUSART_RxInterruptHandler                          bssBANK3     001BA
_EUSART_TransmitDisable                             (abs)        00000
_EUSART_TransmitEnable                              (abs)        00000
_EUSART_Write                                       (abs)        00000
_I2C1_AckSend                                       text59       01C45
_I2C1_BusReset                                      text65       01C3D
_I2C1_Callback                                      bssBANK3     001BC
_I2C1_CallbackRegister                              text15       01D23
_I2C1_Close                                         text61       01DEF
_I2C1_DataReceive                                   text58       01C27
_I2C1_DataTransmit                                  text53       01C61
_I2C1_DefaultCallback                               text66       01C1B
_I2C1_Deinitialize                                  (abs)        00000
_I2C1_ERROR_ISR                                     text41       01C55
_I2C1_EVENT_ERROR                                   text45       01C7D
_I2C1_EVENT_IDLE                                    text50       01C51
_I2C1_EVENT_NACK                                    text46       01C77
_I2C1_EVENT_RESET                                   text43       01CA2
_I2C1_EVENT_RX                                      text47       010D5
_I2C1_EVENT_SEND_RD_ADDR                            text49       01CB8
_I2C1_EVENT_SEND_WR_ADDR                            text48       01C9B
_I2C1_EVENT_STOP                                    text44       01CC0
_I2C1_EVENT_TX                                      text51       01076
_I2C1_ErrorEventHandler                             text42       01F6D
_I2C1_ErrorGet                                      (abs)        00000
_I2C1_ErrorInterruptClear                           text64       01C1E
_I2C1_EventHandler                                  text37       01116
_I2C1_ISR                                           text36       01C59
_I2C1_Initialize                                    text14       01D88
_I2C1_InterruptClear                                text63       01C21
_I2C1_IsAddr                                        text40       01CA9
_I2C1_IsBusy                                        (abs)        00000
_I2C1_IsData                                        text39       01C66
_I2C1_IsNack                                        text38       01C83
_I2C1_IsRxBufFull                                   text57       01C49
_I2C1_NackSend                                      text56       01C4D
_I2C1_Read                                          (abs)        00000
_I2C1_ReceiveEnable                                 text55       01C2A
_I2C1_RestartDisable                                text54       01C2D
_I2C1_RestartEnable                                 text52       01C30
_I2C1_StatusFlagsClear                              text62       01C41
_I2C1_StopSend                                      text60       01C24
_I2C1_Write                                         (abs)        00000
_I2C1_WriteRead                                     (abs)        00000
_I2C_Master_Start                                   text104      01C6B
_I2C_Master_Stop                                    text103      01C71
_I2C_Master_Wait                                    text105      01D0B
_I2C_Master_Write                                   text102      01D65
_INLVLA                                             (abs)        0038C
_INLVLB                                             (abs)        0038D
_INLVLC                                             (abs)        0038E
_INTCONbits                                         (abs)        0000B
_INTERRUPT_Initialize                               text12       01D2F
_INTERRUPT_InterruptManager                         intentry     00004
_INT_DefaultInterruptHandler                        (abs)        00000
_INT_InterruptHandler                               bssBANK2     00163
_INT_SetInterruptHandler                            text13       01CD9
_IOCAF                                              (abs)        00393
_IOCAN                                              (abs)        00392
_IOCAP                                              (abs)        00391
_IOCBF                                              (abs)        00396
_IOCBN                                              (abs)        00395
_IOCBP                                              (abs)        00394
_IOCCF                                              (abs)        00399
_IOCCN                                              (abs)        00398
_IOCCP                                              (abs)        00397
_IO_Expander_Write                                  text101      01D75
_LATA                                               (abs)        0010C
_LATB                                               (abs)        0010D
_LATBbits                                           (abs)        0010D
_LATC                                               (abs)        0010E
_LATCbits                                           (abs)        0010E
_LCD_CMD                                            text98       01DC5
_LCD_Clear                                          text97       01CD0
_LCD_Set_Cursor                                     text96       01FDA
_LCD_Write_4Bit                                     text99       01DB0
_LCD_Write_Char                                     text95       01E19
_LCD_Write_String                                   text94       01EAE
_ODCONA                                             (abs)        0028C
_ODCONB                                             (abs)        0028D
_ODCONC                                             (abs)        0028E
_OPTION_REG                                         (abs)        00095
_OPTION_REGbits                                     (abs)        00095
_OSCCON                                             (abs)        00099
_OSCTUNE                                            (abs)        00098
_PIE1bits                                           (abs)        00090
_PIE2bits                                           (abs)        00091
_PIN_MANAGER_Initialize                             text11       011ED
_PIR1bits                                           (abs)        00010
_PIR2bits                                           (abs)        00011
_PORTCbits                                          (abs)        0000E
_PR2                                                (abs)        0001B
_PR4                                                (abs)        00414
_RA2PPS                                             (abs)        00E92
_RC1REG                                             (abs)        00199
_RC1STA                                             (abs)        0019D
_RC1STAbits                                         (abs)        0019D
_RC3PPS                                             (abs)        00EA3
_RC4PPS                                             (abs)        00EA4
_RC5PPS                                             (abs)        00EA5
_RC6PPS                                             (abs)        00EA6
_RS                                                 bssBANK2     00167
_RXPPS                                              (abs)        00E24
_SLRCONA                                            (abs)        0030C
_SLRCONB                                            (abs)        0030D
_SLRCONC                                            (abs)        0030E
_SPBRGH                                             (abs)        0019C
_SPBRGL                                             (abs)        0019B
_SSP1ADD                                            (abs)        00212
_SSP1BUF                                            (abs)        00211
_SSP1CON1                                           (abs)        00215
_SSP1CON1bits                                       (abs)        00215
_SSP1CON2                                           (abs)        00216
_SSP1CON2bits                                       (abs)        00216
_SSP1CON3                                           (abs)        00217
_SSP1STAT                                           (abs)        00214
_SSP1STATbits                                       (abs)        00214
_SSPCLKPPS                                          (abs)        00E20
_SSPDATPPS                                          (abs)        00E21
_SYSTEM_Initialize                                  text2        01FB5
_T1CON                                              (abs)        00018
_T1CONbits                                          (abs)        00018
_T1GCON                                             (abs)        00019
_T1GCONbits                                         (abs)        00019
_T2CLKCON                                           (abs)        0001E
_T2CON                                              (abs)        0001C
_T2CONbits                                          (abs)        0001C
_T2HLT                                              (abs)        0001D
_T2HLTbits                                          (abs)        0001D
_T2PR                                               (abs)        0001B
_T2RST                                              (abs)        0001F
_T2RSTbits                                          (abs)        0001F
_T2TMR                                              (abs)        0001A
_T4CLKCON                                           (abs)        00417
_T4CON                                              (abs)        00415
_T4CONbits                                          (abs)        00415
_T4HLT                                              (abs)        00416
_T4HLTbits                                          (abs)        00416
_T4PR                                               (abs)        00414
_T4RST                                              (abs)        00418
_T4RSTbits                                          (abs)        00418
_T4TMR                                              (abs)        00413
_TMR0                                               (abs)        00015
_TMR0_Custom_ISR                                    text31       00A01
_TMR0_Custom_ISR$3581                               cstackBANK2  00143
_TMR1H                                              (abs)        00017
_TMR1L                                              (abs)        00016
_TMR1_DefaultOverflowCallback                       text28       01C1D
_TMR1_Initialize                                    text9        01E93
_TMR1_OverflowCallback                              bssBANK3     001B4
_TMR1_OverflowCallbackRegister                      text10       01C89
_TMR1_Start                                         text34       01C33
_TMR1_Stop                                          text33       01C36
_TMR1_Tasks                                         (abs)        00000
_TMR1_Write                                         (abs)        00000
_TMR2                                               (abs)        0001A
_TMR2_DefaultOverflowCallback                       text29       01C1C
_TMR2_Initialize                                    text7        01D9C
_TMR2_OverflowCallback                              bssBANK3     001B8
_TMR2_OverflowCallbackRegister                      text8        01C8F
_TMR2_PeriodCountSet                                (abs)        00000
_TMR2_Start                                         (abs)        00000
_TMR2_Stop                                          (abs)        00000
_TMR2_Tasks                                         (abs)        00000
_TMR4                                               (abs)        00413
_TMR4_DefaultOverflowCallback                       text27       00002
_TMR4_Initialize                                    text5        01E04
_TMR4_OverflowCallback                              bssBANK3     001B2
_TMR4_OverflowCallbackRegister                      text6        01C95
_TMR4_PeriodCountSet                                (abs)        00000
_TMR4_Start                                         (abs)        00000
_TMR4_Stop                                          (abs)        00000
_TMR4_Tasks                                         (abs)        00000
_TRISA                                              (abs)        0008C
_TRISB                                              (abs)        0008D
_TRISC                                              (abs)        0008E
_TRISC3                                             (abs)        00473
_TRISC4                                             (abs)        00474
_TX1REG                                             (abs)        0019A
_TX1STA                                             (abs)        0019E
_TX1STAbits                                         (abs)        0019E
_Timer0_DefaultOverflowCallback                     text30       01C5D
_Timer0_Initialize                                  text3        01E2F
_Timer0_OverflowCallback                            bssBANK2     00161
_Timer0_OverflowCallbackRegister                    text4        01CE2
_Timer0_OverflowISR                                 text26       01000
_Timer0_PeriodCountSet                              (abs)        00000
_UART_Custom_ISR                                    text68       00794
_WPUA                                               (abs)        0020C
_WPUB                                               (abs)        0020D
_WPUC                                               (abs)        0020E
__H__absolute__                                     __absolute__ 00000
__Habs1                                             abs1         00000
__Hbank0                                            bank0        00000
__Hbank1                                            bank1        00000
__Hbank10                                           bank10       00000
__Hbank11                                           bank11       00000
__Hbank12                                           bank12       00000
__Hbank13                                           bank13       00000
__Hbank14                                           bank14       00000
__Hbank15                                           bank15       00000
__Hbank16                                           bank16       00000
__Hbank17                                           bank17       00000
__Hbank18                                           bank18       00000
__Hbank19                                           bank19       00000
__Hbank2                                            bank2        00000
__Hbank20                                           bank20       00000
__Hbank21                                           bank21       00000
__Hbank22                                           bank22       00000
__Hbank23                                           bank23       00000
__Hbank24                                           bank24       00000
__Hbank25                                           bank25       00000
__Hbank26                                           bank26       00000
__Hbank27                                           bank27       00000
__Hbank28                                           bank28       00000
__Hbank29                                           bank29       00000
__Hbank3                                            bank3        00000
__Hbank30                                           bank30       00000
__Hbank31                                           bank31       00000
__Hbank4                                            bank4        00000
__Hbank5                                            bank5        00000
__Hbank6                                            bank6        00000
__Hbank7                                            bank7        00000
__Hbank8                                            bank8        00000
__Hbank9                                            bank9        00000
__Hbigram                                           bigram       00000
__HbssBANK2                                         bssBANK2     00000
__HbssBANK3                                         bssBANK3     00000
__HbssBANK4                                         bssBANK4     00000
__HbssBANK5                                         bssBANK5     00000
__Hcinit                                            cinit        00083
__Hclrtext                                          clrtext      00000
__Hcode                                             code         00000
__Hcommon                                           common       00000
__Hconfig                                           config       0800A
__HcstackBANK0                                      cstackBANK0  00000
__HcstackBANK1                                      cstackBANK1  00000
__HcstackBANK2                                      cstackBANK2  00000
__HcstackBANK3                                      cstackBANK3  00000
__HcstackCOMMON                                     cstackCOMMON 00000
__HdataBANK2                                        dataBANK2    00000
__Heeprom_data                                      eeprom_data  00000
__Hend_init                                         end_init     00043
__Hfunctab                                          functab      00000
__Hheap                                             heap         00000
__HidataBANK2                                       idataBANK2   00000
__Hinit                                             init         00041
__Hintentry                                         intentry     00041
__Hmaintext                                         maintext     00000
__Hpowerup                                          powerup      00000
__Hram                                              ram          00000
__Hreset_vec                                        reset_vec    00002
__Hsfr0                                             sfr0         00000
__Hsfr1                                             sfr1         00000
__Hsfr10                                            sfr10        00000
__Hsfr11                                            sfr11        00000
__Hsfr12                                            sfr12        00000
__Hsfr13                                            sfr13        00000
__Hsfr14                                            sfr14        00000
__Hsfr15                                            sfr15        00000
__Hsfr16                                            sfr16        00000
__Hsfr17                                            sfr17        00000
__Hsfr18                                            sfr18        00000
__Hsfr19                                            sfr19        00000
__Hsfr2                                             sfr2         00000
__Hsfr20                                            sfr20        00000
__Hsfr21                                            sfr21        00000
__Hsfr22                                            sfr22        00000
__Hsfr23                                            sfr23        00000
__Hsfr24                                            sfr24        00000
__Hsfr25                                            sfr25        00000
__Hsfr26                                            sfr26        00000
__Hsfr27                                            sfr27        00000
__Hsfr28                                            sfr28        00000
__Hsfr29                                            sfr29        00000
__Hsfr3                                             sfr3         00000
__Hsfr30                                            sfr30        00000
__Hsfr31                                            sfr31        00000
__Hsfr4                                             sfr4         00000
__Hsfr5                                             sfr5         00000
__Hsfr6                                             sfr6         00000
__Hsfr7                                             sfr7         00000
__Hsfr8                                             sfr8         00000
__Hsfr9                                             sfr9         00000
__Hsivt                                             sivt         00041
__Hspace_0                                          (abs)        02000
__Hspace_1                                          (abs)        002E0
__Hspace_2                                          (abs)        00000
__Hspace_3                                          (abs)        00000
__Hspace_4                                          (abs)        10011
__Hstack                                            stack        00000
__Hstrings                                          strings      00000
__Hstringtext1                                      stringtext1  00000
__Hstringtext10                                     stringtext10 00000
__Hstringtext11                                     stringtext11 00000
__Hstringtext12                                     stringtext12 00000
__Hstringtext13                                     stringtext13 00000
__Hstringtext14                                     stringtext14 00000
__Hstringtext15                                     stringtext15 00000
__Hstringtext16                                     stringtext16 00000
__Hstringtext2                                      stringtext2  00000
__Hstringtext3                                      stringtext3  00000
__Hstringtext4                                      stringtext4  00000
__Hstringtext5                                      stringtext5  00000
__Hstringtext6                                      stringtext6  00000
__Hstringtext7                                      stringtext7  00000
__Hstringtext8                                      stringtext8  00000
__Hstringtext9                                      stringtext9  00000
__Htext                                             text         00000
__L__absolute__                                     __absolute__ 00000
__Labs1                                             abs1         00000
__Lbank0                                            bank0        00000
__Lbank1                                            bank1        00000
__Lbank10                                           bank10       00000
__Lbank11                                           bank11       00000
__Lbank12                                           bank12       00000
__Lbank13                                           bank13       00000
__Lbank14                                           bank14       00000
__Lbank15                                           bank15       00000
__Lbank16                                           bank16       00000
__Lbank17                                           bank17       00000
__Lbank18                                           bank18       00000
__Lbank19                                           bank19       00000
__Lbank2                                            bank2        00000
__Lbank20                                           bank20       00000
__Lbank21                                           bank21       00000
__Lbank22                                           bank22       00000
__Lbank23                                           bank23       00000
__Lbank24                                           bank24       00000
__Lbank25                                           bank25       00000
__Lbank26                                           bank26       00000
__Lbank27                                           bank27       00000
__Lbank28                                           bank28       00000
__Lbank29                                           bank29       00000
__Lbank3                                            bank3        00000
__Lbank30                                           bank30       00000
__Lbank31                                           bank31       00000
__Lbank4                                            bank4        00000
__Lbank5                                            bank5        00000
__Lbank6                                            bank6        00000
__Lbank7                                            bank7        00000
__Lbank8                                            bank8        00000
__Lbank9                                            bank9        00000
__Lbigram                                           bigram       00000
__LbssBANK2                                         bssBANK2     00000
__LbssBANK3                                         bssBANK3     00000
__LbssBANK4                                         bssBANK4     00000
__LbssBANK5                                         bssBANK5     00000
__Lcinit                                            cinit        00043
__Lclrtext                                          clrtext      00000
__Lcode                                             code         00000
__Lcommon                                           common       00000
__Lconfig                                           config       00000
__LcstackBANK0                                      cstackBANK0  00000
__LcstackBANK1                                      cstackBANK1  00000
__LcstackBANK2                                      cstackBANK2  00000
__LcstackBANK3                                      cstackBANK3  00000
__LcstackCOMMON                                     cstackCOMMON 00000
__LdataBANK2                                        dataBANK2    00000
__Leeprom_data                                      eeprom_data  00000
__Lend_init                                         end_init     00041
__Lfunctab                                          functab      00000
__Lheap                                             heap         00000
__LidataBANK2                                       idataBANK2   00000
__Linit                                             init         00041
__Lintentry                                         intentry     00004
__Lmaintext                                         maintext     00000
__Lpowerup                                          powerup      00000
__Lram                                              ram          00000
__Lreset_vec                                        reset_vec    00000
__Lsfr0                                             sfr0         00000
__Lsfr1                                             sfr1         00000
__Lsfr10                                            sfr10        00000
__Lsfr11                                            sfr11        00000
__Lsfr12                                            sfr12        00000
__Lsfr13                                            sfr13        00000
[...]
__ptext93                                           text93       00857
__ptext94                                           text94       01EAE
__ptext95                                           text95       01E19
__ptext96                                           text96       01FDA
__ptext97                                           text97       01CD0
__ptext98                                           text98       01DC5
__ptext99                                           text99       01DB0
_dbuf                                               bssBANK4     00220
_distance                                           bssBANK3     001AC
_efgtoa                                             text75       00083
_efgtoa$3151                                        cstackBANK1  000AF
_eusartRxBuffer                                     bssBANK5     002A0
_eusartRxCount                                      bssBANK2     00168
_eusartRxHead                                       bssBANK2     0016A
_eusartRxLastError                                  bssBANK3     001B0
_eusartRxStatusBuffer                               (abs)        02370
_eusartRxTail                                       bssBANK2     00169
_flags                                              bssBANK2     00165
_floorf                                             text83       006A9
_fputc                                              text79       00800
_fputs                                              text78       01F90
_i2c1Status                                         bssBANK2     00147
_i2c1_eventTable                                    stringtext3  01860
_i2c_add                                            bssBANK2     00166
_labs                                               text82       01DDA
_main                                               maintext     015C2
_memcpy                                             text81       01022
_pad                                                text77       010A5
_prec                                               bssBANK2     00157
_putch                                              text80       01C1A
_read_prec_or_width                                 text73       01243
_shift_out_to_motors                                text1        01159
_sprintf                                            text69       01F2A
_strcpy                                             text76       01E78
_temperature                                        bssBANK3     001A8
_timer0ReloadVal                                    bssBANK2     0016B
_timer1ReloadVal                                    bssBANK2     0015D
_vfpfcnvrt                                          text71       01670
_vfprintf                                           text70       01F0A
_width                                              bssBANK2     00155
_xtoa                                               text72       0140B
btemp                                               (abs)        0007E
clear_ram0                                          clrtext      01D3B
efgtoa@c                                            cstackBANK1  000A4
efgtoa@d                                            cstackBANK1  000B4
efgtoa@e                                            cstackBANK1  000B9
efgtoa@f                                            cstackBANK1  000A0
efgtoa@fp                                           cstackBANK1  000B8
efgtoa@g                                            cstackBANK1  000CE
efgtoa@h                                            cstackBANK1  000C3
efgtoa@i                                            cstackBANK1  000C1
efgtoa@l                                            cstackBANK1  000C7
efgtoa@m                                            cstackBANK1  000B6
efgtoa@mode                                         cstackBANK1  000B2
efgtoa@n                                            cstackBANK1  000CC
efgtoa@ne                                           cstackBANK1  000A9
efgtoa@nmode                                        cstackBANK1  000B3
efgtoa@ou                                           cstackBANK1  000BD
efgtoa@p                                            cstackBANK1  000AB
efgtoa@pp                                           cstackBANK1  000B1
efgtoa@sign                                         cstackBANK1  000CB
efgtoa@t                                            cstackBANK1  000AD
efgtoa@u                                            cstackBANK1  000D2
efgtoa@w                                            cstackBANK1  000BB
end_of_initialization                               cinit        0007F
floorf@F521                                         bssBANK3     001A0
floorf@e                                            cstackBANK0  00068
floorf@m                                            cstackBANK0  00064
floorf@u                                            cstackBANK0  0006A
floorf@x                                            cstackBANK0  0005A
fputc@c                                             cstackCOMMON 00070
fputc@fp                                            cstackCOMMON 00072
fputs@c                                             cstackBANK0  00020
fputs@fp                                            cstackCOMMON 00078
fputs@i                                             cstackBANK0  00021
fputs@s                                             cstackBANK0  00023
int$flags                                           (abs)        0007E
intlevel0                                           functab      00000
intlevel1                                           functab      00000
intlevel2                                           functab      00000
intlevel3                                           functab      00000
intlevel4                                           functab      00000
intlevel5                                           functab      00000
labs@a                                              cstackCOMMON 00070
memcpy@d                                            cstackCOMMON 00076
memcpy@d1                                           cstackCOMMON 00075
memcpy@n                                            cstackCOMMON 00071
memcpy@s                                            cstackCOMMON 00077
memcpy@s1                                           cstackCOMMON 00070
memcpy@tmp                                          cstackCOMMON 00074
pad@buf                                             cstackCOMMON 0007B
pad@fp                                              cstackBANK0  00027
pad@i                                               cstackBANK0  00025
pad@p                                               cstackCOMMON 0007C
read_prec_or_width@ap                               cstackCOMMON 00076
read_prec_or_width@c                                cstackBANK0  00020
read_prec_or_width@fmt                              cstackBANK0  00023
read_prec_or_width@n                                cstackBANK0  00021
reset_vec                                           reset_vec    00000
shift_out_to_motors@byte                            cstackBANK3  001C1
shift_out_to_motors@i                               cstackBANK3  001C2
sprintf@ap                                          cstackBANK2  00121
sprintf@f                                           cstackBANK2  00122
sprintf@fmt                                         cstackBANK1  000E9
sprintf@s                                           cstackBANK2  00120
start                                               init         00041
start_initialization                                cinit        00043
strcpy@d                                            cstackCOMMON 00074
strcpy@dest                                         cstackCOMMON 00075
strcpy@src                                          cstackCOMMON 00070
vfpfcnvrt@ap                                        cstackBANK0  0006F
vfpfcnvrt@c                                         cstackBANK1  000DF
vfpfcnvrt@convarg                                   cstackBANK1  000DA
vfpfcnvrt@cp                                        cstackBANK1  000E0
vfpfcnvrt@fmt                                       cstackBANK0  0006E
vfpfcnvrt@fp                                        cstackBANK1  000DE
vfprintf@ap                                         cstackBANK1  000E4
vfprintf@cfmt                                       cstackBANK1  000E7
vfprintf@fmt                                        cstackBANK1  000E2
vfprintf@fp                                         cstackBANK1  000E6
wtemp0                                              (abs)        0007E
xtoa@c                                              cstackBANK0  00030
xtoa@d                                              cstackBANK0  00028
xtoa@fp                                             cstackBANK0  0002D
xtoa@i                                              cstackBANK0  00031
xtoa@p                                              cstackBANK0  0002E
xtoa@w                                              cstackBANK0  0002B


MODULE INFORMATION

Module		Function		Class		Link	Load	Size
C:\Program Files\Microchip\xc8\v2.46\pic\sources\c99\common\fltol.c
		___fltol       		CODE           	12A4	0000	112

C:\Program Files\Microchip\xc8\v2.46\pic\sources\c99\common\fltol.c estimated size: 112

C:\Program Files\Microchip\xc8\v2.46\pic\sources\c99\common\Umul8_16.c
		__Umul8_16     		CODE           	1F4A	0000	35

C:\Program Files\Microchip\xc8\v2.46\pic\sources\c99\common\Umul8_16.c estimated size: 35

C:\Program Files\Microchip\xc8\v2.46\pic\sources\c99\common\floorf.c
		_floorf        		CODE           	06A9	0000	235

C:\Program Files\Microchip\xc8\v2.46\pic\sources\c99\common\floorf.c estimated size: 235

C:\Program Files\Microchip\xc8\v2.46\pic\sources\c99\common\nf_fputc.c
		_fputc         		CODE           	0800	0000	87

C:\Program Files\Microchip\xc8\v2.46\pic\sources\c99\common\nf_fputc.c estimated size: 87

C:\Program Files\Microchip\xc8\v2.46\pic\sources\c99\common\xxtofl.c
		___xxtofl      		CODE           	1517	0000	171

C:\Program Files\Microchip\xc8\v2.46\pic\sources\c99\common\xxtofl.c estimated size: 171

mcc_generated_files/timer/src/tmr1.c
		_TMR1_Initialize		CODE           	1E93	0000	27
		_TMR1_Stop     		CODE           	1C36	0000	3
		_TMR1_Start    		CODE           	1C33	0000	3
		_TMR1_OverflowCallbackRegister		CODE           	1C89	0000	6
		_TMR1_DefaultOverflowCallback		CODE           	1C1D	0000	1

mcc_generated_files/timer/src/tmr1.c estimated size: 40

C:\Program Files\Microchip\xc8\v2.46\pic\sources\c99\common\flneg.c
		___flneg       		CODE           	1CF5	0000	11

C:\Program Files\Microchip\xc8\v2.46\pic\sources\c99\common\flneg.c estimated size: 11

mcc_generated_files/system/src/interrupt.c
		_INT_SetInterruptHandler		CODE           	1CD9	0000	9
		_INTERRUPT_Initialize		CODE           	1D2F	0000	12
		_INTERRUPT_InterruptManager		CODE           	0004	0000	61

mcc_generated_files/system/src/interrupt.c estimated size: 82

mcc_generated_files/pwm/src/ccp2.c
		_CCP2_LoadDutyValue		CODE           	1E45	0000	25
		_CCP2_Initialize		CODE           	07F5	0000	11

mcc_generated_files/pwm/src/ccp2.c estimated size: 36

C:\Program Files\Microchip\xc8\v2.46\pic\sources\c99\common\__fpclassifyf.c
		___fpclassifyf 		CODE           	138C	0000	127

C:\Program Files\Microchip\xc8\v2.46\pic\sources\c99\common\__fpclassifyf.c estimated size: 127

C:\Program Files\Microchip\xc8\v2.46\pic\sources\c99\common\sprcmul.c
		___flmul       		CODE           	0DC5	0000	571

C:\Program Files\Microchip\xc8\v2.46\pic\sources\c99\common\sprcmul.c estimated size: 571

C:\Program Files\Microchip\xc8\v2.46\pic\sources\c99\common\strcpy.c
		_strcpy        		CODE           	1E78	0000	27

C:\Program Files\Microchip\xc8\v2.46\pic\sources\c99\common\strcpy.c estimated size: 27

C:\Program Files\Microchip\xc8\v2.46\pic\sources\c99\common\sprcdiv.c
		___fldiv       		CODE           	0857	0000	426

C:\Program Files\Microchip\xc8\v2.46\pic\sources\c99\common\sprcdiv.c estimated size: 426

mcc_generated_files/adc/src/adc.c
		_ADC_Initialize		CODE           	1D00	0000	11
		_ADC_GetConversion		CODE           	1E5E	0000	26

mcc_generated_files/adc/src/adc.c estimated size: 37

C:\Program Files\Microchip\xc8\v2.46\pic\sources\c99\common\fleq.c
		___fleq        		CODE           	119F	0000	78

C:\Program Files\Microchip\xc8\v2.46\pic\sources\c99\common\fleq.c estimated size: 78

C:\Program Files\Microchip\xc8\v2.46\pic\sources\c99\common\doprnt.c
		_read_prec_or_width		CODE           	1243	0000	97
		_vfpfcnvrt     		CODE           	1670	0000	400
		_efgtoa        		CODE           	0083	0000	1574
		_pad           		CODE           	10A5	0000	48
		_vfprintf      		CODE           	1F0A	0000	32
		_xtoa          		CODE           	140B	0000	129

C:\Program Files\Microchip\xc8\v2.46\pic\sources\c99\common\doprnt.c estimated size: 2280

C:\Program Files\Microchip\xc8\v2.46\pic\sources\c99\common\nf_sprintf.c
		_sprintf       		CODE           	1F2A	0000	32

C:\Program Files\Microchip\xc8\v2.46\pic\sources\c99\common\nf_sprintf.c estimated size: 32

mcc_generated_files/system/src/pins.c
		_PIN_MANAGER_Initialize		CODE           	11ED	0000	86

mcc_generated_files/system/src/pins.c estimated size: 86

shared
		_Timer4        		STRCODE        	0000	0000	0
		_Timer2        		STRCODE        	0000	0000	0
		__initialization		CODE           	0043	0000	60
		_I2C1_Host     		STRCODE        	0000	0000	0
		_i2c1_eventTable		STRCODE        	1860	0000	18
		_UART1         		STRCODE        	0000	0000	0
		_Timer0        		STRCODE        	0000	0000	0
		_tmr1          		STRCODE        	0000	0000	0

shared estimated size: 78

I2C_LCD.c
		_LCD_Write_4Bit		CODE           	1DB0	0000	21
		_LCD_Write_Char		CODE           	1E19	0000	22
		_LCD_CMD       		CODE           	1DC5	0000	21
		_I2C_Master_Wait		CODE           	1D0B	0000	12
		_I2C_Master_Stop		CODE           	1C71	0000	6
		_LCD_Set_Cursor		CODE           	1FDA	0000	38
		_LCD_Clear     		CODE           	1CD0	0000	9
		_IO_Expander_Write		CODE           	1D75	0000	19
		_I2C_Master_Write		CODE           	1D65	0000	16
		_Backlight     		CODE           	1CB0	0000	8
		_I2C_Master_Start		CODE           	1C6B	0000	6
		_LCD_Write_String		CODE           	1EAE	0000	29

I2C_LCD.c estimated size: 207

C:\Program Files\Microchip\xc8\v2.46\pic\sources\c99\common\putch.c
		_putch         		CODE           	1C1A	0000	1

C:\Program Files\Microchip\xc8\v2.46\pic\sources\c99\common\putch.c estimated size: 1

C:\Program Files\Microchip\xc8\v2.46\pic\sources\c99\common\Umul16.c
		___wmul        		CODE           	1ECB	0000	31

C:\Program Files\Microchip\xc8\v2.46\pic\sources\c99\common\Umul16.c estimated size: 31

C:\Program Files\Microchip\xc8\v2.46\pic\sources\c99\common\nf_fputs.c
		_fputs         		CODE           	1F90	0000	37

C:\Program Files\Microchip\xc8\v2.46\pic\sources\c99\common\nf_fputs.c estimated size: 37

mcc_generated_files/timer/src/tmr4.c
		_TMR4_Initialize		CODE           	1E04	0000	21
		_TMR4_OverflowCallbackRegister		CODE           	1C95	0000	6
		_TMR4_DefaultOverflowCallback		CODE           	0002	0000	1

mcc_generated_files/timer/src/tmr4.c estimated size: 28

C:\Program Files\Microchip\xc8\v2.46\pic\sources\c99\common\sprcadd.c
		___flsub       		CODE           	1EEA	0000	32
		___fladd       		CODE           	0BB9	0000	524

C:\Program Files\Microchip\xc8\v2.46\pic\sources\c99\common\sprcadd.c estimated size: 556

C:\Program Files\Microchip\xc8\v2.46\pic\sources\c99\common\memcpy.c
		_memcpy        		CODE           	1022	0000	39

C:\Program Files\Microchip\xc8\v2.46\pic\sources\c99\common\memcpy.c estimated size: 39

mcc_generated_files/timer/src/tmr2.c
		_TMR2_Initialize		CODE           	1D9C	0000	20
		_TMR2_OverflowCallbackRegister		CODE           	1C8F	0000	6
		_TMR2_DefaultOverflowCallback		CODE           	1C1C	0000	1

mcc_generated_files/timer/src/tmr2.c estimated size: 27

mcc_generated_files/uart/src/eusart.c
		_EUSART_FramingErrorCallbackRegister		CODE           	1D47	0000	15
		_EUSART_OverrunErrorCallbackRegister		CODE           	1D56	0000	15
		_EUSART_DefaultOverrunErrorCallback		CODE           	1C39	0000	4
		_EUSART_Initialize		CODE           	1049	0000	45
		_EUSART_RxCompleteCallbackRegister		CODE           	1D17	0000	12
		_EUSART_DefaultFramingErrorCallback		CODE           	1C19	0000	1
		_EUSART_ReceiveISR		CODE           	1314	0000	120

mcc_generated_files/uart/src/eusart.c estimated size: 212

mcc_generated_files/system/src/clock.c
		_CLOCK_Initialize		CODE           	1CC8	0000	8

mcc_generated_files/system/src/clock.c estimated size: 8

C:\Program Files\Microchip\xc8\v2.46\pic\sources\c99\common\labs.c
		_labs          		CODE           	1DDA	0000	21

C:\Program Files\Microchip\xc8\v2.46\pic\sources\c99\common\labs.c estimated size: 21

mcc_generated_files/i2c_host/src/mssp.c
		_I2C1_EVENT_SEND_WR_ADDR		CODE           	1C9B	0000	7
		_I2C1_NackSend 		CODE           	1C4D	0000	4
		_I2C1_ErrorEventHandler		CODE           	1F6D	0000	35
		_I2C1_CallbackRegister		CODE           	1D23	0000	12
		_I2C1_EVENT_RESET		CODE           	1CA2	0000	7
		_I2C1_EVENT_ERROR		CODE           	1C7D	0000	6
		_I2C1_ErrorInterruptClear		CODE           	1C1E	0000	3
		_I2C1_StatusFlagsClear		CODE           	1C41	0000	4
		_I2C1_InterruptClear		CODE           	1C21	0000	3
		_I2C1_EVENT_RX 		CODE           	10D5	0000	65
		_I2C1_EVENT_TX 		CODE           	1076	0000	47
		_I2C1_ReceiveEnable		CODE           	1C2A	0000	3
		_I2C1_RestartEnable		CODE           	1C30	0000	3
		_I2C1_ISR      		CODE           	1C59	0000	4
		_I2C1_EventHandler		CODE           	1116	0000	67
		_I2C1_DataReceive		CODE           	1C27	0000	3
		_I2C1_IsData   		CODE           	1C66	0000	5
		_I2C1_IsNack   		CODE           	1C83	0000	6
		_I2C1_IsAddr   		CODE           	1CA9	0000	7
		_I2C1_EVENT_IDLE		CODE           	1C51	0000	4
		_I2C1_EVENT_NACK		CODE           	1C77	0000	6
		_I2C1_EVENT_SEND_RD_ADDR		CODE           	1CB8	0000	8
		_I2C1_EVENT_STOP		CODE           	1CC0	0000	8
		_I2C1_BusReset 		CODE           	1C3D	0000	4
		_I2C1_Initialize		CODE           	1D88	0000	20
		_I2C1_Close    		CODE           	1DEF	0000	21
		_I2C1_ERROR_ISR		CODE           	1C55	0000	4
		_I2C1_IsRxBufFull		CODE           	1C49	0000	4
		_I2C1_StopSend 		CODE           	1C24	0000	3
		_I2C1_RestartDisable		CODE           	1C2D	0000	3
		_I2C1_DataTransmit		CODE           	1C61	0000	5
		_I2C1_AckSend  		CODE           	1C45	0000	4
		_I2C1_DefaultCallback		CODE           	1C1B	0000	1

mcc_generated_files/i2c_host/src/mssp.c estimated size: 386

mcc_generated_files/timer/src/tmr0.c
		_Timer0_Initialize		CODE           	1E2F	0000	22
		_Timer0_OverflowCallbackRegister		CODE           	1CE2	0000	9
		_Timer0_OverflowISR		CODE           	1000	0000	34
		_Timer0_DefaultOverflowCallback		CODE           	1C5D	0000	4

mcc_generated_files/timer/src/tmr0.c estimated size: 69

mcc_generated_files/pwm/src/ccp1.c
		_CCP1_Initialize		CODE           	1CEB	0000	10

mcc_generated_files/pwm/src/ccp1.c estimated size: 10

main.c
		_main          		CODE           	15C2	0000	174
		_UART_Custom_ISR		CODE           	0794	0000	97
		_TMR0_Custom_ISR		CODE           	0A01	0000	440
		_shift_out_to_motors		CODE           	1159	0000	70

main.c estimated size: 781

mcc_generated_files/system/src/system.c
		_SYSTEM_Initialize		CODE           	1FB5	0000	37

mcc_generated_files/system/src/system.c estimated size: 37

C:\Program Files\Microchip\xc8\v2.46\pic\sources\c99\common\flge.c
		___flge        		CODE           	148C	0000	139

C:\Program Files\Microchip\xc8\v2.46\pic\sources\c99\common\flge.c estimated size: 139

